

================================================================
== Vitis HLS Report for 'poseidon_top_Pipeline_VITIS_LOOP_92_3'
================================================================
* Date:           Wed May  6 11:50:36 2026

* Version:        2023.2 (Build 4023990 on Oct 11 2023)
* Project:        poseidon_hls
* Solution:       solution1 (Vivado IP Flow Target)
* Product family: zynq
* Target device:  xc7z020-clg484-1


================================================================
== Performance Estimates
================================================================
+ Timing: 
    * Summary: 
    +--------+----------+----------+------------+
    |  Clock |  Target  | Estimated| Uncertainty|
    +--------+----------+----------+------------+
    |ap_clk  |  10.00 ns|  4.956 ns|     2.70 ns|
    +--------+----------+----------+------------+

+ Latency: 
    * Summary: 
    +---------+---------+----------+----------+-----+-----+---------+
    |  Latency (cycles) |  Latency (absolute) |  Interval | Pipeline|
    |   min   |   max   |    min   |    max   | min | max |   Type  |
    +---------+---------+----------+----------+-----+-----+---------+
    |       26|       26|  0.260 us|  0.260 us|   26|   26|       no|
    +---------+---------+----------+----------+-----+-----+---------+

    + Detail: 
        * Instance: 
        N/A

        * Loop: 
        +-------------------+---------+---------+----------+-----------+-----------+------+----------+
        |                   |  Latency (cycles) | Iteration|  Initiation Interval  | Trip |          |
        |     Loop Name     |   min   |   max   |  Latency |  achieved |   target  | Count| Pipelined|
        +-------------------+---------+---------+----------+-----------+-----------+------+----------+
        |- VITIS_LOOP_92_3  |       24|       24|         2|          1|          1|    24|       yes|
        +-------------------+---------+---------+----------+-----------+-----------+------+----------+

============================================================
+ Verbose Summary: Synthesis Manager
============================================================
InlineROM: 1
ExposeGlobal: 0
============================================================
+ Verbose Summary: CDFG Model
============================================================
IsTopModel: 0
ResetActiveHigh: 1
IsCombinational: 0
IsDatapathOnly: 0
HasWiredReturn: 1
HasMFsm: 2
HasVarLatency: 1
IsPipeline: 0
IsRtlPipelined: 0
IsInstanceOverlapped: 0
IsDontTouch: 0
HasImplIP: 0
IsGatedGlobalClock: 0

+ Individual pipeline summary: 
  * Pipeline-0: initiation interval (II) = 1, depth = 2


============================================================
+ Verbose Summary: Schedule
============================================================
* Number of FSM states : 2
* Pipeline : 1
  Pipeline-0 : II = 1, D = 2, States = { 1 2 }
* Dataflow Pipeline: 0

* FSM state transitions: 
1 --> 2 
2 --> 

* FSM state operations: 

State 1 <SV = 0> <Delay = 4.95>
ST_1 : Operation 5 [1/1] (0.00ns)   --->   "%i_1 = alloca i32 1" [poseidon.cpp:92]   --->   Operation 5 'alloca' 'i_1' <Predicate = true> <Delay = 0.00>
ST_1 : Operation 6 [1/1] (0.00ns)   --->   "%specinterface_ln0 = specinterface void @_ssdm_op_SpecInterface, i512 %out_stream, void @empty_6, i32 0, i32 0, void @empty, i32 0, i32 0, void @empty_3, void @empty_3, void @empty_3, i32 0, i32 0, i32 0, i32 0, void @empty_3, void @empty_3, i32 4294967295, i32 0"   --->   Operation 6 'specinterface' 'specinterface_ln0' <Predicate = true> <Delay = 0.00>
ST_1 : Operation 7 [1/1] (0.00ns)   --->   "%p_0_0_011_2388_read = read i256 @_ssdm_op_Read.ap_auto.i256, i256 %p_0_0_011_2388"   --->   Operation 7 'read' 'p_0_0_011_2388_read' <Predicate = true> <Delay = 0.00>
ST_1 : Operation 8 [1/1] (0.00ns)   --->   "%p_0_0_011_2286_read = read i256 @_ssdm_op_Read.ap_auto.i256, i256 %p_0_0_011_2286"   --->   Operation 8 'read' 'p_0_0_011_2286_read' <Predicate = true> <Delay = 0.00>
ST_1 : Operation 9 [1/1] (0.00ns)   --->   "%p_0_0_011_2184_read = read i256 @_ssdm_op_Read.ap_auto.i256, i256 %p_0_0_011_2184"   --->   Operation 9 'read' 'p_0_0_011_2184_read' <Predicate = true> <Delay = 0.00>
ST_1 : Operation 10 [1/1] (0.00ns)   --->   "%p_0_0_011_2082_read = read i256 @_ssdm_op_Read.ap_auto.i256, i256 %p_0_0_011_2082"   --->   Operation 10 'read' 'p_0_0_011_2082_read' <Predicate = true> <Delay = 0.00>
ST_1 : Operation 11 [1/1] (0.00ns)   --->   "%p_0_0_011_1980_read = read i256 @_ssdm_op_Read.ap_auto.i256, i256 %p_0_0_011_1980"   --->   Operation 11 'read' 'p_0_0_011_1980_read' <Predicate = true> <Delay = 0.00>
ST_1 : Operation 12 [1/1] (0.00ns)   --->   "%p_0_0_011_1878_read = read i256 @_ssdm_op_Read.ap_auto.i256, i256 %p_0_0_011_1878"   --->   Operation 12 'read' 'p_0_0_011_1878_read' <Predicate = true> <Delay = 0.00>
ST_1 : Operation 13 [1/1] (0.00ns)   --->   "%p_0_0_011_1776_read = read i256 @_ssdm_op_Read.ap_auto.i256, i256 %p_0_0_011_1776"   --->   Operation 13 'read' 'p_0_0_011_1776_read' <Predicate = true> <Delay = 0.00>
ST_1 : Operation 14 [1/1] (0.00ns)   --->   "%p_0_0_011_1674_read = read i256 @_ssdm_op_Read.ap_auto.i256, i256 %p_0_0_011_1674"   --->   Operation 14 'read' 'p_0_0_011_1674_read' <Predicate = true> <Delay = 0.00>
ST_1 : Operation 15 [1/1] (0.00ns)   --->   "%p_0_0_011_1572_read = read i256 @_ssdm_op_Read.ap_auto.i256, i256 %p_0_0_011_1572"   --->   Operation 15 'read' 'p_0_0_011_1572_read' <Predicate = true> <Delay = 0.00>
ST_1 : Operation 16 [1/1] (0.00ns)   --->   "%p_0_0_011_1470_read = read i256 @_ssdm_op_Read.ap_auto.i256, i256 %p_0_0_011_1470"   --->   Operation 16 'read' 'p_0_0_011_1470_read' <Predicate = true> <Delay = 0.00>
ST_1 : Operation 17 [1/1] (0.00ns)   --->   "%p_0_0_011_1368_read = read i256 @_ssdm_op_Read.ap_auto.i256, i256 %p_0_0_011_1368"   --->   Operation 17 'read' 'p_0_0_011_1368_read' <Predicate = true> <Delay = 0.00>
ST_1 : Operation 18 [1/1] (0.00ns)   --->   "%p_0_0_011_1266_read = read i256 @_ssdm_op_Read.ap_auto.i256, i256 %p_0_0_011_1266"   --->   Operation 18 'read' 'p_0_0_011_1266_read' <Predicate = true> <Delay = 0.00>
ST_1 : Operation 19 [1/1] (0.00ns)   --->   "%p_0_0_011_1164_read = read i256 @_ssdm_op_Read.ap_auto.i256, i256 %p_0_0_011_1164"   --->   Operation 19 'read' 'p_0_0_011_1164_read' <Predicate = true> <Delay = 0.00>
ST_1 : Operation 20 [1/1] (0.00ns)   --->   "%p_0_0_011_1062_read = read i256 @_ssdm_op_Read.ap_auto.i256, i256 %p_0_0_011_1062"   --->   Operation 20 'read' 'p_0_0_011_1062_read' <Predicate = true> <Delay = 0.00>
ST_1 : Operation 21 [1/1] (0.00ns)   --->   "%p_0_0_011_960_read = read i256 @_ssdm_op_Read.ap_auto.i256, i256 %p_0_0_011_960"   --->   Operation 21 'read' 'p_0_0_011_960_read' <Predicate = true> <Delay = 0.00>
ST_1 : Operation 22 [1/1] (0.00ns)   --->   "%p_0_0_011_858_read = read i256 @_ssdm_op_Read.ap_auto.i256, i256 %p_0_0_011_858"   --->   Operation 22 'read' 'p_0_0_011_858_read' <Predicate = true> <Delay = 0.00>
ST_1 : Operation 23 [1/1] (0.00ns)   --->   "%p_0_0_011_756_read = read i256 @_ssdm_op_Read.ap_auto.i256, i256 %p_0_0_011_756"   --->   Operation 23 'read' 'p_0_0_011_756_read' <Predicate = true> <Delay = 0.00>
ST_1 : Operation 24 [1/1] (0.00ns)   --->   "%p_0_0_011_654_read = read i256 @_ssdm_op_Read.ap_auto.i256, i256 %p_0_0_011_654"   --->   Operation 24 'read' 'p_0_0_011_654_read' <Predicate = true> <Delay = 0.00>
ST_1 : Operation 25 [1/1] (0.00ns)   --->   "%p_0_0_011_552_read = read i256 @_ssdm_op_Read.ap_auto.i256, i256 %p_0_0_011_552"   --->   Operation 25 'read' 'p_0_0_011_552_read' <Predicate = true> <Delay = 0.00>
ST_1 : Operation 26 [1/1] (0.00ns)   --->   "%p_0_0_011_450_read = read i256 @_ssdm_op_Read.ap_auto.i256, i256 %p_0_0_011_450"   --->   Operation 26 'read' 'p_0_0_011_450_read' <Predicate = true> <Delay = 0.00>
ST_1 : Operation 27 [1/1] (0.00ns)   --->   "%p_0_0_011_348_read = read i256 @_ssdm_op_Read.ap_auto.i256, i256 %p_0_0_011_348"   --->   Operation 27 'read' 'p_0_0_011_348_read' <Predicate = true> <Delay = 0.00>
ST_1 : Operation 28 [1/1] (0.00ns)   --->   "%p_0_0_011_246_read = read i256 @_ssdm_op_Read.ap_auto.i256, i256 %p_0_0_011_246"   --->   Operation 28 'read' 'p_0_0_011_246_read' <Predicate = true> <Delay = 0.00>
ST_1 : Operation 29 [1/1] (0.00ns)   --->   "%p_0_0_011_144_read = read i256 @_ssdm_op_Read.ap_auto.i256, i256 %p_0_0_011_144"   --->   Operation 29 'read' 'p_0_0_011_144_read' <Predicate = true> <Delay = 0.00>
ST_1 : Operation 30 [1/1] (0.00ns)   --->   "%p_0_0_01942_read = read i256 @_ssdm_op_Read.ap_auto.i256, i256 %p_0_0_01942"   --->   Operation 30 'read' 'p_0_0_01942_read' <Predicate = true> <Delay = 0.00>
ST_1 : Operation 31 [1/1] (1.58ns)   --->   "%store_ln92 = store i5 0, i5 %i_1" [poseidon.cpp:92]   --->   Operation 31 'store' 'store_ln92' <Predicate = true> <Delay = 1.58>
ST_1 : Operation 32 [1/1] (0.00ns)   --->   "%br_ln0 = br void %for.inc100"   --->   Operation 32 'br' 'br_ln0' <Predicate = true> <Delay = 0.00>
ST_1 : Operation 33 [1/1] (0.00ns)   --->   "%i = load i5 %i_1" [poseidon.cpp:92]   --->   Operation 33 'load' 'i' <Predicate = true> <Delay = 0.00>
ST_1 : Operation 34 [1/1] (1.78ns)   --->   "%icmp_ln92 = icmp_eq  i5 %i, i5 24" [poseidon.cpp:92]   --->   Operation 34 'icmp' 'icmp_ln92' <Predicate = true> <Delay = 1.78> <CoreInst = "Cmp">   --->   Core 9 'Cmp' <Latency = 0> <II = 1> <Delay = 1.78> <FuncUnit> <Opcode : 'icmp'> <InPorts = 2> <OutPorts = 1>
ST_1 : Operation 35 [1/1] (1.78ns)   --->   "%add_ln92 = add i5 %i, i5 1" [poseidon.cpp:92]   --->   Operation 35 'add' 'add_ln92' <Predicate = true> <Delay = 1.78> <CoreInst = "Adder">   --->   Core 1 'Adder' <Latency = 0> <II = 1> <Delay = 1.78> <FuncUnit> <Opcode : 'add' 'sub'> <InPorts = 2> <OutPorts = 1>
ST_1 : Operation 36 [1/1] (0.00ns)   --->   "%br_ln92 = br i1 %icmp_ln92, void %for.inc100.split, void %for.end102.exitStub" [poseidon.cpp:92]   --->   Operation 36 'br' 'br_ln92' <Predicate = true> <Delay = 0.00>
ST_1 : Operation 37 [1/1] (3.20ns)   --->   "%out_val_data = sparsemux i256 @_ssdm_op_SparseMux.ap_auto.24i256.i256.i5, i5 0, i256 %p_0_0_01942_read, i5 1, i256 %p_0_0_011_144_read, i5 2, i256 %p_0_0_011_246_read, i5 3, i256 %p_0_0_011_348_read, i5 4, i256 %p_0_0_011_450_read, i5 5, i256 %p_0_0_011_552_read, i5 6, i256 %p_0_0_011_654_read, i5 7, i256 %p_0_0_011_756_read, i5 8, i256 %p_0_0_011_858_read, i5 9, i256 %p_0_0_011_960_read, i5 10, i256 %p_0_0_011_1062_read, i5 11, i256 %p_0_0_011_1164_read, i5 12, i256 %p_0_0_011_1266_read, i5 13, i256 %p_0_0_011_1368_read, i5 14, i256 %p_0_0_011_1470_read, i5 15, i256 %p_0_0_011_1572_read, i5 16, i256 %p_0_0_011_1674_read, i5 17, i256 %p_0_0_011_1776_read, i5 18, i256 %p_0_0_011_1878_read, i5 19, i256 %p_0_0_011_1980_read, i5 20, i256 %p_0_0_011_2082_read, i5 21, i256 %p_0_0_011_2184_read, i5 22, i256 %p_0_0_011_2286_read, i5 23, i256 %p_0_0_011_2388_read, i256 0, i5 %i" [poseidon.cpp:95]   --->   Operation 37 'sparsemux' 'out_val_data' <Predicate = (!icmp_ln92)> <Delay = 3.20> <CoreInst = "SparseMux">   --->   Core 135 'SparseMux' <Latency = 0> <II = 1> <Delay = 3.20> <FuncUnit> <Opcode : 'sparsemux'> <InPorts = 2> <OutPorts = 1>
ST_1 : Operation 38 [1/1] (1.78ns)   --->   "%out_val_last = icmp_eq  i5 %i, i5 23" [poseidon.cpp:96]   --->   Operation 38 'icmp' 'out_val_last' <Predicate = (!icmp_ln92)> <Delay = 1.78> <CoreInst = "Cmp">   --->   Core 9 'Cmp' <Latency = 0> <II = 1> <Delay = 1.78> <FuncUnit> <Opcode : 'icmp'> <InPorts = 2> <OutPorts = 1>
ST_1 : Operation 39 [1/1] (1.58ns)   --->   "%store_ln92 = store i5 %add_ln92, i5 %i_1" [poseidon.cpp:92]   --->   Operation 39 'store' 'store_ln92' <Predicate = (!icmp_ln92)> <Delay = 1.58>
ST_1 : Operation 48 [1/1] (0.00ns)   --->   "%ret_ln0 = ret"   --->   Operation 48 'ret' 'ret_ln0' <Predicate = (icmp_ln92)> <Delay = 0.00>

State 2 <SV = 1> <Delay = 1.00>
ST_2 : Operation 40 [1/1] (0.00ns)   --->   "%specpipeline_ln93 = specpipeline void @_ssdm_op_SpecPipeline, i32 1, i32 0, i32 0, i32 0, void @empty_3" [poseidon.cpp:93]   --->   Operation 40 'specpipeline' 'specpipeline_ln93' <Predicate = true> <Delay = 0.00>
ST_2 : Operation 41 [1/1] (0.00ns)   --->   "%speclooptripcount_ln92 = speclooptripcount void @_ssdm_op_SpecLoopTripCount, i64 24, i64 24, i64 24" [poseidon.cpp:92]   --->   Operation 41 'speclooptripcount' 'speclooptripcount_ln92' <Predicate = true> <Delay = 0.00>
ST_2 : Operation 42 [1/1] (0.00ns)   --->   "%specloopname_ln92 = specloopname void @_ssdm_op_SpecLoopName, void @empty_7" [poseidon.cpp:92]   --->   Operation 42 'specloopname' 'specloopname_ln92' <Predicate = true> <Delay = 0.00>
ST_2 : Operation 43 [1/1] (0.00ns)   --->   "%or_ln = bitconcatenate i289 @_ssdm_op_BitConcatenate.i289.i32.i1.i256, i32 2147483648, i1 %out_val_last, i256 %out_val_data" [poseidon.cpp:98]   --->   Operation 43 'bitconcatenate' 'or_ln' <Predicate = true> <Delay = 0.00>
ST_2 : Operation 44 [1/1] (0.00ns)   --->   "%sext_ln98 = sext i289 %or_ln" [poseidon.cpp:98]   --->   Operation 44 'sext' 'sext_ln98' <Predicate = true> <Delay = 0.00>
ST_2 : Operation 45 [1/1] (0.00ns)   --->   "%zext_ln98 = zext i320 %sext_ln98" [poseidon.cpp:98]   --->   Operation 45 'zext' 'zext_ln98' <Predicate = true> <Delay = 0.00>
ST_2 : Operation 46 [1/1] (1.00ns)   --->   "%write_ln98 = write void @_ssdm_op_Write.axis.volatile.i512P128A, i512 %out_stream, i512 %zext_ln98" [poseidon.cpp:98]   --->   Operation 46 'write' 'write_ln98' <Predicate = true> <Delay = 1.00> <CoreInst = "axis">   --->   Core 115 'axis' <Latency = 0> <II = 1> <Delay = 1.00> <Adapter> <Opcode : >
ST_2 : Operation 47 [1/1] (0.00ns)   --->   "%br_ln92 = br void %for.inc100" [poseidon.cpp:92]   --->   Operation 47 'br' 'br_ln92' <Predicate = true> <Delay = 0.00>


============================================================
+ Verbose Summary: Binding
============================================================
STG Binding: 
---------------- STG Properties BEGIN ----------------
- Is combinational: 0
- Is one-state seq: 0
- Is datapath-only: 0
- Is pipelined: 0
- Is top level: 0
Port [ Return ] is wired: 1; IO mode=ap_ctrl_hs:ce=0
Port [ p_0_0_01942]:  wired=1; compound=0; hidden=0; nouse=0; global=0; static=0; extern=0; dir=0; type=0; pingpong=0; private_global=0; IO mode=ap_none:ce=0
Port [ p_0_0_011_144]:  wired=1; compound=0; hidden=0; nouse=0; global=0; static=0; extern=0; dir=0; type=0; pingpong=0; private_global=0; IO mode=ap_none:ce=0
Port [ p_0_0_011_246]:  wired=1; compound=0; hidden=0; nouse=0; global=0; static=0; extern=0; dir=0; type=0; pingpong=0; private_global=0; IO mode=ap_none:ce=0
Port [ p_0_0_011_348]:  wired=1; compound=0; hidden=0; nouse=0; global=0; static=0; extern=0; dir=0; type=0; pingpong=0; private_global=0; IO mode=ap_none:ce=0
Port [ p_0_0_011_450]:  wired=1; compound=0; hidden=0; nouse=0; global=0; static=0; extern=0; dir=0; type=0; pingpong=0; private_global=0; IO mode=ap_none:ce=0
Port [ p_0_0_011_552]:  wired=1; compound=0; hidden=0; nouse=0; global=0; static=0; extern=0; dir=0; type=0; pingpong=0; private_global=0; IO mode=ap_none:ce=0
Port [ p_0_0_011_654]:  wired=1; compound=0; hidden=0; nouse=0; global=0; static=0; extern=0; dir=0; type=0; pingpong=0; private_global=0; IO mode=ap_none:ce=0
Port [ p_0_0_011_756]:  wired=1; compound=0; hidden=0; nouse=0; global=0; static=0; extern=0; dir=0; type=0; pingpong=0; private_global=0; IO mode=ap_none:ce=0
Port [ p_0_0_011_858]:  wired=1; compound=0; hidden=0; nouse=0; global=0; static=0; extern=0; dir=0; type=0; pingpong=0; private_global=0; IO mode=ap_none:ce=0
Port [ p_0_0_011_960]:  wired=1; compound=0; hidden=0; nouse=0; global=0; static=0; extern=0; dir=0; type=0; pingpong=0; private_global=0; IO mode=ap_none:ce=0
Port [ p_0_0_011_1062]:  wired=1; compound=0; hidden=0; nouse=0; global=0; static=0; extern=0; dir=0; type=0; pingpong=0; private_global=0; IO mode=ap_none:ce=0
Port [ p_0_0_011_1164]:  wired=1; compound=0; hidden=0; nouse=0; global=0; static=0; extern=0; dir=0; type=0; pingpong=0; private_global=0; IO mode=ap_none:ce=0
Port [ p_0_0_011_1266]:  wired=1; compound=0; hidden=0; nouse=0; global=0; static=0; extern=0; dir=0; type=0; pingpong=0; private_global=0; IO mode=ap_none:ce=0
Port [ p_0_0_011_1368]:  wired=1; compound=0; hidden=0; nouse=0; global=0; static=0; extern=0; dir=0; type=0; pingpong=0; private_global=0; IO mode=ap_none:ce=0
Port [ p_0_0_011_1470]:  wired=1; compound=0; hidden=0; nouse=0; global=0; static=0; extern=0; dir=0; type=0; pingpong=0; private_global=0; IO mode=ap_none:ce=0
Port [ p_0_0_011_1572]:  wired=1; compound=0; hidden=0; nouse=0; global=0; static=0; extern=0; dir=0; type=0; pingpong=0; private_global=0; IO mode=ap_none:ce=0
Port [ p_0_0_011_1674]:  wired=1; compound=0; hidden=0; nouse=0; global=0; static=0; extern=0; dir=0; type=0; pingpong=0; private_global=0; IO mode=ap_none:ce=0
Port [ p_0_0_011_1776]:  wired=1; compound=0; hidden=0; nouse=0; global=0; static=0; extern=0; dir=0; type=0; pingpong=0; private_global=0; IO mode=ap_none:ce=0
Port [ p_0_0_011_1878]:  wired=1; compound=0; hidden=0; nouse=0; global=0; static=0; extern=0; dir=0; type=0; pingpong=0; private_global=0; IO mode=ap_none:ce=0
Port [ p_0_0_011_1980]:  wired=1; compound=0; hidden=0; nouse=0; global=0; static=0; extern=0; dir=0; type=0; pingpong=0; private_global=0; IO mode=ap_none:ce=0
Port [ p_0_0_011_2082]:  wired=1; compound=0; hidden=0; nouse=0; global=0; static=0; extern=0; dir=0; type=0; pingpong=0; private_global=0; IO mode=ap_none:ce=0
Port [ p_0_0_011_2184]:  wired=1; compound=0; hidden=0; nouse=0; global=0; static=0; extern=0; dir=0; type=0; pingpong=0; private_global=0; IO mode=ap_none:ce=0
Port [ p_0_0_011_2286]:  wired=1; compound=0; hidden=0; nouse=0; global=0; static=0; extern=0; dir=0; type=0; pingpong=0; private_global=0; IO mode=ap_none:ce=0
Port [ p_0_0_011_2388]:  wired=1; compound=0; hidden=0; nouse=0; global=0; static=0; extern=0; dir=0; type=0; pingpong=0; private_global=0; IO mode=ap_none:ce=0
Port [ out_stream]:  wired=1; compound=1; hidden=0; nouse=0; global=0; static=0; extern=0; dir=1; type=0; pingpong=0; private_global=0; IO mode=axis:ce=0
---------------- STG Properties END ------------------

---------------- Datapath Model BEGIN ----------------

<LifeTime>
<method=bitvector/>
i_1                    (alloca           ) [ 010]
specinterface_ln0      (specinterface    ) [ 000]
p_0_0_011_2388_read    (read             ) [ 000]
p_0_0_011_2286_read    (read             ) [ 000]
p_0_0_011_2184_read    (read             ) [ 000]
p_0_0_011_2082_read    (read             ) [ 000]
p_0_0_011_1980_read    (read             ) [ 000]
p_0_0_011_1878_read    (read             ) [ 000]
p_0_0_011_1776_read    (read             ) [ 000]
p_0_0_011_1674_read    (read             ) [ 000]
p_0_0_011_1572_read    (read             ) [ 000]
p_0_0_011_1470_read    (read             ) [ 000]
p_0_0_011_1368_read    (read             ) [ 000]
p_0_0_011_1266_read    (read             ) [ 000]
p_0_0_011_1164_read    (read             ) [ 000]
p_0_0_011_1062_read    (read             ) [ 000]
p_0_0_011_960_read     (read             ) [ 000]
p_0_0_011_858_read     (read             ) [ 000]
p_0_0_011_756_read     (read             ) [ 000]
p_0_0_011_654_read     (read             ) [ 000]
p_0_0_011_552_read     (read             ) [ 000]
p_0_0_011_450_read     (read             ) [ 000]
p_0_0_011_348_read     (read             ) [ 000]
p_0_0_011_246_read     (read             ) [ 000]
p_0_0_011_144_read     (read             ) [ 000]
p_0_0_01942_read       (read             ) [ 000]
store_ln92             (store            ) [ 000]
br_ln0                 (br               ) [ 000]
i                      (load             ) [ 000]
icmp_ln92              (icmp             ) [ 010]
add_ln92               (add              ) [ 000]
br_ln92                (br               ) [ 000]
out_val_data           (sparsemux        ) [ 011]
out_val_last           (icmp             ) [ 011]
store_ln92             (store            ) [ 000]
specpipeline_ln93      (specpipeline     ) [ 000]
speclooptripcount_ln92 (speclooptripcount) [ 000]
specloopname_ln92      (specloopname     ) [ 000]
or_ln                  (bitconcatenate   ) [ 000]
sext_ln98              (sext             ) [ 000]
zext_ln98              (zext             ) [ 000]
write_ln98             (write            ) [ 000]
br_ln92                (br               ) [ 000]
ret_ln0                (ret              ) [ 000]
</LifeTime>

<model>

<comp_list>
<comp id="0" class="1000" name="p_0_0_01942">
<pin_list>
<pin id="1" dir="1" index="0" bw="1" slack="0"/>
</pin_list>
<bind>
<StgValue><ssdm name="p_0_0_01942"/></StgValue>
</bind>
</comp>

<comp id="2" class="1000" name="p_0_0_011_144">
<pin_list>
<pin id="3" dir="1" index="0" bw="1" slack="0"/>
</pin_list>
<bind>
<StgValue><ssdm name="p_0_0_011_144"/></StgValue>
</bind>
</comp>

<comp id="4" class="1000" name="p_0_0_011_246">
<pin_list>
<pin id="5" dir="1" index="0" bw="1" slack="0"/>
</pin_list>
<bind>
<StgValue><ssdm name="p_0_0_011_246"/></StgValue>
</bind>
</comp>

<comp id="6" class="1000" name="p_0_0_011_348">
<pin_list>
<pin id="7" dir="1" index="0" bw="1" slack="0"/>
</pin_list>
<bind>
<StgValue><ssdm name="p_0_0_011_348"/></StgValue>
</bind>
</comp>

<comp id="8" class="1000" name="p_0_0_011_450">
<pin_list>
<pin id="9" dir="1" index="0" bw="1" slack="0"/>
</pin_list>
<bind>
<StgValue><ssdm name="p_0_0_011_450"/></StgValue>
</bind>
</comp>

<comp id="10" class="1000" name="p_0_0_011_552">
<pin_list>
<pin id="11" dir="1" index="0" bw="1" slack="0"/>
</pin_list>
<bind>
<StgValue><ssdm name="p_0_0_011_552"/></StgValue>
</bind>
</comp>

<comp id="12" class="1000" name="p_0_0_011_654">
<pin_list>
<pin id="13" dir="1" index="0" bw="1" slack="0"/>
</pin_list>
<bind>
<StgValue><ssdm name="p_0_0_011_654"/></StgValue>
</bind>
</comp>

<comp id="14" class="1000" name="p_0_0_011_756">
<pin_list>
<pin id="15" dir="1" index="0" bw="1" slack="0"/>
</pin_list>
<bind>
<StgValue><ssdm name="p_0_0_011_756"/></StgValue>
</bind>
</comp>

<comp id="16" class="1000" name="p_0_0_011_858">
<pin_list>
<pin id="17" dir="1" index="0" bw="1" slack="0"/>
</pin_list>
<bind>
<StgValue><ssdm name="p_0_0_011_858"/></StgValue>
</bind>
</comp>

<comp id="18" class="1000" name="p_0_0_011_960">
<pin_list>
<pin id="19" dir="1" index="0" bw="1" slack="0"/>
</pin_list>
<bind>
<StgValue><ssdm name="p_0_0_011_960"/></StgValue>
</bind>
</comp>

<comp id="20" class="1000" name="p_0_0_011_1062">
<pin_list>
<pin id="21" dir="1" index="0" bw="1" slack="0"/>
</pin_list>
<bind>
<StgValue><ssdm name="p_0_0_011_1062"/></StgValue>
</bind>
</comp>

<comp id="22" class="1000" name="p_0_0_011_1164">
<pin_list>
<pin id="23" dir="1" index="0" bw="1" slack="0"/>
</pin_list>
<bind>
<StgValue><ssdm name="p_0_0_011_1164"/></StgValue>
</bind>
</comp>

<comp id="24" class="1000" name="p_0_0_011_1266">
<pin_list>
<pin id="25" dir="1" index="0" bw="1" slack="0"/>
</pin_list>
<bind>
<StgValue><ssdm name="p_0_0_011_1266"/></StgValue>
</bind>
</comp>

<comp id="26" class="1000" name="p_0_0_011_1368">
<pin_list>
<pin id="27" dir="1" index="0" bw="1" slack="0"/>
</pin_list>
<bind>
<StgValue><ssdm name="p_0_0_011_1368"/></StgValue>
</bind>
</comp>

<comp id="28" class="1000" name="p_0_0_011_1470">
<pin_list>
<pin id="29" dir="1" index="0" bw="1" slack="0"/>
</pin_list>
<bind>
<StgValue><ssdm name="p_0_0_011_1470"/></StgValue>
</bind>
</comp>

<comp id="30" class="1000" name="p_0_0_011_1572">
<pin_list>
<pin id="31" dir="1" index="0" bw="1" slack="0"/>
</pin_list>
<bind>
<StgValue><ssdm name="p_0_0_011_1572"/></StgValue>
</bind>
</comp>

<comp id="32" class="1000" name="p_0_0_011_1674">
<pin_list>
<pin id="33" dir="1" index="0" bw="1" slack="0"/>
</pin_list>
<bind>
<StgValue><ssdm name="p_0_0_011_1674"/></StgValue>
</bind>
</comp>

<comp id="34" class="1000" name="p_0_0_011_1776">
<pin_list>
<pin id="35" dir="1" index="0" bw="1" slack="0"/>
</pin_list>
<bind>
<StgValue><ssdm name="p_0_0_011_1776"/></StgValue>
</bind>
</comp>

<comp id="36" class="1000" name="p_0_0_011_1878">
<pin_list>
<pin id="37" dir="1" index="0" bw="1" slack="0"/>
</pin_list>
<bind>
<StgValue><ssdm name="p_0_0_011_1878"/></StgValue>
</bind>
</comp>

<comp id="38" class="1000" name="p_0_0_011_1980">
<pin_list>
<pin id="39" dir="1" index="0" bw="1" slack="0"/>
</pin_list>
<bind>
<StgValue><ssdm name="p_0_0_011_1980"/></StgValue>
</bind>
</comp>

<comp id="40" class="1000" name="p_0_0_011_2082">
<pin_list>
<pin id="41" dir="1" index="0" bw="1" slack="0"/>
</pin_list>
<bind>
<StgValue><ssdm name="p_0_0_011_2082"/></StgValue>
</bind>
</comp>

<comp id="42" class="1000" name="p_0_0_011_2184">
<pin_list>
<pin id="43" dir="1" index="0" bw="1" slack="0"/>
</pin_list>
<bind>
<StgValue><ssdm name="p_0_0_011_2184"/></StgValue>
</bind>
</comp>

<comp id="44" class="1000" name="p_0_0_011_2286">
<pin_list>
<pin id="45" dir="1" index="0" bw="1" slack="0"/>
</pin_list>
<bind>
<StgValue><ssdm name="p_0_0_011_2286"/></StgValue>
</bind>
</comp>

<comp id="46" class="1000" name="p_0_0_011_2388">
<pin_list>
<pin id="47" dir="1" index="0" bw="1" slack="0"/>
</pin_list>
<bind>
<StgValue><ssdm name="p_0_0_011_2388"/></StgValue>
</bind>
</comp>

<comp id="48" class="1000" name="out_stream">
<pin_list>
<pin id="49" dir="1" index="0" bw="1" slack="0"/>
</pin_list>
<bind>
<StgValue><ssdm name="out_stream"/></StgValue>
</bind>
</comp>

<comp id="50" class="1001" name="const_50">
<pin_list>
<pin id="51" dir="1" index="0" bw="1" slack="0"/>
</pin_list>
<bind>
<StgValue><ssdm name=""/></StgValue>
</bind>
</comp>

<comp id="52" class="1001" name="const_52">
<pin_list>
<pin id="53" dir="1" index="0" bw="1" slack="2147483647"/>
</pin_list>
<bind>
<StgValue><ssdm name="_ssdm_op_SpecInterface"/></StgValue>
</bind>
</comp>

<comp id="54" class="1001" name="const_54">
<pin_list>
<pin id="55" dir="1" index="0" bw="1" slack="2147483647"/>
</pin_list>
<bind>
<StgValue><ssdm name="empty_6"/></StgValue>
</bind>
</comp>

<comp id="56" class="1001" name="const_56">
<pin_list>
<pin id="57" dir="1" index="0" bw="1" slack="2147483647"/>
</pin_list>
<bind>
<StgValue><ssdm name=""/></StgValue>
</bind>
</comp>

<comp id="58" class="1001" name="const_58">
<pin_list>
<pin id="59" dir="1" index="0" bw="1" slack="2147483647"/>
</pin_list>
<bind>
<StgValue><ssdm name="empty"/></StgValue>
</bind>
</comp>

<comp id="60" class="1001" name="const_60">
<pin_list>
<pin id="61" dir="1" index="0" bw="1" slack="2147483647"/>
</pin_list>
<bind>
<StgValue><ssdm name="empty_3"/></StgValue>
</bind>
</comp>

<comp id="62" class="1001" name="const_62">
<pin_list>
<pin id="63" dir="1" index="0" bw="1" slack="2147483647"/>
</pin_list>
<bind>
<StgValue><ssdm name=""/></StgValue>
</bind>
</comp>

<comp id="64" class="1001" name="const_64">
<pin_list>
<pin id="65" dir="1" index="0" bw="1" slack="0"/>
</pin_list>
<bind>
<StgValue><ssdm name="_ssdm_op_Read.ap_auto.i256"/></StgValue>
</bind>
</comp>

<comp id="66" class="1001" name="const_66">
<pin_list>
<pin id="67" dir="1" index="0" bw="1" slack="0"/>
</pin_list>
<bind>
<StgValue><ssdm name=""/></StgValue>
</bind>
</comp>

<comp id="68" class="1001" name="const_68">
<pin_list>
<pin id="69" dir="1" index="0" bw="1" slack="0"/>
</pin_list>
<bind>
<StgValue><ssdm name=""/></StgValue>
</bind>
</comp>

<comp id="70" class="1001" name="const_70">
<pin_list>
<pin id="71" dir="1" index="0" bw="1" slack="0"/>
</pin_list>
<bind>
<StgValue><ssdm name=""/></StgValue>
</bind>
</comp>

<comp id="72" class="1001" name="const_72">
<pin_list>
<pin id="73" dir="1" index="0" bw="1" slack="0"/>
</pin_list>
<bind>
<StgValue><ssdm name="_ssdm_op_SparseMux.ap_auto.24i256.i256.i5"/></StgValue>
</bind>
</comp>

<comp id="74" class="1001" name="const_74">
<pin_list>
<pin id="75" dir="1" index="0" bw="1" slack="0"/>
</pin_list>
<bind>
<StgValue><ssdm name=""/></StgValue>
</bind>
</comp>

<comp id="76" class="1001" name="const_76">
<pin_list>
<pin id="77" dir="1" index="0" bw="1" slack="0"/>
</pin_list>
<bind>
<StgValue><ssdm name=""/></StgValue>
</bind>
</comp>

<comp id="78" class="1001" name="const_78">
<pin_list>
<pin id="79" dir="1" index="0" bw="1" slack="0"/>
</pin_list>
<bind>
<StgValue><ssdm name=""/></StgValue>
</bind>
</comp>

<comp id="80" class="1001" name="const_80">
<pin_list>
<pin id="81" dir="1" index="0" bw="1" slack="0"/>
</pin_list>
<bind>
<StgValue><ssdm name=""/></StgValue>
</bind>
</comp>

<comp id="82" class="1001" name="const_82">
<pin_list>
<pin id="83" dir="1" index="0" bw="1" slack="0"/>
</pin_list>
<bind>
<StgValue><ssdm name=""/></StgValue>
</bind>
</comp>

<comp id="84" class="1001" name="const_84">
<pin_list>
<pin id="85" dir="1" index="0" bw="1" slack="0"/>
</pin_list>
<bind>
<StgValue><ssdm name=""/></StgValue>
</bind>
</comp>

<comp id="86" class="1001" name="const_86">
<pin_list>
<pin id="87" dir="1" index="0" bw="1" slack="0"/>
</pin_list>
<bind>
<StgValue><ssdm name=""/></StgValue>
</bind>
</comp>

<comp id="88" class="1001" name="const_88">
<pin_list>
<pin id="89" dir="1" index="0" bw="1" slack="0"/>
</pin_list>
<bind>
<StgValue><ssdm name=""/></StgValue>
</bind>
</comp>

<comp id="90" class="1001" name="const_90">
<pin_list>
<pin id="91" dir="1" index="0" bw="1" slack="0"/>
</pin_list>
<bind>
<StgValue><ssdm name=""/></StgValue>
</bind>
</comp>

<comp id="92" class="1001" name="const_92">
<pin_list>
<pin id="93" dir="1" index="0" bw="1" slack="0"/>
</pin_list>
<bind>
<StgValue><ssdm name=""/></StgValue>
</bind>
</comp>

<comp id="94" class="1001" name="const_94">
<pin_list>
<pin id="95" dir="1" index="0" bw="1" slack="0"/>
</pin_list>
<bind>
<StgValue><ssdm name=""/></StgValue>
</bind>
</comp>

<comp id="96" class="1001" name="const_96">
<pin_list>
<pin id="97" dir="1" index="0" bw="1" slack="0"/>
</pin_list>
<bind>
<StgValue><ssdm name=""/></StgValue>
</bind>
</comp>

<comp id="98" class="1001" name="const_98">
<pin_list>
<pin id="99" dir="1" index="0" bw="1" slack="0"/>
</pin_list>
<bind>
<StgValue><ssdm name=""/></StgValue>
</bind>
</comp>

<comp id="100" class="1001" name="const_100">
<pin_list>
<pin id="101" dir="1" index="0" bw="1" slack="0"/>
</pin_list>
<bind>
<StgValue><ssdm name=""/></StgValue>
</bind>
</comp>

<comp id="102" class="1001" name="const_102">
<pin_list>
<pin id="103" dir="1" index="0" bw="1" slack="0"/>
</pin_list>
<bind>
<StgValue><ssdm name=""/></StgValue>
</bind>
</comp>

<comp id="104" class="1001" name="const_104">
<pin_list>
<pin id="105" dir="1" index="0" bw="1" slack="0"/>
</pin_list>
<bind>
<StgValue><ssdm name=""/></StgValue>
</bind>
</comp>

<comp id="106" class="1001" name="const_106">
<pin_list>
<pin id="107" dir="1" index="0" bw="1" slack="0"/>
</pin_list>
<bind>
<StgValue><ssdm name=""/></StgValue>
</bind>
</comp>

<comp id="108" class="1001" name="const_108">
<pin_list>
<pin id="109" dir="1" index="0" bw="1" slack="0"/>
</pin_list>
<bind>
<StgValue><ssdm name=""/></StgValue>
</bind>
</comp>

<comp id="110" class="1001" name="const_110">
<pin_list>
<pin id="111" dir="1" index="0" bw="1" slack="0"/>
</pin_list>
<bind>
<StgValue><ssdm name=""/></StgValue>
</bind>
</comp>

<comp id="112" class="1001" name="const_112">
<pin_list>
<pin id="113" dir="1" index="0" bw="1" slack="0"/>
</pin_list>
<bind>
<StgValue><ssdm name=""/></StgValue>
</bind>
</comp>

<comp id="114" class="1001" name="const_114">
<pin_list>
<pin id="115" dir="1" index="0" bw="1" slack="0"/>
</pin_list>
<bind>
<StgValue><ssdm name=""/></StgValue>
</bind>
</comp>

<comp id="116" class="1001" name="const_116">
<pin_list>
<pin id="117" dir="1" index="0" bw="1" slack="0"/>
</pin_list>
<bind>
<StgValue><ssdm name=""/></StgValue>
</bind>
</comp>

<comp id="118" class="1001" name="const_118">
<pin_list>
<pin id="119" dir="1" index="0" bw="1" slack="0"/>
</pin_list>
<bind>
<StgValue><ssdm name=""/></StgValue>
</bind>
</comp>

<comp id="120" class="1001" name="const_120">
<pin_list>
<pin id="121" dir="1" index="0" bw="1" slack="2147483647"/>
</pin_list>
<bind>
<StgValue><ssdm name="_ssdm_op_SpecPipeline"/></StgValue>
</bind>
</comp>

<comp id="122" class="1001" name="const_122">
<pin_list>
<pin id="123" dir="1" index="0" bw="1" slack="2147483647"/>
</pin_list>
<bind>
<StgValue><ssdm name="_ssdm_op_SpecLoopTripCount"/></StgValue>
</bind>
</comp>

<comp id="124" class="1001" name="const_124">
<pin_list>
<pin id="125" dir="1" index="0" bw="1" slack="2147483647"/>
</pin_list>
<bind>
<StgValue><ssdm name=""/></StgValue>
</bind>
</comp>

<comp id="126" class="1001" name="const_126">
<pin_list>
<pin id="127" dir="1" index="0" bw="1" slack="2147483647"/>
</pin_list>
<bind>
<StgValue><ssdm name="_ssdm_op_SpecLoopName"/></StgValue>
</bind>
</comp>

<comp id="128" class="1001" name="const_128">
<pin_list>
<pin id="129" dir="1" index="0" bw="1" slack="2147483647"/>
</pin_list>
<bind>
<StgValue><ssdm name="empty_7"/></StgValue>
</bind>
</comp>

<comp id="130" class="1001" name="const_130">
<pin_list>
<pin id="131" dir="1" index="0" bw="1" slack="0"/>
</pin_list>
<bind>
<StgValue><ssdm name="_ssdm_op_BitConcatenate.i289.i32.i1.i256"/></StgValue>
</bind>
</comp>

<comp id="132" class="1001" name="const_132">
<pin_list>
<pin id="133" dir="1" index="0" bw="1" slack="0"/>
</pin_list>
<bind>
<StgValue><ssdm name=""/></StgValue>
</bind>
</comp>

<comp id="134" class="1001" name="const_134">
<pin_list>
<pin id="135" dir="1" index="0" bw="1" slack="0"/>
</pin_list>
<bind>
<StgValue><ssdm name="_ssdm_op_Write.axis.volatile.i512P128A"/></StgValue>
</bind>
</comp>

<comp id="136" class="1004" name="i_1_fu_136">
<pin_list>
<pin id="137" dir="0" index="0" bw="1" slack="0"/>
<pin id="138" dir="1" index="1" bw="5" slack="0"/>
</pin_list>
<bind>
<opcode="alloca(26) " fcode="alloca"/>
<opset="i_1/1 "/>
</bind>
</comp>

<comp id="140" class="1004" name="p_0_0_011_2388_read_read_fu_140">
<pin_list>
<pin id="141" dir="0" index="0" bw="256" slack="0"/>
<pin id="142" dir="0" index="1" bw="256" slack="0"/>
<pin id="143" dir="1" index="2" bw="256" slack="0"/>
</pin_list>
<bind>
<opcode="read(1150) " fcode="read"/>
<opset="p_0_0_011_2388_read/1 "/>
</bind>
</comp>

<comp id="146" class="1004" name="p_0_0_011_2286_read_read_fu_146">
<pin_list>
<pin id="147" dir="0" index="0" bw="256" slack="0"/>
<pin id="148" dir="0" index="1" bw="256" slack="0"/>
<pin id="149" dir="1" index="2" bw="256" slack="0"/>
</pin_list>
<bind>
<opcode="read(1150) " fcode="read"/>
<opset="p_0_0_011_2286_read/1 "/>
</bind>
</comp>

<comp id="152" class="1004" name="p_0_0_011_2184_read_read_fu_152">
<pin_list>
<pin id="153" dir="0" index="0" bw="256" slack="0"/>
<pin id="154" dir="0" index="1" bw="256" slack="0"/>
<pin id="155" dir="1" index="2" bw="256" slack="0"/>
</pin_list>
<bind>
<opcode="read(1150) " fcode="read"/>
<opset="p_0_0_011_2184_read/1 "/>
</bind>
</comp>

<comp id="158" class="1004" name="p_0_0_011_2082_read_read_fu_158">
<pin_list>
<pin id="159" dir="0" index="0" bw="256" slack="0"/>
<pin id="160" dir="0" index="1" bw="256" slack="0"/>
<pin id="161" dir="1" index="2" bw="256" slack="0"/>
</pin_list>
<bind>
<opcode="read(1150) " fcode="read"/>
<opset="p_0_0_011_2082_read/1 "/>
</bind>
</comp>

<comp id="164" class="1004" name="p_0_0_011_1980_read_read_fu_164">
<pin_list>
<pin id="165" dir="0" index="0" bw="256" slack="0"/>
<pin id="166" dir="0" index="1" bw="256" slack="0"/>
<pin id="167" dir="1" index="2" bw="256" slack="0"/>
</pin_list>
<bind>
<opcode="read(1150) " fcode="read"/>
<opset="p_0_0_011_1980_read/1 "/>
</bind>
</comp>

<comp id="170" class="1004" name="p_0_0_011_1878_read_read_fu_170">
<pin_list>
<pin id="171" dir="0" index="0" bw="256" slack="0"/>
<pin id="172" dir="0" index="1" bw="256" slack="0"/>
<pin id="173" dir="1" index="2" bw="256" slack="0"/>
</pin_list>
<bind>
<opcode="read(1150) " fcode="read"/>
<opset="p_0_0_011_1878_read/1 "/>
</bind>
</comp>

<comp id="176" class="1004" name="p_0_0_011_1776_read_read_fu_176">
<pin_list>
<pin id="177" dir="0" index="0" bw="256" slack="0"/>
<pin id="178" dir="0" index="1" bw="256" slack="0"/>
<pin id="179" dir="1" index="2" bw="256" slack="0"/>
</pin_list>
<bind>
<opcode="read(1150) " fcode="read"/>
<opset="p_0_0_011_1776_read/1 "/>
</bind>
</comp>

<comp id="182" class="1004" name="p_0_0_011_1674_read_read_fu_182">
<pin_list>
<pin id="183" dir="0" index="0" bw="256" slack="0"/>
<pin id="184" dir="0" index="1" bw="256" slack="0"/>
<pin id="185" dir="1" index="2" bw="256" slack="0"/>
</pin_list>
<bind>
<opcode="read(1150) " fcode="read"/>
<opset="p_0_0_011_1674_read/1 "/>
</bind>
</comp>

<comp id="188" class="1004" name="p_0_0_011_1572_read_read_fu_188">
<pin_list>
<pin id="189" dir="0" index="0" bw="256" slack="0"/>
<pin id="190" dir="0" index="1" bw="256" slack="0"/>
<pin id="191" dir="1" index="2" bw="256" slack="0"/>
</pin_list>
<bind>
<opcode="read(1150) " fcode="read"/>
<opset="p_0_0_011_1572_read/1 "/>
</bind>
</comp>

<comp id="194" class="1004" name="p_0_0_011_1470_read_read_fu_194">
<pin_list>
<pin id="195" dir="0" index="0" bw="256" slack="0"/>
<pin id="196" dir="0" index="1" bw="256" slack="0"/>
<pin id="197" dir="1" index="2" bw="256" slack="0"/>
</pin_list>
<bind>
<opcode="read(1150) " fcode="read"/>
<opset="p_0_0_011_1470_read/1 "/>
</bind>
</comp>

<comp id="200" class="1004" name="p_0_0_011_1368_read_read_fu_200">
<pin_list>
<pin id="201" dir="0" index="0" bw="256" slack="0"/>
<pin id="202" dir="0" index="1" bw="256" slack="0"/>
<pin id="203" dir="1" index="2" bw="256" slack="0"/>
</pin_list>
<bind>
<opcode="read(1150) " fcode="read"/>
<opset="p_0_0_011_1368_read/1 "/>
</bind>
</comp>

<comp id="206" class="1004" name="p_0_0_011_1266_read_read_fu_206">
<pin_list>
<pin id="207" dir="0" index="0" bw="256" slack="0"/>
<pin id="208" dir="0" index="1" bw="256" slack="0"/>
<pin id="209" dir="1" index="2" bw="256" slack="0"/>
</pin_list>
<bind>
<opcode="read(1150) " fcode="read"/>
<opset="p_0_0_011_1266_read/1 "/>
</bind>
</comp>

<comp id="212" class="1004" name="p_0_0_011_1164_read_read_fu_212">
<pin_list>
<pin id="213" dir="0" index="0" bw="256" slack="0"/>
<pin id="214" dir="0" index="1" bw="256" slack="0"/>
<pin id="215" dir="1" index="2" bw="256" slack="0"/>
</pin_list>
<bind>
<opcode="read(1150) " fcode="read"/>
<opset="p_0_0_011_1164_read/1 "/>
</bind>
</comp>

<comp id="218" class="1004" name="p_0_0_011_1062_read_read_fu_218">
<pin_list>
<pin id="219" dir="0" index="0" bw="256" slack="0"/>
<pin id="220" dir="0" index="1" bw="256" slack="0"/>
<pin id="221" dir="1" index="2" bw="256" slack="0"/>
</pin_list>
<bind>
<opcode="read(1150) " fcode="read"/>
<opset="p_0_0_011_1062_read/1 "/>
</bind>
</comp>

<comp id="224" class="1004" name="p_0_0_011_960_read_read_fu_224">
<pin_list>
<pin id="225" dir="0" index="0" bw="256" slack="0"/>
<pin id="226" dir="0" index="1" bw="256" slack="0"/>
<pin id="227" dir="1" index="2" bw="256" slack="0"/>
</pin_list>
<bind>
<opcode="read(1150) " fcode="read"/>
<opset="p_0_0_011_960_read/1 "/>
</bind>
</comp>

<comp id="230" class="1004" name="p_0_0_011_858_read_read_fu_230">
<pin_list>
<pin id="231" dir="0" index="0" bw="256" slack="0"/>
<pin id="232" dir="0" index="1" bw="256" slack="0"/>
<pin id="233" dir="1" index="2" bw="256" slack="0"/>
</pin_list>
<bind>
<opcode="read(1150) " fcode="read"/>
<opset="p_0_0_011_858_read/1 "/>
</bind>
</comp>

<comp id="236" class="1004" name="p_0_0_011_756_read_read_fu_236">
<pin_list>
<pin id="237" dir="0" index="0" bw="256" slack="0"/>
<pin id="238" dir="0" index="1" bw="256" slack="0"/>
<pin id="239" dir="1" index="2" bw="256" slack="0"/>
</pin_list>
<bind>
<opcode="read(1150) " fcode="read"/>
<opset="p_0_0_011_756_read/1 "/>
</bind>
</comp>

<comp id="242" class="1004" name="p_0_0_011_654_read_read_fu_242">
<pin_list>
<pin id="243" dir="0" index="0" bw="256" slack="0"/>
<pin id="244" dir="0" index="1" bw="256" slack="0"/>
<pin id="245" dir="1" index="2" bw="256" slack="0"/>
</pin_list>
<bind>
<opcode="read(1150) " fcode="read"/>
<opset="p_0_0_011_654_read/1 "/>
</bind>
</comp>

<comp id="248" class="1004" name="p_0_0_011_552_read_read_fu_248">
<pin_list>
<pin id="249" dir="0" index="0" bw="256" slack="0"/>
<pin id="250" dir="0" index="1" bw="256" slack="0"/>
<pin id="251" dir="1" index="2" bw="256" slack="0"/>
</pin_list>
<bind>
<opcode="read(1150) " fcode="read"/>
<opset="p_0_0_011_552_read/1 "/>
</bind>
</comp>

<comp id="254" class="1004" name="p_0_0_011_450_read_read_fu_254">
<pin_list>
<pin id="255" dir="0" index="0" bw="256" slack="0"/>
<pin id="256" dir="0" index="1" bw="256" slack="0"/>
<pin id="257" dir="1" index="2" bw="256" slack="0"/>
</pin_list>
<bind>
<opcode="read(1150) " fcode="read"/>
<opset="p_0_0_011_450_read/1 "/>
</bind>
</comp>

<comp id="260" class="1004" name="p_0_0_011_348_read_read_fu_260">
<pin_list>
<pin id="261" dir="0" index="0" bw="256" slack="0"/>
<pin id="262" dir="0" index="1" bw="256" slack="0"/>
<pin id="263" dir="1" index="2" bw="256" slack="0"/>
</pin_list>
<bind>
<opcode="read(1150) " fcode="read"/>
<opset="p_0_0_011_348_read/1 "/>
</bind>
</comp>

<comp id="266" class="1004" name="p_0_0_011_246_read_read_fu_266">
<pin_list>
<pin id="267" dir="0" index="0" bw="256" slack="0"/>
<pin id="268" dir="0" index="1" bw="256" slack="0"/>
<pin id="269" dir="1" index="2" bw="256" slack="0"/>
</pin_list>
<bind>
<opcode="read(1150) " fcode="read"/>
<opset="p_0_0_011_246_read/1 "/>
</bind>
</comp>

<comp id="272" class="1004" name="p_0_0_011_144_read_read_fu_272">
<pin_list>
<pin id="273" dir="0" index="0" bw="256" slack="0"/>
<pin id="274" dir="0" index="1" bw="256" slack="0"/>
<pin id="275" dir="1" index="2" bw="256" slack="0"/>
</pin_list>
<bind>
<opcode="read(1150) " fcode="read"/>
<opset="p_0_0_011_144_read/1 "/>
</bind>
</comp>

<comp id="278" class="1004" name="p_0_0_01942_read_read_fu_278">
<pin_list>
<pin id="279" dir="0" index="0" bw="256" slack="0"/>
<pin id="280" dir="0" index="1" bw="256" slack="0"/>
<pin id="281" dir="1" index="2" bw="256" slack="0"/>
</pin_list>
<bind>
<opcode="read(1150) " fcode="read"/>
<opset="p_0_0_01942_read/1 "/>
</bind>
</comp>

<comp id="284" class="1004" name="write_ln98_write_fu_284">
<pin_list>
<pin id="285" dir="0" index="0" bw="0" slack="0"/>
<pin id="286" dir="0" index="1" bw="512" slack="0"/>
<pin id="287" dir="0" index="2" bw="320" slack="0"/>
<pin id="288" dir="1" index="3" bw="0" slack="2147483647"/>
</pin_list>
<bind>
<opcode="write(1151) " fcode="write"/>
<opset="write_ln98/2 "/>
</bind>
</comp>

<comp id="291" class="1004" name="store_ln92_store_fu_291">
<pin_list>
<pin id="292" dir="0" index="0" bw="1" slack="0"/>
<pin id="293" dir="0" index="1" bw="5" slack="0"/>
<pin id="294" dir="1" index="2" bw="0" slack="2147483647"/>
</pin_list>
<bind>
<opcode="store(28) " fcode="store"/>
<opset="store_ln92/1 "/>
</bind>
</comp>

<comp id="296" class="1004" name="i_load_fu_296">
<pin_list>
<pin id="297" dir="0" index="0" bw="5" slack="0"/>
<pin id="298" dir="1" index="1" bw="5" slack="0"/>
</pin_list>
<bind>
<opcode="load(27) " fcode="load"/>
<opset="i/1 "/>
</bind>
</comp>

<comp id="299" class="1004" name="icmp_ln92_fu_299">
<pin_list>
<pin id="300" dir="0" index="0" bw="5" slack="0"/>
<pin id="301" dir="0" index="1" bw="4" slack="0"/>
<pin id="302" dir="1" index="2" bw="1" slack="2147483647"/>
</pin_list>
<bind>
<opcode="icmp(45) " fcode="icmp"/>
<opset="icmp_ln92/1 "/>
</bind>
</comp>

<comp id="305" class="1004" name="add_ln92_fu_305">
<pin_list>
<pin id="306" dir="0" index="0" bw="5" slack="0"/>
<pin id="307" dir="0" index="1" bw="1" slack="0"/>
<pin id="308" dir="1" index="2" bw="5" slack="0"/>
</pin_list>
<bind>
<opcode="add(8) " fcode="add"/>
<opset="add_ln92/1 "/>
</bind>
</comp>

<comp id="311" class="1004" name="out_val_data_fu_311">
<pin_list>
<pin id="312" dir="0" index="0" bw="256" slack="0"/>
<pin id="313" dir="0" index="1" bw="1" slack="0"/>
<pin id="314" dir="0" index="2" bw="256" slack="0"/>
<pin id="315" dir="0" index="3" bw="1" slack="0"/>
<pin id="316" dir="0" index="4" bw="256" slack="0"/>
<pin id="317" dir="0" index="5" bw="3" slack="0"/>
<pin id="318" dir="0" index="6" bw="256" slack="0"/>
<pin id="319" dir="0" index="7" bw="3" slack="0"/>
<pin id="320" dir="0" index="8" bw="256" slack="0"/>
<pin id="321" dir="0" index="9" bw="4" slack="0"/>
<pin id="322" dir="0" index="10" bw="256" slack="0"/>
<pin id="323" dir="0" index="11" bw="4" slack="0"/>
<pin id="324" dir="0" index="12" bw="256" slack="0"/>
<pin id="325" dir="0" index="13" bw="4" slack="0"/>
<pin id="326" dir="0" index="14" bw="256" slack="0"/>
<pin id="327" dir="0" index="15" bw="4" slack="0"/>
<pin id="328" dir="0" index="16" bw="256" slack="0"/>
<pin id="329" dir="0" index="17" bw="5" slack="0"/>
<pin id="330" dir="0" index="18" bw="256" slack="0"/>
<pin id="331" dir="0" index="19" bw="5" slack="0"/>
<pin id="332" dir="0" index="20" bw="256" slack="0"/>
<pin id="333" dir="0" index="21" bw="5" slack="0"/>
<pin id="334" dir="0" index="22" bw="256" slack="0"/>
<pin id="335" dir="0" index="23" bw="5" slack="0"/>
<pin id="336" dir="0" index="24" bw="256" slack="0"/>
<pin id="337" dir="0" index="25" bw="5" slack="0"/>
<pin id="338" dir="0" index="26" bw="256" slack="0"/>
<pin id="339" dir="0" index="27" bw="5" slack="0"/>
<pin id="340" dir="0" index="28" bw="256" slack="0"/>
<pin id="341" dir="0" index="29" bw="5" slack="0"/>
<pin id="342" dir="0" index="30" bw="256" slack="0"/>
<pin id="343" dir="0" index="31" bw="5" slack="0"/>
<pin id="344" dir="0" index="32" bw="256" slack="0"/>
<pin id="345" dir="0" index="33" bw="5" slack="0"/>
<pin id="346" dir="0" index="34" bw="256" slack="0"/>
<pin id="347" dir="0" index="35" bw="5" slack="0"/>
<pin id="348" dir="0" index="36" bw="256" slack="0"/>
<pin id="349" dir="0" index="37" bw="5" slack="0"/>
<pin id="350" dir="0" index="38" bw="256" slack="0"/>
<pin id="351" dir="0" index="39" bw="5" slack="0"/>
<pin id="352" dir="0" index="40" bw="256" slack="0"/>
<pin id="353" dir="0" index="41" bw="5" slack="0"/>
<pin id="354" dir="0" index="42" bw="256" slack="0"/>
<pin id="355" dir="0" index="43" bw="5" slack="0"/>
<pin id="356" dir="0" index="44" bw="256" slack="0"/>
<pin id="357" dir="0" index="45" bw="5" slack="0"/>
<pin id="358" dir="0" index="46" bw="256" slack="0"/>
<pin id="359" dir="0" index="47" bw="5" slack="0"/>
<pin id="360" dir="0" index="48" bw="256" slack="0"/>
<pin id="361" dir="0" index="49" bw="1" slack="0"/>
<pin id="362" dir="0" index="50" bw="5" slack="0"/>
<pin id="363" dir="1" index="51" bw="256" slack="1"/>
</pin_list>
<bind>
<opcode="sparsemux(1197) " fcode="sparsemux"/>
<opset="out_val_data/1 "/>
</bind>
</comp>

<comp id="415" class="1004" name="out_val_last_fu_415">
<pin_list>
<pin id="416" dir="0" index="0" bw="5" slack="0"/>
<pin id="417" dir="0" index="1" bw="5" slack="0"/>
<pin id="418" dir="1" index="2" bw="1" slack="1"/>
</pin_list>
<bind>
<opcode="icmp(45) " fcode="icmp"/>
<opset="out_val_last/1 "/>
</bind>
</comp>

<comp id="421" class="1004" name="store_ln92_store_fu_421">
<pin_list>
<pin id="422" dir="0" index="0" bw="5" slack="0"/>
<pin id="423" dir="0" index="1" bw="5" slack="0"/>
<pin id="424" dir="1" index="2" bw="0" slack="2147483647"/>
</pin_list>
<bind>
<opcode="store(28) " fcode="store"/>
<opset="store_ln92/1 "/>
</bind>
</comp>

<comp id="426" class="1004" name="or_ln_fu_426">
<pin_list>
<pin id="427" dir="0" index="0" bw="289" slack="0"/>
<pin id="428" dir="0" index="1" bw="32" slack="0"/>
<pin id="429" dir="0" index="2" bw="1" slack="1"/>
<pin id="430" dir="0" index="3" bw="256" slack="1"/>
<pin id="431" dir="1" index="4" bw="289" slack="0"/>
</pin_list>
<bind>
<opcode="bitconcatenate(1004) " fcode="bitconcatenate"/>
<opset="or_ln/2 "/>
</bind>
</comp>

<comp id="434" class="1004" name="sext_ln98_fu_434">
<pin_list>
<pin id="435" dir="0" index="0" bw="289" slack="0"/>
<pin id="436" dir="1" index="1" bw="320" slack="0"/>
</pin_list>
<bind>
<opcode="sext(35) " fcode="sext"/>
<opset="sext_ln98/2 "/>
</bind>
</comp>

<comp id="438" class="1004" name="zext_ln98_fu_438">
<pin_list>
<pin id="439" dir="0" index="0" bw="289" slack="0"/>
<pin id="440" dir="1" index="1" bw="512" slack="0"/>
</pin_list>
<bind>
<opcode="zext(34) " fcode="zext"/>
<opset="zext_ln98/2 "/>
</bind>
</comp>

<comp id="443" class="1005" name="i_1_reg_443">
<pin_list>
<pin id="444" dir="0" index="0" bw="5" slack="0"/>
<pin id="445" dir="1" index="1" bw="5" slack="0"/>
</pin_list>
<bind>
<opset="i_1 "/>
</bind>
</comp>

<comp id="453" class="1005" name="out_val_data_reg_453">
<pin_list>
<pin id="454" dir="0" index="0" bw="256" slack="1"/>
<pin id="455" dir="1" index="1" bw="256" slack="1"/>
</pin_list>
<bind>
<opset="out_val_data "/>
</bind>
</comp>

<comp id="458" class="1005" name="out_val_last_reg_458">
<pin_list>
<pin id="459" dir="0" index="0" bw="1" slack="1"/>
<pin id="460" dir="1" index="1" bw="1" slack="1"/>
</pin_list>
<bind>
<opset="out_val_last "/>
</bind>
</comp>

</comp_list>

<net_list>
<net id="139"><net_src comp="50" pin="0"/><net_sink comp="136" pin=0"/></net>

<net id="144"><net_src comp="64" pin="0"/><net_sink comp="140" pin=0"/></net>

<net id="145"><net_src comp="46" pin="0"/><net_sink comp="140" pin=1"/></net>

<net id="150"><net_src comp="64" pin="0"/><net_sink comp="146" pin=0"/></net>

<net id="151"><net_src comp="44" pin="0"/><net_sink comp="146" pin=1"/></net>

<net id="156"><net_src comp="64" pin="0"/><net_sink comp="152" pin=0"/></net>

<net id="157"><net_src comp="42" pin="0"/><net_sink comp="152" pin=1"/></net>

<net id="162"><net_src comp="64" pin="0"/><net_sink comp="158" pin=0"/></net>

<net id="163"><net_src comp="40" pin="0"/><net_sink comp="158" pin=1"/></net>

<net id="168"><net_src comp="64" pin="0"/><net_sink comp="164" pin=0"/></net>

<net id="169"><net_src comp="38" pin="0"/><net_sink comp="164" pin=1"/></net>

<net id="174"><net_src comp="64" pin="0"/><net_sink comp="170" pin=0"/></net>

<net id="175"><net_src comp="36" pin="0"/><net_sink comp="170" pin=1"/></net>

<net id="180"><net_src comp="64" pin="0"/><net_sink comp="176" pin=0"/></net>

<net id="181"><net_src comp="34" pin="0"/><net_sink comp="176" pin=1"/></net>

<net id="186"><net_src comp="64" pin="0"/><net_sink comp="182" pin=0"/></net>

<net id="187"><net_src comp="32" pin="0"/><net_sink comp="182" pin=1"/></net>

<net id="192"><net_src comp="64" pin="0"/><net_sink comp="188" pin=0"/></net>

<net id="193"><net_src comp="30" pin="0"/><net_sink comp="188" pin=1"/></net>

<net id="198"><net_src comp="64" pin="0"/><net_sink comp="194" pin=0"/></net>

<net id="199"><net_src comp="28" pin="0"/><net_sink comp="194" pin=1"/></net>

<net id="204"><net_src comp="64" pin="0"/><net_sink comp="200" pin=0"/></net>

<net id="205"><net_src comp="26" pin="0"/><net_sink comp="200" pin=1"/></net>

<net id="210"><net_src comp="64" pin="0"/><net_sink comp="206" pin=0"/></net>

<net id="211"><net_src comp="24" pin="0"/><net_sink comp="206" pin=1"/></net>

<net id="216"><net_src comp="64" pin="0"/><net_sink comp="212" pin=0"/></net>

<net id="217"><net_src comp="22" pin="0"/><net_sink comp="212" pin=1"/></net>

<net id="222"><net_src comp="64" pin="0"/><net_sink comp="218" pin=0"/></net>

<net id="223"><net_src comp="20" pin="0"/><net_sink comp="218" pin=1"/></net>

<net id="228"><net_src comp="64" pin="0"/><net_sink comp="224" pin=0"/></net>

<net id="229"><net_src comp="18" pin="0"/><net_sink comp="224" pin=1"/></net>

<net id="234"><net_src comp="64" pin="0"/><net_sink comp="230" pin=0"/></net>

<net id="235"><net_src comp="16" pin="0"/><net_sink comp="230" pin=1"/></net>

<net id="240"><net_src comp="64" pin="0"/><net_sink comp="236" pin=0"/></net>

<net id="241"><net_src comp="14" pin="0"/><net_sink comp="236" pin=1"/></net>

<net id="246"><net_src comp="64" pin="0"/><net_sink comp="242" pin=0"/></net>

<net id="247"><net_src comp="12" pin="0"/><net_sink comp="242" pin=1"/></net>

<net id="252"><net_src comp="64" pin="0"/><net_sink comp="248" pin=0"/></net>

<net id="253"><net_src comp="10" pin="0"/><net_sink comp="248" pin=1"/></net>

<net id="258"><net_src comp="64" pin="0"/><net_sink comp="254" pin=0"/></net>

<net id="259"><net_src comp="8" pin="0"/><net_sink comp="254" pin=1"/></net>

<net id="264"><net_src comp="64" pin="0"/><net_sink comp="260" pin=0"/></net>

<net id="265"><net_src comp="6" pin="0"/><net_sink comp="260" pin=1"/></net>

<net id="270"><net_src comp="64" pin="0"/><net_sink comp="266" pin=0"/></net>

<net id="271"><net_src comp="4" pin="0"/><net_sink comp="266" pin=1"/></net>

<net id="276"><net_src comp="64" pin="0"/><net_sink comp="272" pin=0"/></net>

<net id="277"><net_src comp="2" pin="0"/><net_sink comp="272" pin=1"/></net>

<net id="282"><net_src comp="64" pin="0"/><net_sink comp="278" pin=0"/></net>

<net id="283"><net_src comp="0" pin="0"/><net_sink comp="278" pin=1"/></net>

<net id="289"><net_src comp="134" pin="0"/><net_sink comp="284" pin=0"/></net>

<net id="290"><net_src comp="48" pin="0"/><net_sink comp="284" pin=1"/></net>

<net id="295"><net_src comp="66" pin="0"/><net_sink comp="291" pin=0"/></net>

<net id="303"><net_src comp="296" pin="1"/><net_sink comp="299" pin=0"/></net>

<net id="304"><net_src comp="68" pin="0"/><net_sink comp="299" pin=1"/></net>

<net id="309"><net_src comp="296" pin="1"/><net_sink comp="305" pin=0"/></net>

<net id="310"><net_src comp="70" pin="0"/><net_sink comp="305" pin=1"/></net>

<net id="364"><net_src comp="72" pin="0"/><net_sink comp="311" pin=0"/></net>

<net id="365"><net_src comp="66" pin="0"/><net_sink comp="311" pin=1"/></net>

<net id="366"><net_src comp="278" pin="2"/><net_sink comp="311" pin=2"/></net>

<net id="367"><net_src comp="70" pin="0"/><net_sink comp="311" pin=3"/></net>

<net id="368"><net_src comp="272" pin="2"/><net_sink comp="311" pin=4"/></net>

<net id="369"><net_src comp="74" pin="0"/><net_sink comp="311" pin=5"/></net>

<net id="370"><net_src comp="266" pin="2"/><net_sink comp="311" pin=6"/></net>

<net id="371"><net_src comp="76" pin="0"/><net_sink comp="311" pin=7"/></net>

<net id="372"><net_src comp="260" pin="2"/><net_sink comp="311" pin=8"/></net>

<net id="373"><net_src comp="78" pin="0"/><net_sink comp="311" pin=9"/></net>

<net id="374"><net_src comp="254" pin="2"/><net_sink comp="311" pin=10"/></net>

<net id="375"><net_src comp="80" pin="0"/><net_sink comp="311" pin=11"/></net>

<net id="376"><net_src comp="248" pin="2"/><net_sink comp="311" pin=12"/></net>

<net id="377"><net_src comp="82" pin="0"/><net_sink comp="311" pin=13"/></net>

<net id="378"><net_src comp="242" pin="2"/><net_sink comp="311" pin=14"/></net>

<net id="379"><net_src comp="84" pin="0"/><net_sink comp="311" pin=15"/></net>

<net id="380"><net_src comp="236" pin="2"/><net_sink comp="311" pin=16"/></net>

<net id="381"><net_src comp="86" pin="0"/><net_sink comp="311" pin=17"/></net>

<net id="382"><net_src comp="230" pin="2"/><net_sink comp="311" pin=18"/></net>

<net id="383"><net_src comp="88" pin="0"/><net_sink comp="311" pin=19"/></net>

<net id="384"><net_src comp="224" pin="2"/><net_sink comp="311" pin=20"/></net>

<net id="385"><net_src comp="90" pin="0"/><net_sink comp="311" pin=21"/></net>

<net id="386"><net_src comp="218" pin="2"/><net_sink comp="311" pin=22"/></net>

<net id="387"><net_src comp="92" pin="0"/><net_sink comp="311" pin=23"/></net>

<net id="388"><net_src comp="212" pin="2"/><net_sink comp="311" pin=24"/></net>

<net id="389"><net_src comp="94" pin="0"/><net_sink comp="311" pin=25"/></net>

<net id="390"><net_src comp="206" pin="2"/><net_sink comp="311" pin=26"/></net>

<net id="391"><net_src comp="96" pin="0"/><net_sink comp="311" pin=27"/></net>

<net id="392"><net_src comp="200" pin="2"/><net_sink comp="311" pin=28"/></net>

<net id="393"><net_src comp="98" pin="0"/><net_sink comp="311" pin=29"/></net>

<net id="394"><net_src comp="194" pin="2"/><net_sink comp="311" pin=30"/></net>

<net id="395"><net_src comp="100" pin="0"/><net_sink comp="311" pin=31"/></net>

<net id="396"><net_src comp="188" pin="2"/><net_sink comp="311" pin=32"/></net>

<net id="397"><net_src comp="102" pin="0"/><net_sink comp="311" pin=33"/></net>

<net id="398"><net_src comp="182" pin="2"/><net_sink comp="311" pin=34"/></net>

<net id="399"><net_src comp="104" pin="0"/><net_sink comp="311" pin=35"/></net>

<net id="400"><net_src comp="176" pin="2"/><net_sink comp="311" pin=36"/></net>

<net id="401"><net_src comp="106" pin="0"/><net_sink comp="311" pin=37"/></net>

<net id="402"><net_src comp="170" pin="2"/><net_sink comp="311" pin=38"/></net>

<net id="403"><net_src comp="108" pin="0"/><net_sink comp="311" pin=39"/></net>

<net id="404"><net_src comp="164" pin="2"/><net_sink comp="311" pin=40"/></net>

<net id="405"><net_src comp="110" pin="0"/><net_sink comp="311" pin=41"/></net>

<net id="406"><net_src comp="158" pin="2"/><net_sink comp="311" pin=42"/></net>

<net id="407"><net_src comp="112" pin="0"/><net_sink comp="311" pin=43"/></net>

<net id="408"><net_src comp="152" pin="2"/><net_sink comp="311" pin=44"/></net>

<net id="409"><net_src comp="114" pin="0"/><net_sink comp="311" pin=45"/></net>

<net id="410"><net_src comp="146" pin="2"/><net_sink comp="311" pin=46"/></net>

<net id="411"><net_src comp="116" pin="0"/><net_sink comp="311" pin=47"/></net>

<net id="412"><net_src comp="140" pin="2"/><net_sink comp="311" pin=48"/></net>

<net id="413"><net_src comp="118" pin="0"/><net_sink comp="311" pin=49"/></net>

<net id="414"><net_src comp="296" pin="1"/><net_sink comp="311" pin=50"/></net>

<net id="419"><net_src comp="296" pin="1"/><net_sink comp="415" pin=0"/></net>

<net id="420"><net_src comp="116" pin="0"/><net_sink comp="415" pin=1"/></net>

<net id="425"><net_src comp="305" pin="2"/><net_sink comp="421" pin=0"/></net>

<net id="432"><net_src comp="130" pin="0"/><net_sink comp="426" pin=0"/></net>

<net id="433"><net_src comp="132" pin="0"/><net_sink comp="426" pin=1"/></net>

<net id="437"><net_src comp="426" pin="4"/><net_sink comp="434" pin=0"/></net>

<net id="441"><net_src comp="434" pin="1"/><net_sink comp="438" pin=0"/></net>

<net id="442"><net_src comp="438" pin="1"/><net_sink comp="284" pin=2"/></net>

<net id="446"><net_src comp="136" pin="1"/><net_sink comp="443" pin=0"/></net>

<net id="447"><net_src comp="443" pin="1"/><net_sink comp="291" pin=1"/></net>

<net id="448"><net_src comp="443" pin="1"/><net_sink comp="296" pin=0"/></net>

<net id="449"><net_src comp="443" pin="1"/><net_sink comp="421" pin=1"/></net>

<net id="456"><net_src comp="311" pin="51"/><net_sink comp="453" pin=0"/></net>

<net id="457"><net_src comp="453" pin="1"/><net_sink comp="426" pin=3"/></net>

<net id="461"><net_src comp="415" pin="2"/><net_sink comp="458" pin=0"/></net>

<net id="462"><net_src comp="458" pin="1"/><net_sink comp="426" pin=2"/></net>

</net_list>

</model> 
---------------- Datapath Model END ------------------

* FSMD analyzer results:
  - Output states:
	Port: out_stream | {2 }
 - Input state : 
	Port: poseidon_top_Pipeline_VITIS_LOOP_92_3 : p_0_0_01942 | {1 }
	Port: poseidon_top_Pipeline_VITIS_LOOP_92_3 : p_0_0_011_144 | {1 }
	Port: poseidon_top_Pipeline_VITIS_LOOP_92_3 : p_0_0_011_246 | {1 }
	Port: poseidon_top_Pipeline_VITIS_LOOP_92_3 : p_0_0_011_348 | {1 }
	Port: poseidon_top_Pipeline_VITIS_LOOP_92_3 : p_0_0_011_450 | {1 }
	Port: poseidon_top_Pipeline_VITIS_LOOP_92_3 : p_0_0_011_552 | {1 }
	Port: poseidon_top_Pipeline_VITIS_LOOP_92_3 : p_0_0_011_654 | {1 }
	Port: poseidon_top_Pipeline_VITIS_LOOP_92_3 : p_0_0_011_756 | {1 }
	Port: poseidon_top_Pipeline_VITIS_LOOP_92_3 : p_0_0_011_858 | {1 }
	Port: poseidon_top_Pipeline_VITIS_LOOP_92_3 : p_0_0_011_960 | {1 }
	Port: poseidon_top_Pipeline_VITIS_LOOP_92_3 : p_0_0_011_1062 | {1 }
	Port: poseidon_top_Pipeline_VITIS_LOOP_92_3 : p_0_0_011_1164 | {1 }
	Port: poseidon_top_Pipeline_VITIS_LOOP_92_3 : p_0_0_011_1266 | {1 }
	Port: poseidon_top_Pipeline_VITIS_LOOP_92_3 : p_0_0_011_1368 | {1 }
	Port: poseidon_top_Pipeline_VITIS_LOOP_92_3 : p_0_0_011_1470 | {1 }
	Port: poseidon_top_Pipeline_VITIS_LOOP_92_3 : p_0_0_011_1572 | {1 }
	Port: poseidon_top_Pipeline_VITIS_LOOP_92_3 : p_0_0_011_1674 | {1 }
	Port: poseidon_top_Pipeline_VITIS_LOOP_92_3 : p_0_0_011_1776 | {1 }
	Port: poseidon_top_Pipeline_VITIS_LOOP_92_3 : p_0_0_011_1878 | {1 }
	Port: poseidon_top_Pipeline_VITIS_LOOP_92_3 : p_0_0_011_1980 | {1 }
	Port: poseidon_top_Pipeline_VITIS_LOOP_92_3 : p_0_0_011_2082 | {1 }
	Port: poseidon_top_Pipeline_VITIS_LOOP_92_3 : p_0_0_011_2184 | {1 }
	Port: poseidon_top_Pipeline_VITIS_LOOP_92_3 : p_0_0_011_2286 | {1 }
	Port: poseidon_top_Pipeline_VITIS_LOOP_92_3 : p_0_0_011_2388 | {1 }
  - Chain level:
	State 1
		store_ln92 : 1
		i : 1
		icmp_ln92 : 2
		add_ln92 : 2
		br_ln92 : 3
		out_val_data : 2
		out_val_last : 2
		store_ln92 : 3
	State 2
		sext_ln98 : 1
		zext_ln98 : 2
		write_ln98 : 3


============================================================
+ Verbose Summary: Datapath Resource usage 
============================================================

* Functional unit list:
|----------|---------------------------------|---------|---------|
| Operation|         Functional Unit         |    FF   |   LUT   |
|----------|---------------------------------|---------|---------|
| sparsemux|       out_val_data_fu_311       |    0    |   113   |
|----------|---------------------------------|---------|---------|
|   icmp   |         icmp_ln92_fu_299        |    0    |    13   |
|          |       out_val_last_fu_415       |    0    |    13   |
|----------|---------------------------------|---------|---------|
|    add   |         add_ln92_fu_305         |    0    |    13   |
|----------|---------------------------------|---------|---------|
|          | p_0_0_011_2388_read_read_fu_140 |    0    |    0    |
|          | p_0_0_011_2286_read_read_fu_146 |    0    |    0    |
|          | p_0_0_011_2184_read_read_fu_152 |    0    |    0    |
|          | p_0_0_011_2082_read_read_fu_158 |    0    |    0    |
|          | p_0_0_011_1980_read_read_fu_164 |    0    |    0    |
|          | p_0_0_011_1878_read_read_fu_170 |    0    |    0    |
|          | p_0_0_011_1776_read_read_fu_176 |    0    |    0    |
|          | p_0_0_011_1674_read_read_fu_182 |    0    |    0    |
|          | p_0_0_011_1572_read_read_fu_188 |    0    |    0    |
|          | p_0_0_011_1470_read_read_fu_194 |    0    |    0    |
|          | p_0_0_011_1368_read_read_fu_200 |    0    |    0    |
|   read   | p_0_0_011_1266_read_read_fu_206 |    0    |    0    |
|          | p_0_0_011_1164_read_read_fu_212 |    0    |    0    |
|          | p_0_0_011_1062_read_read_fu_218 |    0    |    0    |
|          |  p_0_0_011_960_read_read_fu_224 |    0    |    0    |
|          |  p_0_0_011_858_read_read_fu_230 |    0    |    0    |
|          |  p_0_0_011_756_read_read_fu_236 |    0    |    0    |
|          |  p_0_0_011_654_read_read_fu_242 |    0    |    0    |
|          |  p_0_0_011_552_read_read_fu_248 |    0    |    0    |
|          |  p_0_0_011_450_read_read_fu_254 |    0    |    0    |
|          |  p_0_0_011_348_read_read_fu_260 |    0    |    0    |
|          |  p_0_0_011_246_read_read_fu_266 |    0    |    0    |
|          |  p_0_0_011_144_read_read_fu_272 |    0    |    0    |
|          |   p_0_0_01942_read_read_fu_278  |    0    |    0    |
|----------|---------------------------------|---------|---------|
|   write  |     write_ln98_write_fu_284     |    0    |    0    |
|----------|---------------------------------|---------|---------|
|bitconcatenate|           or_ln_fu_426          |    0    |    0    |
|----------|---------------------------------|---------|---------|
|   sext   |         sext_ln98_fu_434        |    0    |    0    |
|----------|---------------------------------|---------|---------|
|   zext   |         zext_ln98_fu_438        |    0    |    0    |
|----------|---------------------------------|---------|---------|
|   Total  |                                 |    0    |   152   |
|----------|---------------------------------|---------|---------|

Memories:
N/A

* Register list:
+--------------------+--------+
|                    |   FF   |
+--------------------+--------+
|     i_1_reg_443    |    5   |
|out_val_data_reg_453|   256  |
|out_val_last_reg_458|    1   |
+--------------------+--------+
|        Total       |   262  |
+--------------------+--------+

* Multiplexer (MUX) list: 
|--------|------|------|------|--------|
|  Comp  |  Pin | Size |  BW  | S x BW |
|--------|------|------|------|--------|
|  Total |      |      |      |    0   |
|--------|------|------|------|--------|



* Summary:
+-----------+--------+--------+
|           |   FF   |   LUT  |
+-----------+--------+--------+
|  Function |    0   |   152  |
|   Memory  |    -   |    -   |
|Multiplexer|    -   |    -   |
|  Register |   262  |    -   |
+-----------+--------+--------+
|   Total   |   262  |   152  |
+-----------+--------+--------+
