/home/bcs7944/poseidon-fpga/poseidon_hls/solution1/.autopilot/db/poseidon.pp.0.cpp:1318:7: warning: Added loop label VITIS_LOOP_1207_1:   [xilinx-label-all-loops]
      for (i = 0; i < __N - 1; ++i) {
      ^~~
      VITIS_LOOP_1207_1: 
/home/bcs7944/poseidon-fpga/poseidon_hls/solution1/.autopilot/db/poseidon.pp.0.cpp:1318:7: note: FIX-IT applied suggested code changes
/home/bcs7944/poseidon-fpga/poseidon_hls/solution1/.autopilot/db/poseidon.pp.0.cpp:2292:5: warning: Added loop label VITIS_LOOP_676_1:   [xilinx-label-all-loops]
    for (unsigned i = low; i != high; ++i) {
    ^~~
    VITIS_LOOP_676_1: 
/home/bcs7944/poseidon-fpga/poseidon_hls/solution1/.autopilot/db/poseidon.pp.0.cpp:2292:5: note: FIX-IT applied suggested code changes
/home/bcs7944/poseidon-fpga/poseidon_hls/solution1/.autopilot/db/poseidon.pp.0.cpp:2306:5: warning: Added loop label VITIS_LOOP_690_1:   [xilinx-label-all-loops]
    for (unsigned i = low; i != high; ++i) {
    ^~~
    VITIS_LOOP_690_1: 
/home/bcs7944/poseidon-fpga/poseidon_hls/solution1/.autopilot/db/poseidon.pp.0.cpp:2306:5: note: FIX-IT applied suggested code changes
/home/bcs7944/poseidon-fpga/poseidon_hls/solution1/.autopilot/db/poseidon.pp.0.cpp:2320:5: warning: Added loop label VITIS_LOOP_704_1:   [xilinx-label-all-loops]
    for (unsigned i = low; i != high; ++i) {
    ^~~
    VITIS_LOOP_704_1: 
/home/bcs7944/poseidon-fpga/poseidon_hls/solution1/.autopilot/db/poseidon.pp.0.cpp:2320:5: note: FIX-IT applied suggested code changes
/home/bcs7944/poseidon-fpga/poseidon_hls/solution1/.autopilot/db/poseidon.pp.0.cpp:3949:7: warning: Added loop label VITIS_LOOP_1247_1:   [xilinx-label-all-loops]
      for (i = 0; i < __N - 1; ++i) {
      ^~~
      VITIS_LOOP_1247_1: 
/home/bcs7944/poseidon-fpga/poseidon_hls/solution1/.autopilot/db/poseidon.pp.0.cpp:3949:7: note: FIX-IT applied suggested code changes
/home/bcs7944/poseidon-fpga/poseidon_hls/solution1/.autopilot/db/poseidon.pp.0.cpp:9057:2: warning: Added loop label VITIS_LOOP_42_1:   [xilinx-label-all-loops]
 for (int i = 0; i < STATE_SIZE; i++) {
 ^~~
 VITIS_LOOP_42_1: 
/home/bcs7944/poseidon-fpga/poseidon_hls/solution1/.autopilot/db/poseidon.pp.0.cpp:9057:2: note: FIX-IT applied suggested code changes
/home/bcs7944/poseidon-fpga/poseidon_hls/solution1/.autopilot/db/poseidon.pp.0.cpp:9100:9: warning: Added loop label VITIS_LOOP_85_2:   [xilinx-label-all-loops]
        for (int i = 0; i < STATE_SIZE; i++) {
        ^~~
        VITIS_LOOP_85_2: 
/home/bcs7944/poseidon-fpga/poseidon_hls/solution1/.autopilot/db/poseidon.pp.0.cpp:9100:9: note: FIX-IT applied suggested code changes
/home/bcs7944/poseidon-fpga/poseidon_hls/solution1/.autopilot/db/poseidon.pp.0.cpp:9107:5: warning: Added loop label VITIS_LOOP_92_3:   [xilinx-label-all-loops]
    for (int i = 0; i < STATE_SIZE; i++) {
    ^~~
    VITIS_LOOP_92_3: 
/home/bcs7944/poseidon-fpga/poseidon_hls/solution1/.autopilot/db/poseidon.pp.0.cpp:9107:5: note: FIX-IT applied suggested code changes
