

================================================================
== Vitis HLS Report for 'poseidon_top_Pipeline_VITIS_LOOP_42_1'
================================================================
* Date:           Wed May  6 11:50:30 2026

* Version:        2023.2 (Build 4023990 on Oct 11 2023)
* Project:        poseidon_hls
* Solution:       solution1 (Vivado IP Flow Target)
* Product family: zynq
* Target device:  xc7z020-clg484-1


================================================================
== Performance Estimates
================================================================
+ Timing: 
    * Summary: 
    +--------+----------+----------+------------+
    |  Clock |  Target  | Estimated| Uncertainty|
    +--------+----------+----------+------------+
    |ap_clk  |  10.00 ns|  5.956 ns|     2.70 ns|
    +--------+----------+----------+------------+

+ Latency: 
    * Summary: 
    +---------+---------+----------+----------+-----+-----+---------+
    |  Latency (cycles) |  Latency (absolute) |  Interval | Pipeline|
    |   min   |   max   |    min   |    max   | min | max |   Type  |
    +---------+---------+----------+----------+-----+-----+---------+
    |       26|       26|  0.260 us|  0.260 us|   26|   26|       no|
    +---------+---------+----------+----------+-----+-----+---------+

    + Detail: 
        * Instance: 
        N/A

        * Loop: 
        +-------------------+---------+---------+----------+-----------+-----------+------+----------+
        |                   |  Latency (cycles) | Iteration|  Initiation Interval  | Trip |          |
        |     Loop Name     |   min   |   max   |  Latency |  achieved |   target  | Count| Pipelined|
        +-------------------+---------+---------+----------+-----------+-----------+------+----------+
        |- VITIS_LOOP_42_1  |       24|       24|         1|          1|          1|    24|       yes|
        +-------------------+---------+---------+----------+-----------+-----------+------+----------+

============================================================
+ Verbose Summary: Synthesis Manager
============================================================
InlineROM: 1
ExposeGlobal: 0
============================================================
+ Verbose Summary: CDFG Model
============================================================
IsTopModel: 0
ResetActiveHigh: 1
IsCombinational: 0
IsDatapathOnly: 0
HasWiredReturn: 1
HasMFsm: 2
HasVarLatency: 1
IsPipeline: 0
IsRtlPipelined: 0
IsInstanceOverlapped: 0
IsDontTouch: 0
HasImplIP: 0
IsGatedGlobalClock: 0

+ Individual pipeline summary: 
  * Pipeline-0: initiation interval (II) = 1, depth = 1


============================================================
+ Verbose Summary: Schedule
============================================================
* Number of FSM states : 1
* Pipeline : 1
  Pipeline-0 : II = 1, D = 1, States = { 1 }
* Dataflow Pipeline: 0

* FSM state transitions: 
1 --> 

* FSM state operations: 

State 1 <SV = 0> <Delay = 5.95>
ST_1 : Operation 4 [1/1] (0.00ns)   --->   "%i = alloca i32 1" [poseidon.cpp:42]   --->   Operation 4 'alloca' 'i' <Predicate = true> <Delay = 0.00>
ST_1 : Operation 5 [1/1] (0.00ns)   --->   "%specinterface_ln0 = specinterface void @_ssdm_op_SpecInterface, i512 %in_stream, void @empty_6, i32 0, i32 0, void @empty, i32 0, i32 0, void @empty_3, void @empty_3, void @empty_3, i32 0, i32 0, i32 0, i32 0, void @empty_3, void @empty_3, i32 4294967295, i32 0"   --->   Operation 5 'specinterface' 'specinterface_ln0' <Predicate = true> <Delay = 0.00>
ST_1 : Operation 6 [1/1] (1.58ns)   --->   "%store_ln0 = store i256 0, i256 %arrayidx11_23_promoted103_out"   --->   Operation 6 'store' 'store_ln0' <Predicate = true> <Delay = 1.58>
ST_1 : Operation 7 [1/1] (1.58ns)   --->   "%store_ln0 = store i256 0, i256 %arrayidx11_22_promoted101_out"   --->   Operation 7 'store' 'store_ln0' <Predicate = true> <Delay = 1.58>
ST_1 : Operation 8 [1/1] (1.58ns)   --->   "%store_ln0 = store i256 0, i256 %arrayidx11_21_promoted99_out"   --->   Operation 8 'store' 'store_ln0' <Predicate = true> <Delay = 1.58>
ST_1 : Operation 9 [1/1] (1.58ns)   --->   "%store_ln0 = store i256 0, i256 %arrayidx11_20_promoted97_out"   --->   Operation 9 'store' 'store_ln0' <Predicate = true> <Delay = 1.58>
ST_1 : Operation 10 [1/1] (1.58ns)   --->   "%store_ln0 = store i256 0, i256 %arrayidx11_19_promoted95_out"   --->   Operation 10 'store' 'store_ln0' <Predicate = true> <Delay = 1.58>
ST_1 : Operation 11 [1/1] (1.58ns)   --->   "%store_ln0 = store i256 0, i256 %arrayidx11_18_promoted93_out"   --->   Operation 11 'store' 'store_ln0' <Predicate = true> <Delay = 1.58>
ST_1 : Operation 12 [1/1] (1.58ns)   --->   "%store_ln0 = store i256 0, i256 %arrayidx11_17_promoted91_out"   --->   Operation 12 'store' 'store_ln0' <Predicate = true> <Delay = 1.58>
ST_1 : Operation 13 [1/1] (1.58ns)   --->   "%store_ln0 = store i256 0, i256 %arrayidx11_16_promoted89_out"   --->   Operation 13 'store' 'store_ln0' <Predicate = true> <Delay = 1.58>
ST_1 : Operation 14 [1/1] (1.58ns)   --->   "%store_ln0 = store i256 0, i256 %arrayidx11_15_promoted87_out"   --->   Operation 14 'store' 'store_ln0' <Predicate = true> <Delay = 1.58>
ST_1 : Operation 15 [1/1] (1.58ns)   --->   "%store_ln0 = store i256 0, i256 %arrayidx11_14_promoted85_out"   --->   Operation 15 'store' 'store_ln0' <Predicate = true> <Delay = 1.58>
ST_1 : Operation 16 [1/1] (1.58ns)   --->   "%store_ln0 = store i256 0, i256 %arrayidx11_13_promoted83_out"   --->   Operation 16 'store' 'store_ln0' <Predicate = true> <Delay = 1.58>
ST_1 : Operation 17 [1/1] (1.58ns)   --->   "%store_ln0 = store i256 0, i256 %arrayidx11_12_promoted81_out"   --->   Operation 17 'store' 'store_ln0' <Predicate = true> <Delay = 1.58>
ST_1 : Operation 18 [1/1] (1.58ns)   --->   "%store_ln0 = store i256 0, i256 %arrayidx11_11_promoted79_out"   --->   Operation 18 'store' 'store_ln0' <Predicate = true> <Delay = 1.58>
ST_1 : Operation 19 [1/1] (1.58ns)   --->   "%store_ln0 = store i256 0, i256 %arrayidx11_10_promoted77_out"   --->   Operation 19 'store' 'store_ln0' <Predicate = true> <Delay = 1.58>
ST_1 : Operation 20 [1/1] (1.58ns)   --->   "%store_ln0 = store i256 0, i256 %arrayidx11_9_promoted75_out"   --->   Operation 20 'store' 'store_ln0' <Predicate = true> <Delay = 1.58>
ST_1 : Operation 21 [1/1] (1.58ns)   --->   "%store_ln0 = store i256 0, i256 %arrayidx11_8_promoted73_out"   --->   Operation 21 'store' 'store_ln0' <Predicate = true> <Delay = 1.58>
ST_1 : Operation 22 [1/1] (1.58ns)   --->   "%store_ln0 = store i256 0, i256 %arrayidx11_7_promoted71_out"   --->   Operation 22 'store' 'store_ln0' <Predicate = true> <Delay = 1.58>
ST_1 : Operation 23 [1/1] (1.58ns)   --->   "%store_ln0 = store i256 0, i256 %arrayidx11_6_promoted69_out"   --->   Operation 23 'store' 'store_ln0' <Predicate = true> <Delay = 1.58>
ST_1 : Operation 24 [1/1] (1.58ns)   --->   "%store_ln0 = store i256 0, i256 %arrayidx11_5_promoted67_out"   --->   Operation 24 'store' 'store_ln0' <Predicate = true> <Delay = 1.58>
ST_1 : Operation 25 [1/1] (1.58ns)   --->   "%store_ln0 = store i256 0, i256 %arrayidx11_4_promoted65_out"   --->   Operation 25 'store' 'store_ln0' <Predicate = true> <Delay = 1.58>
ST_1 : Operation 26 [1/1] (1.58ns)   --->   "%store_ln0 = store i256 0, i256 %arrayidx11_3_promoted63_out"   --->   Operation 26 'store' 'store_ln0' <Predicate = true> <Delay = 1.58>
ST_1 : Operation 27 [1/1] (1.58ns)   --->   "%store_ln0 = store i256 0, i256 %arrayidx11_2_promoted61_out"   --->   Operation 27 'store' 'store_ln0' <Predicate = true> <Delay = 1.58>
ST_1 : Operation 28 [1/1] (1.58ns)   --->   "%store_ln0 = store i256 0, i256 %arrayidx11_1_promoted59_out"   --->   Operation 28 'store' 'store_ln0' <Predicate = true> <Delay = 1.58>
ST_1 : Operation 29 [1/1] (1.58ns)   --->   "%store_ln0 = store i256 0, i256 %arrayidx82_promoted57_out"   --->   Operation 29 'store' 'store_ln0' <Predicate = true> <Delay = 1.58>
ST_1 : Operation 30 [1/1] (1.58ns)   --->   "%store_ln42 = store i5 0, i5 %i" [poseidon.cpp:42]   --->   Operation 30 'store' 'store_ln42' <Predicate = true> <Delay = 1.58>
ST_1 : Operation 31 [1/1] (0.00ns)   --->   "%br_ln0 = br void %for.inc"   --->   Operation 31 'br' 'br_ln0' <Predicate = true> <Delay = 0.00>
ST_1 : Operation 32 [1/1] (0.00ns)   --->   "%i_2 = load i5 %i" [poseidon.cpp:42]   --->   Operation 32 'load' 'i_2' <Predicate = true> <Delay = 0.00>
ST_1 : Operation 33 [1/1] (1.78ns)   --->   "%icmp_ln42 = icmp_eq  i5 %i_2, i5 24" [poseidon.cpp:42]   --->   Operation 33 'icmp' 'icmp_ln42' <Predicate = true> <Delay = 1.78> <CoreInst = "Cmp">   --->   Core 9 'Cmp' <Latency = 0> <II = 1> <Delay = 1.78> <FuncUnit> <Opcode : 'icmp'> <InPorts = 2> <OutPorts = 1>
ST_1 : Operation 34 [1/1] (1.78ns)   --->   "%add_ln42 = add i5 %i_2, i5 1" [poseidon.cpp:42]   --->   Operation 34 'add' 'add_ln42' <Predicate = true> <Delay = 1.78> <CoreInst = "Adder">   --->   Core 1 'Adder' <Latency = 0> <II = 1> <Delay = 1.78> <FuncUnit> <Opcode : 'add' 'sub'> <InPorts = 2> <OutPorts = 1>
ST_1 : Operation 35 [1/1] (0.00ns)   --->   "%br_ln42 = br i1 %icmp_ln42, void %for.inc.split, void %permutation_loop.exitStub" [poseidon.cpp:42]   --->   Operation 35 'br' 'br_ln42' <Predicate = true> <Delay = 0.00>
ST_1 : Operation 36 [1/1] (0.00ns)   --->   "%specpipeline_ln43 = specpipeline void @_ssdm_op_SpecPipeline, i32 1, i32 0, i32 0, i32 0, void @empty_3" [poseidon.cpp:43]   --->   Operation 36 'specpipeline' 'specpipeline_ln43' <Predicate = (!icmp_ln42)> <Delay = 0.00>
ST_1 : Operation 37 [1/1] (0.00ns)   --->   "%speclooptripcount_ln42 = speclooptripcount void @_ssdm_op_SpecLoopTripCount, i64 24, i64 24, i64 24" [poseidon.cpp:42]   --->   Operation 37 'speclooptripcount' 'speclooptripcount_ln42' <Predicate = (!icmp_ln42)> <Delay = 0.00>
ST_1 : Operation 38 [1/1] (0.00ns)   --->   "%specloopname_ln42 = specloopname void @_ssdm_op_SpecLoopName, void @empty_10" [poseidon.cpp:42]   --->   Operation 38 'specloopname' 'specloopname_ln42' <Predicate = (!icmp_ln42)> <Delay = 0.00>
ST_1 : Operation 39 [1/1] (1.00ns)   --->   "%in_stream_read = read i512 @_ssdm_op_Read.axis.volatile.i512P128A, i512 %in_stream" [poseidon.cpp:44]   --->   Operation 39 'read' 'in_stream_read' <Predicate = (!icmp_ln42)> <Delay = 1.00> <CoreInst = "axis">   --->   Core 115 'axis' <Latency = 0> <II = 1> <Delay = 1.00> <Adapter> <Opcode : >
ST_1 : Operation 40 [1/1] (0.00ns)   --->   "%state = trunc i512 %in_stream_read" [poseidon.cpp:44]   --->   Operation 40 'trunc' 'state' <Predicate = (!icmp_ln42)> <Delay = 0.00>
ST_1 : Operation 41 [1/1] (1.89ns)   --->   "%switch_ln45 = switch i5 %i_2, void %arrayidx.case.23, i5 0, void %for.inc.split.arrayidx.exit_crit_edge2, i5 1, void %arrayidx.case.1, i5 2, void %arrayidx.case.2, i5 3, void %arrayidx.case.3, i5 4, void %arrayidx.case.4, i5 5, void %arrayidx.case.5, i5 6, void %arrayidx.case.6, i5 7, void %arrayidx.case.7, i5 8, void %arrayidx.case.8, i5 9, void %arrayidx.case.9, i5 10, void %arrayidx.case.10, i5 11, void %arrayidx.case.11, i5 12, void %arrayidx.case.12, i5 13, void %arrayidx.case.13, i5 14, void %arrayidx.case.14, i5 15, void %arrayidx.case.15, i5 16, void %arrayidx.case.16, i5 17, void %arrayidx.case.17, i5 18, void %arrayidx.case.18, i5 19, void %arrayidx.case.19, i5 20, void %arrayidx.case.20, i5 21, void %arrayidx.case.21, i5 22, void %for.inc.split.arrayidx.exit_crit_edge" [poseidon.cpp:45]   --->   Operation 41 'switch' 'switch_ln45' <Predicate = (!icmp_ln42)> <Delay = 1.89>
ST_1 : Operation 42 [1/1] (1.58ns)   --->   "%store_ln44 = store i256 %state, i256 %arrayidx11_22_promoted101_out" [poseidon.cpp:44]   --->   Operation 42 'store' 'store_ln44' <Predicate = (!icmp_ln42 & i_2 == 22)> <Delay = 1.58>
ST_1 : Operation 43 [1/1] (0.00ns)   --->   "%br_ln45 = br void %arrayidx.exit" [poseidon.cpp:45]   --->   Operation 43 'br' 'br_ln45' <Predicate = (!icmp_ln42 & i_2 == 22)> <Delay = 0.00>
ST_1 : Operation 44 [1/1] (1.58ns)   --->   "%store_ln44 = store i256 %state, i256 %arrayidx11_21_promoted99_out" [poseidon.cpp:44]   --->   Operation 44 'store' 'store_ln44' <Predicate = (!icmp_ln42 & i_2 == 21)> <Delay = 1.58>
ST_1 : Operation 45 [1/1] (0.00ns)   --->   "%br_ln45 = br void %arrayidx.exit" [poseidon.cpp:45]   --->   Operation 45 'br' 'br_ln45' <Predicate = (!icmp_ln42 & i_2 == 21)> <Delay = 0.00>
ST_1 : Operation 46 [1/1] (1.58ns)   --->   "%store_ln44 = store i256 %state, i256 %arrayidx11_20_promoted97_out" [poseidon.cpp:44]   --->   Operation 46 'store' 'store_ln44' <Predicate = (!icmp_ln42 & i_2 == 20)> <Delay = 1.58>
ST_1 : Operation 47 [1/1] (0.00ns)   --->   "%br_ln45 = br void %arrayidx.exit" [poseidon.cpp:45]   --->   Operation 47 'br' 'br_ln45' <Predicate = (!icmp_ln42 & i_2 == 20)> <Delay = 0.00>
ST_1 : Operation 48 [1/1] (1.58ns)   --->   "%store_ln44 = store i256 %state, i256 %arrayidx11_19_promoted95_out" [poseidon.cpp:44]   --->   Operation 48 'store' 'store_ln44' <Predicate = (!icmp_ln42 & i_2 == 19)> <Delay = 1.58>
ST_1 : Operation 49 [1/1] (0.00ns)   --->   "%br_ln45 = br void %arrayidx.exit" [poseidon.cpp:45]   --->   Operation 49 'br' 'br_ln45' <Predicate = (!icmp_ln42 & i_2 == 19)> <Delay = 0.00>
ST_1 : Operation 50 [1/1] (1.58ns)   --->   "%store_ln44 = store i256 %state, i256 %arrayidx11_18_promoted93_out" [poseidon.cpp:44]   --->   Operation 50 'store' 'store_ln44' <Predicate = (!icmp_ln42 & i_2 == 18)> <Delay = 1.58>
ST_1 : Operation 51 [1/1] (0.00ns)   --->   "%br_ln45 = br void %arrayidx.exit" [poseidon.cpp:45]   --->   Operation 51 'br' 'br_ln45' <Predicate = (!icmp_ln42 & i_2 == 18)> <Delay = 0.00>
ST_1 : Operation 52 [1/1] (1.58ns)   --->   "%store_ln44 = store i256 %state, i256 %arrayidx11_17_promoted91_out" [poseidon.cpp:44]   --->   Operation 52 'store' 'store_ln44' <Predicate = (!icmp_ln42 & i_2 == 17)> <Delay = 1.58>
ST_1 : Operation 53 [1/1] (0.00ns)   --->   "%br_ln45 = br void %arrayidx.exit" [poseidon.cpp:45]   --->   Operation 53 'br' 'br_ln45' <Predicate = (!icmp_ln42 & i_2 == 17)> <Delay = 0.00>
ST_1 : Operation 54 [1/1] (1.58ns)   --->   "%store_ln44 = store i256 %state, i256 %arrayidx11_16_promoted89_out" [poseidon.cpp:44]   --->   Operation 54 'store' 'store_ln44' <Predicate = (!icmp_ln42 & i_2 == 16)> <Delay = 1.58>
ST_1 : Operation 55 [1/1] (0.00ns)   --->   "%br_ln45 = br void %arrayidx.exit" [poseidon.cpp:45]   --->   Operation 55 'br' 'br_ln45' <Predicate = (!icmp_ln42 & i_2 == 16)> <Delay = 0.00>
ST_1 : Operation 56 [1/1] (1.58ns)   --->   "%store_ln44 = store i256 %state, i256 %arrayidx11_15_promoted87_out" [poseidon.cpp:44]   --->   Operation 56 'store' 'store_ln44' <Predicate = (!icmp_ln42 & i_2 == 15)> <Delay = 1.58>
ST_1 : Operation 57 [1/1] (0.00ns)   --->   "%br_ln45 = br void %arrayidx.exit" [poseidon.cpp:45]   --->   Operation 57 'br' 'br_ln45' <Predicate = (!icmp_ln42 & i_2 == 15)> <Delay = 0.00>
ST_1 : Operation 58 [1/1] (1.58ns)   --->   "%store_ln44 = store i256 %state, i256 %arrayidx11_14_promoted85_out" [poseidon.cpp:44]   --->   Operation 58 'store' 'store_ln44' <Predicate = (!icmp_ln42 & i_2 == 14)> <Delay = 1.58>
ST_1 : Operation 59 [1/1] (0.00ns)   --->   "%br_ln45 = br void %arrayidx.exit" [poseidon.cpp:45]   --->   Operation 59 'br' 'br_ln45' <Predicate = (!icmp_ln42 & i_2 == 14)> <Delay = 0.00>
ST_1 : Operation 60 [1/1] (1.58ns)   --->   "%store_ln44 = store i256 %state, i256 %arrayidx11_13_promoted83_out" [poseidon.cpp:44]   --->   Operation 60 'store' 'store_ln44' <Predicate = (!icmp_ln42 & i_2 == 13)> <Delay = 1.58>
ST_1 : Operation 61 [1/1] (0.00ns)   --->   "%br_ln45 = br void %arrayidx.exit" [poseidon.cpp:45]   --->   Operation 61 'br' 'br_ln45' <Predicate = (!icmp_ln42 & i_2 == 13)> <Delay = 0.00>
ST_1 : Operation 62 [1/1] (1.58ns)   --->   "%store_ln44 = store i256 %state, i256 %arrayidx11_12_promoted81_out" [poseidon.cpp:44]   --->   Operation 62 'store' 'store_ln44' <Predicate = (!icmp_ln42 & i_2 == 12)> <Delay = 1.58>
ST_1 : Operation 63 [1/1] (0.00ns)   --->   "%br_ln45 = br void %arrayidx.exit" [poseidon.cpp:45]   --->   Operation 63 'br' 'br_ln45' <Predicate = (!icmp_ln42 & i_2 == 12)> <Delay = 0.00>
ST_1 : Operation 64 [1/1] (1.58ns)   --->   "%store_ln44 = store i256 %state, i256 %arrayidx11_11_promoted79_out" [poseidon.cpp:44]   --->   Operation 64 'store' 'store_ln44' <Predicate = (!icmp_ln42 & i_2 == 11)> <Delay = 1.58>
ST_1 : Operation 65 [1/1] (0.00ns)   --->   "%br_ln45 = br void %arrayidx.exit" [poseidon.cpp:45]   --->   Operation 65 'br' 'br_ln45' <Predicate = (!icmp_ln42 & i_2 == 11)> <Delay = 0.00>
ST_1 : Operation 66 [1/1] (1.58ns)   --->   "%store_ln44 = store i256 %state, i256 %arrayidx11_10_promoted77_out" [poseidon.cpp:44]   --->   Operation 66 'store' 'store_ln44' <Predicate = (!icmp_ln42 & i_2 == 10)> <Delay = 1.58>
ST_1 : Operation 67 [1/1] (0.00ns)   --->   "%br_ln45 = br void %arrayidx.exit" [poseidon.cpp:45]   --->   Operation 67 'br' 'br_ln45' <Predicate = (!icmp_ln42 & i_2 == 10)> <Delay = 0.00>
ST_1 : Operation 68 [1/1] (1.58ns)   --->   "%store_ln44 = store i256 %state, i256 %arrayidx11_9_promoted75_out" [poseidon.cpp:44]   --->   Operation 68 'store' 'store_ln44' <Predicate = (!icmp_ln42 & i_2 == 9)> <Delay = 1.58>
ST_1 : Operation 69 [1/1] (0.00ns)   --->   "%br_ln45 = br void %arrayidx.exit" [poseidon.cpp:45]   --->   Operation 69 'br' 'br_ln45' <Predicate = (!icmp_ln42 & i_2 == 9)> <Delay = 0.00>
ST_1 : Operation 70 [1/1] (1.58ns)   --->   "%store_ln44 = store i256 %state, i256 %arrayidx11_8_promoted73_out" [poseidon.cpp:44]   --->   Operation 70 'store' 'store_ln44' <Predicate = (!icmp_ln42 & i_2 == 8)> <Delay = 1.58>
ST_1 : Operation 71 [1/1] (0.00ns)   --->   "%br_ln45 = br void %arrayidx.exit" [poseidon.cpp:45]   --->   Operation 71 'br' 'br_ln45' <Predicate = (!icmp_ln42 & i_2 == 8)> <Delay = 0.00>
ST_1 : Operation 72 [1/1] (1.58ns)   --->   "%store_ln44 = store i256 %state, i256 %arrayidx11_7_promoted71_out" [poseidon.cpp:44]   --->   Operation 72 'store' 'store_ln44' <Predicate = (!icmp_ln42 & i_2 == 7)> <Delay = 1.58>
ST_1 : Operation 73 [1/1] (0.00ns)   --->   "%br_ln45 = br void %arrayidx.exit" [poseidon.cpp:45]   --->   Operation 73 'br' 'br_ln45' <Predicate = (!icmp_ln42 & i_2 == 7)> <Delay = 0.00>
ST_1 : Operation 74 [1/1] (1.58ns)   --->   "%store_ln44 = store i256 %state, i256 %arrayidx11_6_promoted69_out" [poseidon.cpp:44]   --->   Operation 74 'store' 'store_ln44' <Predicate = (!icmp_ln42 & i_2 == 6)> <Delay = 1.58>
ST_1 : Operation 75 [1/1] (0.00ns)   --->   "%br_ln45 = br void %arrayidx.exit" [poseidon.cpp:45]   --->   Operation 75 'br' 'br_ln45' <Predicate = (!icmp_ln42 & i_2 == 6)> <Delay = 0.00>
ST_1 : Operation 76 [1/1] (1.58ns)   --->   "%store_ln44 = store i256 %state, i256 %arrayidx11_5_promoted67_out" [poseidon.cpp:44]   --->   Operation 76 'store' 'store_ln44' <Predicate = (!icmp_ln42 & i_2 == 5)> <Delay = 1.58>
ST_1 : Operation 77 [1/1] (0.00ns)   --->   "%br_ln45 = br void %arrayidx.exit" [poseidon.cpp:45]   --->   Operation 77 'br' 'br_ln45' <Predicate = (!icmp_ln42 & i_2 == 5)> <Delay = 0.00>
ST_1 : Operation 78 [1/1] (1.58ns)   --->   "%store_ln44 = store i256 %state, i256 %arrayidx11_4_promoted65_out" [poseidon.cpp:44]   --->   Operation 78 'store' 'store_ln44' <Predicate = (!icmp_ln42 & i_2 == 4)> <Delay = 1.58>
ST_1 : Operation 79 [1/1] (0.00ns)   --->   "%br_ln45 = br void %arrayidx.exit" [poseidon.cpp:45]   --->   Operation 79 'br' 'br_ln45' <Predicate = (!icmp_ln42 & i_2 == 4)> <Delay = 0.00>
ST_1 : Operation 80 [1/1] (1.58ns)   --->   "%store_ln44 = store i256 %state, i256 %arrayidx11_3_promoted63_out" [poseidon.cpp:44]   --->   Operation 80 'store' 'store_ln44' <Predicate = (!icmp_ln42 & i_2 == 3)> <Delay = 1.58>
ST_1 : Operation 81 [1/1] (0.00ns)   --->   "%br_ln45 = br void %arrayidx.exit" [poseidon.cpp:45]   --->   Operation 81 'br' 'br_ln45' <Predicate = (!icmp_ln42 & i_2 == 3)> <Delay = 0.00>
ST_1 : Operation 82 [1/1] (1.58ns)   --->   "%store_ln44 = store i256 %state, i256 %arrayidx11_2_promoted61_out" [poseidon.cpp:44]   --->   Operation 82 'store' 'store_ln44' <Predicate = (!icmp_ln42 & i_2 == 2)> <Delay = 1.58>
ST_1 : Operation 83 [1/1] (0.00ns)   --->   "%br_ln45 = br void %arrayidx.exit" [poseidon.cpp:45]   --->   Operation 83 'br' 'br_ln45' <Predicate = (!icmp_ln42 & i_2 == 2)> <Delay = 0.00>
ST_1 : Operation 84 [1/1] (1.58ns)   --->   "%store_ln44 = store i256 %state, i256 %arrayidx11_1_promoted59_out" [poseidon.cpp:44]   --->   Operation 84 'store' 'store_ln44' <Predicate = (!icmp_ln42 & i_2 == 1)> <Delay = 1.58>
ST_1 : Operation 85 [1/1] (0.00ns)   --->   "%br_ln45 = br void %arrayidx.exit" [poseidon.cpp:45]   --->   Operation 85 'br' 'br_ln45' <Predicate = (!icmp_ln42 & i_2 == 1)> <Delay = 0.00>
ST_1 : Operation 86 [1/1] (1.58ns)   --->   "%store_ln44 = store i256 %state, i256 %arrayidx82_promoted57_out" [poseidon.cpp:44]   --->   Operation 86 'store' 'store_ln44' <Predicate = (!icmp_ln42 & i_2 == 0)> <Delay = 1.58>
ST_1 : Operation 87 [1/1] (0.00ns)   --->   "%br_ln45 = br void %arrayidx.exit" [poseidon.cpp:45]   --->   Operation 87 'br' 'br_ln45' <Predicate = (!icmp_ln42 & i_2 == 0)> <Delay = 0.00>
ST_1 : Operation 88 [1/1] (1.58ns)   --->   "%store_ln44 = store i256 %state, i256 %arrayidx11_23_promoted103_out" [poseidon.cpp:44]   --->   Operation 88 'store' 'store_ln44' <Predicate = (!icmp_ln42 & i_2 != 0 & i_2 != 1 & i_2 != 2 & i_2 != 3 & i_2 != 4 & i_2 != 5 & i_2 != 6 & i_2 != 7 & i_2 != 8 & i_2 != 9 & i_2 != 10 & i_2 != 11 & i_2 != 12 & i_2 != 13 & i_2 != 14 & i_2 != 15 & i_2 != 16 & i_2 != 17 & i_2 != 18 & i_2 != 19 & i_2 != 20 & i_2 != 21 & i_2 != 22)> <Delay = 1.58>
ST_1 : Operation 89 [1/1] (0.00ns)   --->   "%br_ln45 = br void %arrayidx.exit" [poseidon.cpp:45]   --->   Operation 89 'br' 'br_ln45' <Predicate = (!icmp_ln42 & i_2 != 0 & i_2 != 1 & i_2 != 2 & i_2 != 3 & i_2 != 4 & i_2 != 5 & i_2 != 6 & i_2 != 7 & i_2 != 8 & i_2 != 9 & i_2 != 10 & i_2 != 11 & i_2 != 12 & i_2 != 13 & i_2 != 14 & i_2 != 15 & i_2 != 16 & i_2 != 17 & i_2 != 18 & i_2 != 19 & i_2 != 20 & i_2 != 21 & i_2 != 22)> <Delay = 0.00>
ST_1 : Operation 90 [1/1] (1.58ns)   --->   "%store_ln42 = store i5 %add_ln42, i5 %i" [poseidon.cpp:42]   --->   Operation 90 'store' 'store_ln42' <Predicate = (!icmp_ln42)> <Delay = 1.58>
ST_1 : Operation 91 [1/1] (0.00ns)   --->   "%br_ln42 = br void %for.inc" [poseidon.cpp:42]   --->   Operation 91 'br' 'br_ln42' <Predicate = (!icmp_ln42)> <Delay = 0.00>
ST_1 : Operation 92 [1/1] (0.00ns)   --->   "%ret_ln0 = ret"   --->   Operation 92 'ret' 'ret_ln0' <Predicate = (icmp_ln42)> <Delay = 0.00>


============================================================
+ Verbose Summary: Binding
============================================================
STG Binding: 
---------------- STG Properties BEGIN ----------------
- Is combinational: 0
- Is one-state seq: 0
- Is datapath-only: 0
- Is pipelined: 0
- Is top level: 0
Port [ Return ] is wired: 1; IO mode=ap_ctrl_hs:ce=0
Port [ in_stream]:  wired=1; compound=1; hidden=0; nouse=0; global=0; static=0; extern=0; dir=0; type=0; pingpong=0; private_global=0; IO mode=axis:ce=0
Port [ arrayidx11_23_promoted103_out]:  wired=1; compound=0; hidden=0; nouse=0; global=0; static=0; extern=0; dir=1; type=0; pingpong=0; private_global=0; IO mode=ap_vld:ce=0
Port [ arrayidx11_22_promoted101_out]:  wired=1; compound=0; hidden=0; nouse=0; global=0; static=0; extern=0; dir=1; type=0; pingpong=0; private_global=0; IO mode=ap_vld:ce=0
Port [ arrayidx11_21_promoted99_out]:  wired=1; compound=0; hidden=0; nouse=0; global=0; static=0; extern=0; dir=1; type=0; pingpong=0; private_global=0; IO mode=ap_vld:ce=0
Port [ arrayidx11_20_promoted97_out]:  wired=1; compound=0; hidden=0; nouse=0; global=0; static=0; extern=0; dir=1; type=0; pingpong=0; private_global=0; IO mode=ap_vld:ce=0
Port [ arrayidx11_19_promoted95_out]:  wired=1; compound=0; hidden=0; nouse=0; global=0; static=0; extern=0; dir=1; type=0; pingpong=0; private_global=0; IO mode=ap_vld:ce=0
Port [ arrayidx11_18_promoted93_out]:  wired=1; compound=0; hidden=0; nouse=0; global=0; static=0; extern=0; dir=1; type=0; pingpong=0; private_global=0; IO mode=ap_vld:ce=0
Port [ arrayidx11_17_promoted91_out]:  wired=1; compound=0; hidden=0; nouse=0; global=0; static=0; extern=0; dir=1; type=0; pingpong=0; private_global=0; IO mode=ap_vld:ce=0
Port [ arrayidx11_16_promoted89_out]:  wired=1; compound=0; hidden=0; nouse=0; global=0; static=0; extern=0; dir=1; type=0; pingpong=0; private_global=0; IO mode=ap_vld:ce=0
Port [ arrayidx11_15_promoted87_out]:  wired=1; compound=0; hidden=0; nouse=0; global=0; static=0; extern=0; dir=1; type=0; pingpong=0; private_global=0; IO mode=ap_vld:ce=0
Port [ arrayidx11_14_promoted85_out]:  wired=1; compound=0; hidden=0; nouse=0; global=0; static=0; extern=0; dir=1; type=0; pingpong=0; private_global=0; IO mode=ap_vld:ce=0
Port [ arrayidx11_13_promoted83_out]:  wired=1; compound=0; hidden=0; nouse=0; global=0; static=0; extern=0; dir=1; type=0; pingpong=0; private_global=0; IO mode=ap_vld:ce=0
Port [ arrayidx11_12_promoted81_out]:  wired=1; compound=0; hidden=0; nouse=0; global=0; static=0; extern=0; dir=1; type=0; pingpong=0; private_global=0; IO mode=ap_vld:ce=0
Port [ arrayidx11_11_promoted79_out]:  wired=1; compound=0; hidden=0; nouse=0; global=0; static=0; extern=0; dir=1; type=0; pingpong=0; private_global=0; IO mode=ap_vld:ce=0
Port [ arrayidx11_10_promoted77_out]:  wired=1; compound=0; hidden=0; nouse=0; global=0; static=0; extern=0; dir=1; type=0; pingpong=0; private_global=0; IO mode=ap_vld:ce=0
Port [ arrayidx11_9_promoted75_out]:  wired=1; compound=0; hidden=0; nouse=0; global=0; static=0; extern=0; dir=1; type=0; pingpong=0; private_global=0; IO mode=ap_vld:ce=0
Port [ arrayidx11_8_promoted73_out]:  wired=1; compound=0; hidden=0; nouse=0; global=0; static=0; extern=0; dir=1; type=0; pingpong=0; private_global=0; IO mode=ap_vld:ce=0
Port [ arrayidx11_7_promoted71_out]:  wired=1; compound=0; hidden=0; nouse=0; global=0; static=0; extern=0; dir=1; type=0; pingpong=0; private_global=0; IO mode=ap_vld:ce=0
Port [ arrayidx11_6_promoted69_out]:  wired=1; compound=0; hidden=0; nouse=0; global=0; static=0; extern=0; dir=1; type=0; pingpong=0; private_global=0; IO mode=ap_vld:ce=0
Port [ arrayidx11_5_promoted67_out]:  wired=1; compound=0; hidden=0; nouse=0; global=0; static=0; extern=0; dir=1; type=0; pingpong=0; private_global=0; IO mode=ap_vld:ce=0
Port [ arrayidx11_4_promoted65_out]:  wired=1; compound=0; hidden=0; nouse=0; global=0; static=0; extern=0; dir=1; type=0; pingpong=0; private_global=0; IO mode=ap_vld:ce=0
Port [ arrayidx11_3_promoted63_out]:  wired=1; compound=0; hidden=0; nouse=0; global=0; static=0; extern=0; dir=1; type=0; pingpong=0; private_global=0; IO mode=ap_vld:ce=0
Port [ arrayidx11_2_promoted61_out]:  wired=1; compound=0; hidden=0; nouse=0; global=0; static=0; extern=0; dir=1; type=0; pingpong=0; private_global=0; IO mode=ap_vld:ce=0
Port [ arrayidx11_1_promoted59_out]:  wired=1; compound=0; hidden=0; nouse=0; global=0; static=0; extern=0; dir=1; type=0; pingpong=0; private_global=0; IO mode=ap_vld:ce=0
Port [ arrayidx82_promoted57_out]:  wired=1; compound=0; hidden=0; nouse=0; global=0; static=0; extern=0; dir=1; type=0; pingpong=0; private_global=0; IO mode=ap_vld:ce=0
---------------- STG Properties END ------------------

---------------- Datapath Model BEGIN ----------------

<LifeTime>
<method=bitvector/>
i                      (alloca           ) [ 01]
specinterface_ln0      (specinterface    ) [ 00]
store_ln0              (store            ) [ 00]
store_ln0              (store            ) [ 00]
store_ln0              (store            ) [ 00]
store_ln0              (store            ) [ 00]
store_ln0              (store            ) [ 00]
store_ln0              (store            ) [ 00]
store_ln0              (store            ) [ 00]
store_ln0              (store            ) [ 00]
store_ln0              (store            ) [ 00]
store_ln0              (store            ) [ 00]
store_ln0              (store            ) [ 00]
store_ln0              (store            ) [ 00]
store_ln0              (store            ) [ 00]
store_ln0              (store            ) [ 00]
store_ln0              (store            ) [ 00]
store_ln0              (store            ) [ 00]
store_ln0              (store            ) [ 00]
store_ln0              (store            ) [ 00]
store_ln0              (store            ) [ 00]
store_ln0              (store            ) [ 00]
store_ln0              (store            ) [ 00]
store_ln0              (store            ) [ 00]
store_ln0              (store            ) [ 00]
store_ln0              (store            ) [ 00]
store_ln42             (store            ) [ 00]
br_ln0                 (br               ) [ 00]
i_2                    (load             ) [ 01]
icmp_ln42              (icmp             ) [ 01]
add_ln42               (add              ) [ 00]
br_ln42                (br               ) [ 00]
specpipeline_ln43      (specpipeline     ) [ 00]
speclooptripcount_ln42 (speclooptripcount) [ 00]
specloopname_ln42      (specloopname     ) [ 00]
in_stream_read         (read             ) [ 00]
state                  (trunc            ) [ 00]
switch_ln45            (switch           ) [ 00]
store_ln44             (store            ) [ 00]
br_ln45                (br               ) [ 00]
store_ln44             (store            ) [ 00]
br_ln45                (br               ) [ 00]
store_ln44             (store            ) [ 00]
br_ln45                (br               ) [ 00]
store_ln44             (store            ) [ 00]
br_ln45                (br               ) [ 00]
store_ln44             (store            ) [ 00]
br_ln45                (br               ) [ 00]
store_ln44             (store            ) [ 00]
br_ln45                (br               ) [ 00]
store_ln44             (store            ) [ 00]
br_ln45                (br               ) [ 00]
store_ln44             (store            ) [ 00]
br_ln45                (br               ) [ 00]
store_ln44             (store            ) [ 00]
br_ln45                (br               ) [ 00]
store_ln44             (store            ) [ 00]
br_ln45                (br               ) [ 00]
store_ln44             (store            ) [ 00]
br_ln45                (br               ) [ 00]
store_ln44             (store            ) [ 00]
br_ln45                (br               ) [ 00]
store_ln44             (store            ) [ 00]
br_ln45                (br               ) [ 00]
store_ln44             (store            ) [ 00]
br_ln45                (br               ) [ 00]
store_ln44             (store            ) [ 00]
br_ln45                (br               ) [ 00]
store_ln44             (store            ) [ 00]
br_ln45                (br               ) [ 00]
store_ln44             (store            ) [ 00]
br_ln45                (br               ) [ 00]
store_ln44             (store            ) [ 00]
br_ln45                (br               ) [ 00]
store_ln44             (store            ) [ 00]
br_ln45                (br               ) [ 00]
store_ln44             (store            ) [ 00]
br_ln45                (br               ) [ 00]
store_ln44             (store            ) [ 00]
br_ln45                (br               ) [ 00]
store_ln44             (store            ) [ 00]
br_ln45                (br               ) [ 00]
store_ln44             (store            ) [ 00]
br_ln45                (br               ) [ 00]
store_ln44             (store            ) [ 00]
br_ln45                (br               ) [ 00]
store_ln42             (store            ) [ 00]
br_ln42                (br               ) [ 00]
ret_ln0                (ret              ) [ 00]
</LifeTime>

<model>

<comp_list>
<comp id="0" class="1000" name="in_stream">
<pin_list>
<pin id="1" dir="1" index="0" bw="1" slack="0"/>
</pin_list>
<bind>
<StgValue><ssdm name="in_stream"/></StgValue>
</bind>
</comp>

<comp id="2" class="1000" name="arrayidx11_23_promoted103_out">
<pin_list>
<pin id="3" dir="1" index="0" bw="1" slack="0"/>
</pin_list>
<bind>
<StgValue><ssdm name="arrayidx11_23_promoted103_out"/></StgValue>
</bind>
</comp>

<comp id="4" class="1000" name="arrayidx11_22_promoted101_out">
<pin_list>
<pin id="5" dir="1" index="0" bw="1" slack="0"/>
</pin_list>
<bind>
<StgValue><ssdm name="arrayidx11_22_promoted101_out"/></StgValue>
</bind>
</comp>

<comp id="6" class="1000" name="arrayidx11_21_promoted99_out">
<pin_list>
<pin id="7" dir="1" index="0" bw="1" slack="0"/>
</pin_list>
<bind>
<StgValue><ssdm name="arrayidx11_21_promoted99_out"/></StgValue>
</bind>
</comp>

<comp id="8" class="1000" name="arrayidx11_20_promoted97_out">
<pin_list>
<pin id="9" dir="1" index="0" bw="1" slack="0"/>
</pin_list>
<bind>
<StgValue><ssdm name="arrayidx11_20_promoted97_out"/></StgValue>
</bind>
</comp>

<comp id="10" class="1000" name="arrayidx11_19_promoted95_out">
<pin_list>
<pin id="11" dir="1" index="0" bw="1" slack="0"/>
</pin_list>
<bind>
<StgValue><ssdm name="arrayidx11_19_promoted95_out"/></StgValue>
</bind>
</comp>

<comp id="12" class="1000" name="arrayidx11_18_promoted93_out">
<pin_list>
<pin id="13" dir="1" index="0" bw="1" slack="0"/>
</pin_list>
<bind>
<StgValue><ssdm name="arrayidx11_18_promoted93_out"/></StgValue>
</bind>
</comp>

<comp id="14" class="1000" name="arrayidx11_17_promoted91_out">
<pin_list>
<pin id="15" dir="1" index="0" bw="1" slack="0"/>
</pin_list>
<bind>
<StgValue><ssdm name="arrayidx11_17_promoted91_out"/></StgValue>
</bind>
</comp>

<comp id="16" class="1000" name="arrayidx11_16_promoted89_out">
<pin_list>
<pin id="17" dir="1" index="0" bw="1" slack="0"/>
</pin_list>
<bind>
<StgValue><ssdm name="arrayidx11_16_promoted89_out"/></StgValue>
</bind>
</comp>

<comp id="18" class="1000" name="arrayidx11_15_promoted87_out">
<pin_list>
<pin id="19" dir="1" index="0" bw="1" slack="0"/>
</pin_list>
<bind>
<StgValue><ssdm name="arrayidx11_15_promoted87_out"/></StgValue>
</bind>
</comp>

<comp id="20" class="1000" name="arrayidx11_14_promoted85_out">
<pin_list>
<pin id="21" dir="1" index="0" bw="1" slack="0"/>
</pin_list>
<bind>
<StgValue><ssdm name="arrayidx11_14_promoted85_out"/></StgValue>
</bind>
</comp>

<comp id="22" class="1000" name="arrayidx11_13_promoted83_out">
<pin_list>
<pin id="23" dir="1" index="0" bw="1" slack="0"/>
</pin_list>
<bind>
<StgValue><ssdm name="arrayidx11_13_promoted83_out"/></StgValue>
</bind>
</comp>

<comp id="24" class="1000" name="arrayidx11_12_promoted81_out">
<pin_list>
<pin id="25" dir="1" index="0" bw="1" slack="0"/>
</pin_list>
<bind>
<StgValue><ssdm name="arrayidx11_12_promoted81_out"/></StgValue>
</bind>
</comp>

<comp id="26" class="1000" name="arrayidx11_11_promoted79_out">
<pin_list>
<pin id="27" dir="1" index="0" bw="1" slack="0"/>
</pin_list>
<bind>
<StgValue><ssdm name="arrayidx11_11_promoted79_out"/></StgValue>
</bind>
</comp>

<comp id="28" class="1000" name="arrayidx11_10_promoted77_out">
<pin_list>
<pin id="29" dir="1" index="0" bw="1" slack="0"/>
</pin_list>
<bind>
<StgValue><ssdm name="arrayidx11_10_promoted77_out"/></StgValue>
</bind>
</comp>

<comp id="30" class="1000" name="arrayidx11_9_promoted75_out">
<pin_list>
<pin id="31" dir="1" index="0" bw="1" slack="0"/>
</pin_list>
<bind>
<StgValue><ssdm name="arrayidx11_9_promoted75_out"/></StgValue>
</bind>
</comp>

<comp id="32" class="1000" name="arrayidx11_8_promoted73_out">
<pin_list>
<pin id="33" dir="1" index="0" bw="1" slack="0"/>
</pin_list>
<bind>
<StgValue><ssdm name="arrayidx11_8_promoted73_out"/></StgValue>
</bind>
</comp>

<comp id="34" class="1000" name="arrayidx11_7_promoted71_out">
<pin_list>
<pin id="35" dir="1" index="0" bw="1" slack="0"/>
</pin_list>
<bind>
<StgValue><ssdm name="arrayidx11_7_promoted71_out"/></StgValue>
</bind>
</comp>

<comp id="36" class="1000" name="arrayidx11_6_promoted69_out">
<pin_list>
<pin id="37" dir="1" index="0" bw="1" slack="0"/>
</pin_list>
<bind>
<StgValue><ssdm name="arrayidx11_6_promoted69_out"/></StgValue>
</bind>
</comp>

<comp id="38" class="1000" name="arrayidx11_5_promoted67_out">
<pin_list>
<pin id="39" dir="1" index="0" bw="1" slack="0"/>
</pin_list>
<bind>
<StgValue><ssdm name="arrayidx11_5_promoted67_out"/></StgValue>
</bind>
</comp>

<comp id="40" class="1000" name="arrayidx11_4_promoted65_out">
<pin_list>
<pin id="41" dir="1" index="0" bw="1" slack="0"/>
</pin_list>
<bind>
<StgValue><ssdm name="arrayidx11_4_promoted65_out"/></StgValue>
</bind>
</comp>

<comp id="42" class="1000" name="arrayidx11_3_promoted63_out">
<pin_list>
<pin id="43" dir="1" index="0" bw="1" slack="0"/>
</pin_list>
<bind>
<StgValue><ssdm name="arrayidx11_3_promoted63_out"/></StgValue>
</bind>
</comp>

<comp id="44" class="1000" name="arrayidx11_2_promoted61_out">
<pin_list>
<pin id="45" dir="1" index="0" bw="1" slack="0"/>
</pin_list>
<bind>
<StgValue><ssdm name="arrayidx11_2_promoted61_out"/></StgValue>
</bind>
</comp>

<comp id="46" class="1000" name="arrayidx11_1_promoted59_out">
<pin_list>
<pin id="47" dir="1" index="0" bw="1" slack="0"/>
</pin_list>
<bind>
<StgValue><ssdm name="arrayidx11_1_promoted59_out"/></StgValue>
</bind>
</comp>

<comp id="48" class="1000" name="arrayidx82_promoted57_out">
<pin_list>
<pin id="49" dir="1" index="0" bw="1" slack="0"/>
</pin_list>
<bind>
<StgValue><ssdm name="arrayidx82_promoted57_out"/></StgValue>
</bind>
</comp>

<comp id="50" class="1001" name="const_50">
<pin_list>
<pin id="51" dir="1" index="0" bw="1" slack="0"/>
</pin_list>
<bind>
<StgValue><ssdm name=""/></StgValue>
</bind>
</comp>

<comp id="52" class="1001" name="const_52">
<pin_list>
<pin id="53" dir="1" index="0" bw="1" slack="2147483647"/>
</pin_list>
<bind>
<StgValue><ssdm name="_ssdm_op_SpecInterface"/></StgValue>
</bind>
</comp>

<comp id="54" class="1001" name="const_54">
<pin_list>
<pin id="55" dir="1" index="0" bw="1" slack="2147483647"/>
</pin_list>
<bind>
<StgValue><ssdm name="empty_6"/></StgValue>
</bind>
</comp>

<comp id="56" class="1001" name="const_56">
<pin_list>
<pin id="57" dir="1" index="0" bw="1" slack="2147483647"/>
</pin_list>
<bind>
<StgValue><ssdm name=""/></StgValue>
</bind>
</comp>

<comp id="58" class="1001" name="const_58">
<pin_list>
<pin id="59" dir="1" index="0" bw="1" slack="2147483647"/>
</pin_list>
<bind>
<StgValue><ssdm name="empty"/></StgValue>
</bind>
</comp>

<comp id="60" class="1001" name="const_60">
<pin_list>
<pin id="61" dir="1" index="0" bw="1" slack="2147483647"/>
</pin_list>
<bind>
<StgValue><ssdm name="empty_3"/></StgValue>
</bind>
</comp>

<comp id="62" class="1001" name="const_62">
<pin_list>
<pin id="63" dir="1" index="0" bw="1" slack="2147483647"/>
</pin_list>
<bind>
<StgValue><ssdm name=""/></StgValue>
</bind>
</comp>

<comp id="64" class="1001" name="const_64">
<pin_list>
<pin id="65" dir="1" index="0" bw="1" slack="0"/>
</pin_list>
<bind>
<StgValue><ssdm name=""/></StgValue>
</bind>
</comp>

<comp id="66" class="1001" name="const_66">
<pin_list>
<pin id="67" dir="1" index="0" bw="1" slack="0"/>
</pin_list>
<bind>
<StgValue><ssdm name=""/></StgValue>
</bind>
</comp>

<comp id="68" class="1001" name="const_68">
<pin_list>
<pin id="69" dir="1" index="0" bw="1" slack="0"/>
</pin_list>
<bind>
<StgValue><ssdm name=""/></StgValue>
</bind>
</comp>

<comp id="70" class="1001" name="const_70">
<pin_list>
<pin id="71" dir="1" index="0" bw="1" slack="0"/>
</pin_list>
<bind>
<StgValue><ssdm name=""/></StgValue>
</bind>
</comp>

<comp id="72" class="1001" name="const_72">
<pin_list>
<pin id="73" dir="1" index="0" bw="1" slack="2147483647"/>
</pin_list>
<bind>
<StgValue><ssdm name="_ssdm_op_SpecPipeline"/></StgValue>
</bind>
</comp>

<comp id="74" class="1001" name="const_74">
<pin_list>
<pin id="75" dir="1" index="0" bw="1" slack="2147483647"/>
</pin_list>
<bind>
<StgValue><ssdm name="_ssdm_op_SpecLoopTripCount"/></StgValue>
</bind>
</comp>

<comp id="76" class="1001" name="const_76">
<pin_list>
<pin id="77" dir="1" index="0" bw="1" slack="2147483647"/>
</pin_list>
<bind>
<StgValue><ssdm name=""/></StgValue>
</bind>
</comp>

<comp id="78" class="1001" name="const_78">
<pin_list>
<pin id="79" dir="1" index="0" bw="1" slack="2147483647"/>
</pin_list>
<bind>
<StgValue><ssdm name="_ssdm_op_SpecLoopName"/></StgValue>
</bind>
</comp>

<comp id="80" class="1001" name="const_80">
<pin_list>
<pin id="81" dir="1" index="0" bw="1" slack="2147483647"/>
</pin_list>
<bind>
<StgValue><ssdm name="empty_10"/></StgValue>
</bind>
</comp>

<comp id="82" class="1001" name="const_82">
<pin_list>
<pin id="83" dir="1" index="0" bw="1" slack="0"/>
</pin_list>
<bind>
<StgValue><ssdm name="_ssdm_op_Read.axis.volatile.i512P128A"/></StgValue>
</bind>
</comp>

<comp id="84" class="1001" name="const_84">
<pin_list>
<pin id="85" dir="1" index="0" bw="1" slack="2147483647"/>
</pin_list>
<bind>
<StgValue><ssdm name=""/></StgValue>
</bind>
</comp>

<comp id="86" class="1001" name="const_86">
<pin_list>
<pin id="87" dir="1" index="0" bw="1" slack="2147483647"/>
</pin_list>
<bind>
<StgValue><ssdm name=""/></StgValue>
</bind>
</comp>

<comp id="88" class="1001" name="const_88">
<pin_list>
<pin id="89" dir="1" index="0" bw="1" slack="2147483647"/>
</pin_list>
<bind>
<StgValue><ssdm name=""/></StgValue>
</bind>
</comp>

<comp id="90" class="1001" name="const_90">
<pin_list>
<pin id="91" dir="1" index="0" bw="1" slack="2147483647"/>
</pin_list>
<bind>
<StgValue><ssdm name=""/></StgValue>
</bind>
</comp>

<comp id="92" class="1001" name="const_92">
<pin_list>
<pin id="93" dir="1" index="0" bw="1" slack="2147483647"/>
</pin_list>
<bind>
<StgValue><ssdm name=""/></StgValue>
</bind>
</comp>

<comp id="94" class="1001" name="const_94">
<pin_list>
<pin id="95" dir="1" index="0" bw="1" slack="2147483647"/>
</pin_list>
<bind>
<StgValue><ssdm name=""/></StgValue>
</bind>
</comp>

<comp id="96" class="1001" name="const_96">
<pin_list>
<pin id="97" dir="1" index="0" bw="1" slack="2147483647"/>
</pin_list>
<bind>
<StgValue><ssdm name=""/></StgValue>
</bind>
</comp>

<comp id="98" class="1001" name="const_98">
<pin_list>
<pin id="99" dir="1" index="0" bw="1" slack="2147483647"/>
</pin_list>
<bind>
<StgValue><ssdm name=""/></StgValue>
</bind>
</comp>

<comp id="100" class="1001" name="const_100">
<pin_list>
<pin id="101" dir="1" index="0" bw="1" slack="2147483647"/>
</pin_list>
<bind>
<StgValue><ssdm name=""/></StgValue>
</bind>
</comp>

<comp id="102" class="1001" name="const_102">
<pin_list>
<pin id="103" dir="1" index="0" bw="1" slack="2147483647"/>
</pin_list>
<bind>
<StgValue><ssdm name=""/></StgValue>
</bind>
</comp>

<comp id="104" class="1001" name="const_104">
<pin_list>
<pin id="105" dir="1" index="0" bw="1" slack="2147483647"/>
</pin_list>
<bind>
<StgValue><ssdm name=""/></StgValue>
</bind>
</comp>

<comp id="106" class="1001" name="const_106">
<pin_list>
<pin id="107" dir="1" index="0" bw="1" slack="2147483647"/>
</pin_list>
<bind>
<StgValue><ssdm name=""/></StgValue>
</bind>
</comp>

<comp id="108" class="1001" name="const_108">
<pin_list>
<pin id="109" dir="1" index="0" bw="1" slack="2147483647"/>
</pin_list>
<bind>
<StgValue><ssdm name=""/></StgValue>
</bind>
</comp>

<comp id="110" class="1001" name="const_110">
<pin_list>
<pin id="111" dir="1" index="0" bw="1" slack="2147483647"/>
</pin_list>
<bind>
<StgValue><ssdm name=""/></StgValue>
</bind>
</comp>

<comp id="112" class="1001" name="const_112">
<pin_list>
<pin id="113" dir="1" index="0" bw="1" slack="2147483647"/>
</pin_list>
<bind>
<StgValue><ssdm name=""/></StgValue>
</bind>
</comp>

<comp id="114" class="1001" name="const_114">
<pin_list>
<pin id="115" dir="1" index="0" bw="1" slack="2147483647"/>
</pin_list>
<bind>
<StgValue><ssdm name=""/></StgValue>
</bind>
</comp>

<comp id="116" class="1001" name="const_116">
<pin_list>
<pin id="117" dir="1" index="0" bw="1" slack="2147483647"/>
</pin_list>
<bind>
<StgValue><ssdm name=""/></StgValue>
</bind>
</comp>

<comp id="118" class="1001" name="const_118">
<pin_list>
<pin id="119" dir="1" index="0" bw="1" slack="2147483647"/>
</pin_list>
<bind>
<StgValue><ssdm name=""/></StgValue>
</bind>
</comp>

<comp id="120" class="1001" name="const_120">
<pin_list>
<pin id="121" dir="1" index="0" bw="1" slack="2147483647"/>
</pin_list>
<bind>
<StgValue><ssdm name=""/></StgValue>
</bind>
</comp>

<comp id="122" class="1001" name="const_122">
<pin_list>
<pin id="123" dir="1" index="0" bw="1" slack="2147483647"/>
</pin_list>
<bind>
<StgValue><ssdm name=""/></StgValue>
</bind>
</comp>

<comp id="124" class="1001" name="const_124">
<pin_list>
<pin id="125" dir="1" index="0" bw="1" slack="2147483647"/>
</pin_list>
<bind>
<StgValue><ssdm name=""/></StgValue>
</bind>
</comp>

<comp id="126" class="1004" name="i_fu_126">
<pin_list>
<pin id="127" dir="0" index="0" bw="1" slack="0"/>
<pin id="128" dir="1" index="1" bw="5" slack="0"/>
</pin_list>
<bind>
<opcode="alloca(26) " fcode="alloca"/>
<opset="i/1 "/>
</bind>
</comp>

<comp id="130" class="1004" name="in_stream_read_read_fu_130">
<pin_list>
<pin id="131" dir="0" index="0" bw="512" slack="0"/>
<pin id="132" dir="0" index="1" bw="512" slack="0"/>
<pin id="133" dir="1" index="2" bw="512" slack="0"/>
</pin_list>
<bind>
<opcode="read(1150) " fcode="read"/>
<opset="in_stream_read/1 "/>
</bind>
</comp>

<comp id="136" class="1004" name="store_ln0_store_fu_136">
<pin_list>
<pin id="137" dir="0" index="0" bw="1" slack="0"/>
<pin id="138" dir="0" index="1" bw="256" slack="0"/>
<pin id="139" dir="1" index="2" bw="0" slack="2147483647"/>
</pin_list>
<bind>
<opcode="store(28) " fcode="store"/>
<opset="store_ln0/1 "/>
</bind>
</comp>

<comp id="142" class="1004" name="store_ln0_store_fu_142">
<pin_list>
<pin id="143" dir="0" index="0" bw="1" slack="0"/>
<pin id="144" dir="0" index="1" bw="256" slack="0"/>
<pin id="145" dir="1" index="2" bw="0" slack="2147483647"/>
</pin_list>
<bind>
<opcode="store(28) " fcode="store"/>
<opset="store_ln0/1 "/>
</bind>
</comp>

<comp id="148" class="1004" name="store_ln0_store_fu_148">
<pin_list>
<pin id="149" dir="0" index="0" bw="1" slack="0"/>
<pin id="150" dir="0" index="1" bw="256" slack="0"/>
<pin id="151" dir="1" index="2" bw="0" slack="2147483647"/>
</pin_list>
<bind>
<opcode="store(28) " fcode="store"/>
<opset="store_ln0/1 "/>
</bind>
</comp>

<comp id="154" class="1004" name="store_ln0_store_fu_154">
<pin_list>
<pin id="155" dir="0" index="0" bw="1" slack="0"/>
<pin id="156" dir="0" index="1" bw="256" slack="0"/>
<pin id="157" dir="1" index="2" bw="0" slack="2147483647"/>
</pin_list>
<bind>
<opcode="store(28) " fcode="store"/>
<opset="store_ln0/1 "/>
</bind>
</comp>

<comp id="160" class="1004" name="store_ln0_store_fu_160">
<pin_list>
<pin id="161" dir="0" index="0" bw="1" slack="0"/>
<pin id="162" dir="0" index="1" bw="256" slack="0"/>
<pin id="163" dir="1" index="2" bw="0" slack="2147483647"/>
</pin_list>
<bind>
<opcode="store(28) " fcode="store"/>
<opset="store_ln0/1 "/>
</bind>
</comp>

<comp id="166" class="1004" name="store_ln0_store_fu_166">
<pin_list>
<pin id="167" dir="0" index="0" bw="1" slack="0"/>
<pin id="168" dir="0" index="1" bw="256" slack="0"/>
<pin id="169" dir="1" index="2" bw="0" slack="2147483647"/>
</pin_list>
<bind>
<opcode="store(28) " fcode="store"/>
<opset="store_ln0/1 "/>
</bind>
</comp>

<comp id="172" class="1004" name="store_ln0_store_fu_172">
<pin_list>
<pin id="173" dir="0" index="0" bw="1" slack="0"/>
<pin id="174" dir="0" index="1" bw="256" slack="0"/>
<pin id="175" dir="1" index="2" bw="0" slack="2147483647"/>
</pin_list>
<bind>
<opcode="store(28) " fcode="store"/>
<opset="store_ln0/1 "/>
</bind>
</comp>

<comp id="178" class="1004" name="store_ln0_store_fu_178">
<pin_list>
<pin id="179" dir="0" index="0" bw="1" slack="0"/>
<pin id="180" dir="0" index="1" bw="256" slack="0"/>
<pin id="181" dir="1" index="2" bw="0" slack="2147483647"/>
</pin_list>
<bind>
<opcode="store(28) " fcode="store"/>
<opset="store_ln0/1 "/>
</bind>
</comp>

<comp id="184" class="1004" name="store_ln0_store_fu_184">
<pin_list>
<pin id="185" dir="0" index="0" bw="1" slack="0"/>
<pin id="186" dir="0" index="1" bw="256" slack="0"/>
<pin id="187" dir="1" index="2" bw="0" slack="2147483647"/>
</pin_list>
<bind>
<opcode="store(28) " fcode="store"/>
<opset="store_ln0/1 "/>
</bind>
</comp>

<comp id="190" class="1004" name="store_ln0_store_fu_190">
<pin_list>
<pin id="191" dir="0" index="0" bw="1" slack="0"/>
<pin id="192" dir="0" index="1" bw="256" slack="0"/>
<pin id="193" dir="1" index="2" bw="0" slack="2147483647"/>
</pin_list>
<bind>
<opcode="store(28) " fcode="store"/>
<opset="store_ln0/1 "/>
</bind>
</comp>

<comp id="196" class="1004" name="store_ln0_store_fu_196">
<pin_list>
<pin id="197" dir="0" index="0" bw="1" slack="0"/>
<pin id="198" dir="0" index="1" bw="256" slack="0"/>
<pin id="199" dir="1" index="2" bw="0" slack="2147483647"/>
</pin_list>
<bind>
<opcode="store(28) " fcode="store"/>
<opset="store_ln0/1 "/>
</bind>
</comp>

<comp id="202" class="1004" name="store_ln0_store_fu_202">
<pin_list>
<pin id="203" dir="0" index="0" bw="1" slack="0"/>
<pin id="204" dir="0" index="1" bw="256" slack="0"/>
<pin id="205" dir="1" index="2" bw="0" slack="2147483647"/>
</pin_list>
<bind>
<opcode="store(28) " fcode="store"/>
<opset="store_ln0/1 "/>
</bind>
</comp>

<comp id="208" class="1004" name="store_ln0_store_fu_208">
<pin_list>
<pin id="209" dir="0" index="0" bw="1" slack="0"/>
<pin id="210" dir="0" index="1" bw="256" slack="0"/>
<pin id="211" dir="1" index="2" bw="0" slack="2147483647"/>
</pin_list>
<bind>
<opcode="store(28) " fcode="store"/>
<opset="store_ln0/1 "/>
</bind>
</comp>

<comp id="214" class="1004" name="store_ln0_store_fu_214">
<pin_list>
<pin id="215" dir="0" index="0" bw="1" slack="0"/>
<pin id="216" dir="0" index="1" bw="256" slack="0"/>
<pin id="217" dir="1" index="2" bw="0" slack="2147483647"/>
</pin_list>
<bind>
<opcode="store(28) " fcode="store"/>
<opset="store_ln0/1 "/>
</bind>
</comp>

<comp id="220" class="1004" name="store_ln0_store_fu_220">
<pin_list>
<pin id="221" dir="0" index="0" bw="1" slack="0"/>
<pin id="222" dir="0" index="1" bw="256" slack="0"/>
<pin id="223" dir="1" index="2" bw="0" slack="2147483647"/>
</pin_list>
<bind>
<opcode="store(28) " fcode="store"/>
<opset="store_ln0/1 "/>
</bind>
</comp>

<comp id="226" class="1004" name="store_ln0_store_fu_226">
<pin_list>
<pin id="227" dir="0" index="0" bw="1" slack="0"/>
<pin id="228" dir="0" index="1" bw="256" slack="0"/>
<pin id="229" dir="1" index="2" bw="0" slack="2147483647"/>
</pin_list>
<bind>
<opcode="store(28) " fcode="store"/>
<opset="store_ln0/1 "/>
</bind>
</comp>

<comp id="232" class="1004" name="store_ln0_store_fu_232">
<pin_list>
<pin id="233" dir="0" index="0" bw="1" slack="0"/>
<pin id="234" dir="0" index="1" bw="256" slack="0"/>
<pin id="235" dir="1" index="2" bw="0" slack="2147483647"/>
</pin_list>
<bind>
<opcode="store(28) " fcode="store"/>
<opset="store_ln0/1 "/>
</bind>
</comp>

<comp id="238" class="1004" name="store_ln0_store_fu_238">
<pin_list>
<pin id="239" dir="0" index="0" bw="1" slack="0"/>
<pin id="240" dir="0" index="1" bw="256" slack="0"/>
<pin id="241" dir="1" index="2" bw="0" slack="2147483647"/>
</pin_list>
<bind>
<opcode="store(28) " fcode="store"/>
<opset="store_ln0/1 "/>
</bind>
</comp>

<comp id="244" class="1004" name="store_ln0_store_fu_244">
<pin_list>
<pin id="245" dir="0" index="0" bw="1" slack="0"/>
<pin id="246" dir="0" index="1" bw="256" slack="0"/>
<pin id="247" dir="1" index="2" bw="0" slack="2147483647"/>
</pin_list>
<bind>
<opcode="store(28) " fcode="store"/>
<opset="store_ln0/1 "/>
</bind>
</comp>

<comp id="250" class="1004" name="store_ln0_store_fu_250">
<pin_list>
<pin id="251" dir="0" index="0" bw="1" slack="0"/>
<pin id="252" dir="0" index="1" bw="256" slack="0"/>
<pin id="253" dir="1" index="2" bw="0" slack="2147483647"/>
</pin_list>
<bind>
<opcode="store(28) " fcode="store"/>
<opset="store_ln0/1 "/>
</bind>
</comp>

<comp id="256" class="1004" name="store_ln0_store_fu_256">
<pin_list>
<pin id="257" dir="0" index="0" bw="1" slack="0"/>
<pin id="258" dir="0" index="1" bw="256" slack="0"/>
<pin id="259" dir="1" index="2" bw="0" slack="2147483647"/>
</pin_list>
<bind>
<opcode="store(28) " fcode="store"/>
<opset="store_ln0/1 "/>
</bind>
</comp>

<comp id="262" class="1004" name="store_ln0_store_fu_262">
<pin_list>
<pin id="263" dir="0" index="0" bw="1" slack="0"/>
<pin id="264" dir="0" index="1" bw="256" slack="0"/>
<pin id="265" dir="1" index="2" bw="0" slack="2147483647"/>
</pin_list>
<bind>
<opcode="store(28) " fcode="store"/>
<opset="store_ln0/1 "/>
</bind>
</comp>

<comp id="268" class="1004" name="store_ln0_store_fu_268">
<pin_list>
<pin id="269" dir="0" index="0" bw="1" slack="0"/>
<pin id="270" dir="0" index="1" bw="256" slack="0"/>
<pin id="271" dir="1" index="2" bw="0" slack="2147483647"/>
</pin_list>
<bind>
<opcode="store(28) " fcode="store"/>
<opset="store_ln0/1 "/>
</bind>
</comp>

<comp id="274" class="1004" name="store_ln0_store_fu_274">
<pin_list>
<pin id="275" dir="0" index="0" bw="1" slack="0"/>
<pin id="276" dir="0" index="1" bw="256" slack="0"/>
<pin id="277" dir="1" index="2" bw="0" slack="2147483647"/>
</pin_list>
<bind>
<opcode="store(28) " fcode="store"/>
<opset="store_ln0/1 "/>
</bind>
</comp>

<comp id="280" class="1004" name="store_ln42_store_fu_280">
<pin_list>
<pin id="281" dir="0" index="0" bw="1" slack="0"/>
<pin id="282" dir="0" index="1" bw="5" slack="0"/>
<pin id="283" dir="1" index="2" bw="0" slack="2147483647"/>
</pin_list>
<bind>
<opcode="store(28) " fcode="store"/>
<opset="store_ln42/1 "/>
</bind>
</comp>

<comp id="285" class="1004" name="i_2_load_fu_285">
<pin_list>
<pin id="286" dir="0" index="0" bw="5" slack="0"/>
<pin id="287" dir="1" index="1" bw="5" slack="0"/>
</pin_list>
<bind>
<opcode="load(27) " fcode="load"/>
<opset="i_2/1 "/>
</bind>
</comp>

<comp id="288" class="1004" name="icmp_ln42_fu_288">
<pin_list>
<pin id="289" dir="0" index="0" bw="5" slack="0"/>
<pin id="290" dir="0" index="1" bw="4" slack="0"/>
<pin id="291" dir="1" index="2" bw="1" slack="2147483647"/>
</pin_list>
<bind>
<opcode="icmp(45) " fcode="icmp"/>
<opset="icmp_ln42/1 "/>
</bind>
</comp>

<comp id="294" class="1004" name="add_ln42_fu_294">
<pin_list>
<pin id="295" dir="0" index="0" bw="5" slack="0"/>
<pin id="296" dir="0" index="1" bw="1" slack="0"/>
<pin id="297" dir="1" index="2" bw="5" slack="0"/>
</pin_list>
<bind>
<opcode="add(8) " fcode="add"/>
<opset="add_ln42/1 "/>
</bind>
</comp>

<comp id="300" class="1004" name="state_fu_300">
<pin_list>
<pin id="301" dir="0" index="0" bw="512" slack="0"/>
<pin id="302" dir="1" index="1" bw="256" slack="0"/>
</pin_list>
<bind>
<opcode="trunc(33) " fcode="trunc"/>
<opset="state/1 "/>
</bind>
</comp>

<comp id="304" class="1004" name="store_ln44_store_fu_304">
<pin_list>
<pin id="305" dir="0" index="0" bw="256" slack="0"/>
<pin id="306" dir="0" index="1" bw="256" slack="0"/>
<pin id="307" dir="1" index="2" bw="0" slack="2147483647"/>
</pin_list>
<bind>
<opcode="store(28) " fcode="store"/>
<opset="store_ln44/1 "/>
</bind>
</comp>

<comp id="310" class="1004" name="store_ln44_store_fu_310">
<pin_list>
<pin id="311" dir="0" index="0" bw="256" slack="0"/>
<pin id="312" dir="0" index="1" bw="256" slack="0"/>
<pin id="313" dir="1" index="2" bw="0" slack="2147483647"/>
</pin_list>
<bind>
<opcode="store(28) " fcode="store"/>
<opset="store_ln44/1 "/>
</bind>
</comp>

<comp id="316" class="1004" name="store_ln44_store_fu_316">
<pin_list>
<pin id="317" dir="0" index="0" bw="256" slack="0"/>
<pin id="318" dir="0" index="1" bw="256" slack="0"/>
<pin id="319" dir="1" index="2" bw="0" slack="2147483647"/>
</pin_list>
<bind>
<opcode="store(28) " fcode="store"/>
<opset="store_ln44/1 "/>
</bind>
</comp>

<comp id="322" class="1004" name="store_ln44_store_fu_322">
<pin_list>
<pin id="323" dir="0" index="0" bw="256" slack="0"/>
<pin id="324" dir="0" index="1" bw="256" slack="0"/>
<pin id="325" dir="1" index="2" bw="0" slack="2147483647"/>
</pin_list>
<bind>
<opcode="store(28) " fcode="store"/>
<opset="store_ln44/1 "/>
</bind>
</comp>

<comp id="328" class="1004" name="store_ln44_store_fu_328">
<pin_list>
<pin id="329" dir="0" index="0" bw="256" slack="0"/>
<pin id="330" dir="0" index="1" bw="256" slack="0"/>
<pin id="331" dir="1" index="2" bw="0" slack="2147483647"/>
</pin_list>
<bind>
<opcode="store(28) " fcode="store"/>
<opset="store_ln44/1 "/>
</bind>
</comp>

<comp id="334" class="1004" name="store_ln44_store_fu_334">
<pin_list>
<pin id="335" dir="0" index="0" bw="256" slack="0"/>
<pin id="336" dir="0" index="1" bw="256" slack="0"/>
<pin id="337" dir="1" index="2" bw="0" slack="2147483647"/>
</pin_list>
<bind>
<opcode="store(28) " fcode="store"/>
<opset="store_ln44/1 "/>
</bind>
</comp>

<comp id="340" class="1004" name="store_ln44_store_fu_340">
<pin_list>
<pin id="341" dir="0" index="0" bw="256" slack="0"/>
<pin id="342" dir="0" index="1" bw="256" slack="0"/>
<pin id="343" dir="1" index="2" bw="0" slack="2147483647"/>
</pin_list>
<bind>
<opcode="store(28) " fcode="store"/>
<opset="store_ln44/1 "/>
</bind>
</comp>

<comp id="346" class="1004" name="store_ln44_store_fu_346">
<pin_list>
<pin id="347" dir="0" index="0" bw="256" slack="0"/>
<pin id="348" dir="0" index="1" bw="256" slack="0"/>
<pin id="349" dir="1" index="2" bw="0" slack="2147483647"/>
</pin_list>
<bind>
<opcode="store(28) " fcode="store"/>
<opset="store_ln44/1 "/>
</bind>
</comp>

<comp id="352" class="1004" name="store_ln44_store_fu_352">
<pin_list>
<pin id="353" dir="0" index="0" bw="256" slack="0"/>
<pin id="354" dir="0" index="1" bw="256" slack="0"/>
<pin id="355" dir="1" index="2" bw="0" slack="2147483647"/>
</pin_list>
<bind>
<opcode="store(28) " fcode="store"/>
<opset="store_ln44/1 "/>
</bind>
</comp>

<comp id="358" class="1004" name="store_ln44_store_fu_358">
<pin_list>
<pin id="359" dir="0" index="0" bw="256" slack="0"/>
<pin id="360" dir="0" index="1" bw="256" slack="0"/>
<pin id="361" dir="1" index="2" bw="0" slack="2147483647"/>
</pin_list>
<bind>
<opcode="store(28) " fcode="store"/>
<opset="store_ln44/1 "/>
</bind>
</comp>

<comp id="364" class="1004" name="store_ln44_store_fu_364">
<pin_list>
<pin id="365" dir="0" index="0" bw="256" slack="0"/>
<pin id="366" dir="0" index="1" bw="256" slack="0"/>
<pin id="367" dir="1" index="2" bw="0" slack="2147483647"/>
</pin_list>
<bind>
<opcode="store(28) " fcode="store"/>
<opset="store_ln44/1 "/>
</bind>
</comp>

<comp id="370" class="1004" name="store_ln44_store_fu_370">
<pin_list>
<pin id="371" dir="0" index="0" bw="256" slack="0"/>
<pin id="372" dir="0" index="1" bw="256" slack="0"/>
<pin id="373" dir="1" index="2" bw="0" slack="2147483647"/>
</pin_list>
<bind>
<opcode="store(28) " fcode="store"/>
<opset="store_ln44/1 "/>
</bind>
</comp>

<comp id="376" class="1004" name="store_ln44_store_fu_376">
<pin_list>
<pin id="377" dir="0" index="0" bw="256" slack="0"/>
<pin id="378" dir="0" index="1" bw="256" slack="0"/>
<pin id="379" dir="1" index="2" bw="0" slack="2147483647"/>
</pin_list>
<bind>
<opcode="store(28) " fcode="store"/>
<opset="store_ln44/1 "/>
</bind>
</comp>

<comp id="382" class="1004" name="store_ln44_store_fu_382">
<pin_list>
<pin id="383" dir="0" index="0" bw="256" slack="0"/>
<pin id="384" dir="0" index="1" bw="256" slack="0"/>
<pin id="385" dir="1" index="2" bw="0" slack="2147483647"/>
</pin_list>
<bind>
<opcode="store(28) " fcode="store"/>
<opset="store_ln44/1 "/>
</bind>
</comp>

<comp id="388" class="1004" name="store_ln44_store_fu_388">
<pin_list>
<pin id="389" dir="0" index="0" bw="256" slack="0"/>
<pin id="390" dir="0" index="1" bw="256" slack="0"/>
<pin id="391" dir="1" index="2" bw="0" slack="2147483647"/>
</pin_list>
<bind>
<opcode="store(28) " fcode="store"/>
<opset="store_ln44/1 "/>
</bind>
</comp>

<comp id="394" class="1004" name="store_ln44_store_fu_394">
<pin_list>
<pin id="395" dir="0" index="0" bw="256" slack="0"/>
<pin id="396" dir="0" index="1" bw="256" slack="0"/>
<pin id="397" dir="1" index="2" bw="0" slack="2147483647"/>
</pin_list>
<bind>
<opcode="store(28) " fcode="store"/>
<opset="store_ln44/1 "/>
</bind>
</comp>

<comp id="400" class="1004" name="store_ln44_store_fu_400">
<pin_list>
<pin id="401" dir="0" index="0" bw="256" slack="0"/>
<pin id="402" dir="0" index="1" bw="256" slack="0"/>
<pin id="403" dir="1" index="2" bw="0" slack="2147483647"/>
</pin_list>
<bind>
<opcode="store(28) " fcode="store"/>
<opset="store_ln44/1 "/>
</bind>
</comp>

<comp id="406" class="1004" name="store_ln44_store_fu_406">
<pin_list>
<pin id="407" dir="0" index="0" bw="256" slack="0"/>
<pin id="408" dir="0" index="1" bw="256" slack="0"/>
<pin id="409" dir="1" index="2" bw="0" slack="2147483647"/>
</pin_list>
<bind>
<opcode="store(28) " fcode="store"/>
<opset="store_ln44/1 "/>
</bind>
</comp>

<comp id="412" class="1004" name="store_ln44_store_fu_412">
<pin_list>
<pin id="413" dir="0" index="0" bw="256" slack="0"/>
<pin id="414" dir="0" index="1" bw="256" slack="0"/>
<pin id="415" dir="1" index="2" bw="0" slack="2147483647"/>
</pin_list>
<bind>
<opcode="store(28) " fcode="store"/>
<opset="store_ln44/1 "/>
</bind>
</comp>

<comp id="418" class="1004" name="store_ln44_store_fu_418">
<pin_list>
<pin id="419" dir="0" index="0" bw="256" slack="0"/>
<pin id="420" dir="0" index="1" bw="256" slack="0"/>
<pin id="421" dir="1" index="2" bw="0" slack="2147483647"/>
</pin_list>
<bind>
<opcode="store(28) " fcode="store"/>
<opset="store_ln44/1 "/>
</bind>
</comp>

<comp id="424" class="1004" name="store_ln44_store_fu_424">
<pin_list>
<pin id="425" dir="0" index="0" bw="256" slack="0"/>
<pin id="426" dir="0" index="1" bw="256" slack="0"/>
<pin id="427" dir="1" index="2" bw="0" slack="2147483647"/>
</pin_list>
<bind>
<opcode="store(28) " fcode="store"/>
<opset="store_ln44/1 "/>
</bind>
</comp>

<comp id="430" class="1004" name="store_ln44_store_fu_430">
<pin_list>
<pin id="431" dir="0" index="0" bw="256" slack="0"/>
<pin id="432" dir="0" index="1" bw="256" slack="0"/>
<pin id="433" dir="1" index="2" bw="0" slack="2147483647"/>
</pin_list>
<bind>
<opcode="store(28) " fcode="store"/>
<opset="store_ln44/1 "/>
</bind>
</comp>

<comp id="436" class="1004" name="store_ln44_store_fu_436">
<pin_list>
<pin id="437" dir="0" index="0" bw="256" slack="0"/>
<pin id="438" dir="0" index="1" bw="256" slack="0"/>
<pin id="439" dir="1" index="2" bw="0" slack="2147483647"/>
</pin_list>
<bind>
<opcode="store(28) " fcode="store"/>
<opset="store_ln44/1 "/>
</bind>
</comp>

<comp id="442" class="1004" name="store_ln44_store_fu_442">
<pin_list>
<pin id="443" dir="0" index="0" bw="256" slack="0"/>
<pin id="444" dir="0" index="1" bw="256" slack="0"/>
<pin id="445" dir="1" index="2" bw="0" slack="2147483647"/>
</pin_list>
<bind>
<opcode="store(28) " fcode="store"/>
<opset="store_ln44/1 "/>
</bind>
</comp>

<comp id="448" class="1004" name="store_ln42_store_fu_448">
<pin_list>
<pin id="449" dir="0" index="0" bw="5" slack="0"/>
<pin id="450" dir="0" index="1" bw="5" slack="0"/>
<pin id="451" dir="1" index="2" bw="0" slack="2147483647"/>
</pin_list>
<bind>
<opcode="store(28) " fcode="store"/>
<opset="store_ln42/1 "/>
</bind>
</comp>

<comp id="453" class="1005" name="i_reg_453">
<pin_list>
<pin id="454" dir="0" index="0" bw="5" slack="0"/>
<pin id="455" dir="1" index="1" bw="5" slack="0"/>
</pin_list>
<bind>
<opset="i "/>
</bind>
</comp>

</comp_list>

<net_list>
<net id="129"><net_src comp="50" pin="0"/><net_sink comp="126" pin=0"/></net>

<net id="134"><net_src comp="82" pin="0"/><net_sink comp="130" pin=0"/></net>

<net id="135"><net_src comp="0" pin="0"/><net_sink comp="130" pin=1"/></net>

<net id="140"><net_src comp="64" pin="0"/><net_sink comp="136" pin=0"/></net>

<net id="141"><net_src comp="2" pin="0"/><net_sink comp="136" pin=1"/></net>

<net id="146"><net_src comp="64" pin="0"/><net_sink comp="142" pin=0"/></net>

<net id="147"><net_src comp="4" pin="0"/><net_sink comp="142" pin=1"/></net>

<net id="152"><net_src comp="64" pin="0"/><net_sink comp="148" pin=0"/></net>

<net id="153"><net_src comp="6" pin="0"/><net_sink comp="148" pin=1"/></net>

<net id="158"><net_src comp="64" pin="0"/><net_sink comp="154" pin=0"/></net>

<net id="159"><net_src comp="8" pin="0"/><net_sink comp="154" pin=1"/></net>

<net id="164"><net_src comp="64" pin="0"/><net_sink comp="160" pin=0"/></net>

<net id="165"><net_src comp="10" pin="0"/><net_sink comp="160" pin=1"/></net>

<net id="170"><net_src comp="64" pin="0"/><net_sink comp="166" pin=0"/></net>

<net id="171"><net_src comp="12" pin="0"/><net_sink comp="166" pin=1"/></net>

<net id="176"><net_src comp="64" pin="0"/><net_sink comp="172" pin=0"/></net>

<net id="177"><net_src comp="14" pin="0"/><net_sink comp="172" pin=1"/></net>

<net id="182"><net_src comp="64" pin="0"/><net_sink comp="178" pin=0"/></net>

<net id="183"><net_src comp="16" pin="0"/><net_sink comp="178" pin=1"/></net>

<net id="188"><net_src comp="64" pin="0"/><net_sink comp="184" pin=0"/></net>

<net id="189"><net_src comp="18" pin="0"/><net_sink comp="184" pin=1"/></net>

<net id="194"><net_src comp="64" pin="0"/><net_sink comp="190" pin=0"/></net>

<net id="195"><net_src comp="20" pin="0"/><net_sink comp="190" pin=1"/></net>

<net id="200"><net_src comp="64" pin="0"/><net_sink comp="196" pin=0"/></net>

<net id="201"><net_src comp="22" pin="0"/><net_sink comp="196" pin=1"/></net>

<net id="206"><net_src comp="64" pin="0"/><net_sink comp="202" pin=0"/></net>

<net id="207"><net_src comp="24" pin="0"/><net_sink comp="202" pin=1"/></net>

<net id="212"><net_src comp="64" pin="0"/><net_sink comp="208" pin=0"/></net>

<net id="213"><net_src comp="26" pin="0"/><net_sink comp="208" pin=1"/></net>

<net id="218"><net_src comp="64" pin="0"/><net_sink comp="214" pin=0"/></net>

<net id="219"><net_src comp="28" pin="0"/><net_sink comp="214" pin=1"/></net>

<net id="224"><net_src comp="64" pin="0"/><net_sink comp="220" pin=0"/></net>

<net id="225"><net_src comp="30" pin="0"/><net_sink comp="220" pin=1"/></net>

<net id="230"><net_src comp="64" pin="0"/><net_sink comp="226" pin=0"/></net>

<net id="231"><net_src comp="32" pin="0"/><net_sink comp="226" pin=1"/></net>

<net id="236"><net_src comp="64" pin="0"/><net_sink comp="232" pin=0"/></net>

<net id="237"><net_src comp="34" pin="0"/><net_sink comp="232" pin=1"/></net>

<net id="242"><net_src comp="64" pin="0"/><net_sink comp="238" pin=0"/></net>

<net id="243"><net_src comp="36" pin="0"/><net_sink comp="238" pin=1"/></net>

<net id="248"><net_src comp="64" pin="0"/><net_sink comp="244" pin=0"/></net>

<net id="249"><net_src comp="38" pin="0"/><net_sink comp="244" pin=1"/></net>

<net id="254"><net_src comp="64" pin="0"/><net_sink comp="250" pin=0"/></net>

<net id="255"><net_src comp="40" pin="0"/><net_sink comp="250" pin=1"/></net>

<net id="260"><net_src comp="64" pin="0"/><net_sink comp="256" pin=0"/></net>

<net id="261"><net_src comp="42" pin="0"/><net_sink comp="256" pin=1"/></net>

<net id="266"><net_src comp="64" pin="0"/><net_sink comp="262" pin=0"/></net>

<net id="267"><net_src comp="44" pin="0"/><net_sink comp="262" pin=1"/></net>

<net id="272"><net_src comp="64" pin="0"/><net_sink comp="268" pin=0"/></net>

<net id="273"><net_src comp="46" pin="0"/><net_sink comp="268" pin=1"/></net>

<net id="278"><net_src comp="64" pin="0"/><net_sink comp="274" pin=0"/></net>

<net id="279"><net_src comp="48" pin="0"/><net_sink comp="274" pin=1"/></net>

<net id="284"><net_src comp="66" pin="0"/><net_sink comp="280" pin=0"/></net>

<net id="292"><net_src comp="285" pin="1"/><net_sink comp="288" pin=0"/></net>

<net id="293"><net_src comp="68" pin="0"/><net_sink comp="288" pin=1"/></net>

<net id="298"><net_src comp="285" pin="1"/><net_sink comp="294" pin=0"/></net>

<net id="299"><net_src comp="70" pin="0"/><net_sink comp="294" pin=1"/></net>

<net id="303"><net_src comp="130" pin="2"/><net_sink comp="300" pin=0"/></net>

<net id="308"><net_src comp="300" pin="1"/><net_sink comp="304" pin=0"/></net>

<net id="309"><net_src comp="4" pin="0"/><net_sink comp="304" pin=1"/></net>

<net id="314"><net_src comp="300" pin="1"/><net_sink comp="310" pin=0"/></net>

<net id="315"><net_src comp="6" pin="0"/><net_sink comp="310" pin=1"/></net>

<net id="320"><net_src comp="300" pin="1"/><net_sink comp="316" pin=0"/></net>

<net id="321"><net_src comp="8" pin="0"/><net_sink comp="316" pin=1"/></net>

<net id="326"><net_src comp="300" pin="1"/><net_sink comp="322" pin=0"/></net>

<net id="327"><net_src comp="10" pin="0"/><net_sink comp="322" pin=1"/></net>

<net id="332"><net_src comp="300" pin="1"/><net_sink comp="328" pin=0"/></net>

<net id="333"><net_src comp="12" pin="0"/><net_sink comp="328" pin=1"/></net>

<net id="338"><net_src comp="300" pin="1"/><net_sink comp="334" pin=0"/></net>

<net id="339"><net_src comp="14" pin="0"/><net_sink comp="334" pin=1"/></net>

<net id="344"><net_src comp="300" pin="1"/><net_sink comp="340" pin=0"/></net>

<net id="345"><net_src comp="16" pin="0"/><net_sink comp="340" pin=1"/></net>

<net id="350"><net_src comp="300" pin="1"/><net_sink comp="346" pin=0"/></net>

<net id="351"><net_src comp="18" pin="0"/><net_sink comp="346" pin=1"/></net>

<net id="356"><net_src comp="300" pin="1"/><net_sink comp="352" pin=0"/></net>

<net id="357"><net_src comp="20" pin="0"/><net_sink comp="352" pin=1"/></net>

<net id="362"><net_src comp="300" pin="1"/><net_sink comp="358" pin=0"/></net>

<net id="363"><net_src comp="22" pin="0"/><net_sink comp="358" pin=1"/></net>

<net id="368"><net_src comp="300" pin="1"/><net_sink comp="364" pin=0"/></net>

<net id="369"><net_src comp="24" pin="0"/><net_sink comp="364" pin=1"/></net>

<net id="374"><net_src comp="300" pin="1"/><net_sink comp="370" pin=0"/></net>

<net id="375"><net_src comp="26" pin="0"/><net_sink comp="370" pin=1"/></net>

<net id="380"><net_src comp="300" pin="1"/><net_sink comp="376" pin=0"/></net>

<net id="381"><net_src comp="28" pin="0"/><net_sink comp="376" pin=1"/></net>

<net id="386"><net_src comp="300" pin="1"/><net_sink comp="382" pin=0"/></net>

<net id="387"><net_src comp="30" pin="0"/><net_sink comp="382" pin=1"/></net>

<net id="392"><net_src comp="300" pin="1"/><net_sink comp="388" pin=0"/></net>

<net id="393"><net_src comp="32" pin="0"/><net_sink comp="388" pin=1"/></net>

<net id="398"><net_src comp="300" pin="1"/><net_sink comp="394" pin=0"/></net>

<net id="399"><net_src comp="34" pin="0"/><net_sink comp="394" pin=1"/></net>

<net id="404"><net_src comp="300" pin="1"/><net_sink comp="400" pin=0"/></net>

<net id="405"><net_src comp="36" pin="0"/><net_sink comp="400" pin=1"/></net>

<net id="410"><net_src comp="300" pin="1"/><net_sink comp="406" pin=0"/></net>

<net id="411"><net_src comp="38" pin="0"/><net_sink comp="406" pin=1"/></net>

<net id="416"><net_src comp="300" pin="1"/><net_sink comp="412" pin=0"/></net>

<net id="417"><net_src comp="40" pin="0"/><net_sink comp="412" pin=1"/></net>

<net id="422"><net_src comp="300" pin="1"/><net_sink comp="418" pin=0"/></net>

<net id="423"><net_src comp="42" pin="0"/><net_sink comp="418" pin=1"/></net>

<net id="428"><net_src comp="300" pin="1"/><net_sink comp="424" pin=0"/></net>

<net id="429"><net_src comp="44" pin="0"/><net_sink comp="424" pin=1"/></net>

<net id="434"><net_src comp="300" pin="1"/><net_sink comp="430" pin=0"/></net>

<net id="435"><net_src comp="46" pin="0"/><net_sink comp="430" pin=1"/></net>

<net id="440"><net_src comp="300" pin="1"/><net_sink comp="436" pin=0"/></net>

<net id="441"><net_src comp="48" pin="0"/><net_sink comp="436" pin=1"/></net>

<net id="446"><net_src comp="300" pin="1"/><net_sink comp="442" pin=0"/></net>

<net id="447"><net_src comp="2" pin="0"/><net_sink comp="442" pin=1"/></net>

<net id="452"><net_src comp="294" pin="2"/><net_sink comp="448" pin=0"/></net>

<net id="456"><net_src comp="126" pin="1"/><net_sink comp="453" pin=0"/></net>

<net id="457"><net_src comp="453" pin="1"/><net_sink comp="280" pin=1"/></net>

<net id="458"><net_src comp="453" pin="1"/><net_sink comp="285" pin=0"/></net>

<net id="459"><net_src comp="453" pin="1"/><net_sink comp="448" pin=1"/></net>

</net_list>

</model> 
---------------- Datapath Model END ------------------

* FSMD analyzer results:
  - Output states:
	Port: arrayidx11_23_promoted103_out | {1 }
	Port: arrayidx11_22_promoted101_out | {1 }
	Port: arrayidx11_21_promoted99_out | {1 }
	Port: arrayidx11_20_promoted97_out | {1 }
	Port: arrayidx11_19_promoted95_out | {1 }
	Port: arrayidx11_18_promoted93_out | {1 }
	Port: arrayidx11_17_promoted91_out | {1 }
	Port: arrayidx11_16_promoted89_out | {1 }
	Port: arrayidx11_15_promoted87_out | {1 }
	Port: arrayidx11_14_promoted85_out | {1 }
	Port: arrayidx11_13_promoted83_out | {1 }
	Port: arrayidx11_12_promoted81_out | {1 }
	Port: arrayidx11_11_promoted79_out | {1 }
	Port: arrayidx11_10_promoted77_out | {1 }
	Port: arrayidx11_9_promoted75_out | {1 }
	Port: arrayidx11_8_promoted73_out | {1 }
	Port: arrayidx11_7_promoted71_out | {1 }
	Port: arrayidx11_6_promoted69_out | {1 }
	Port: arrayidx11_5_promoted67_out | {1 }
	Port: arrayidx11_4_promoted65_out | {1 }
	Port: arrayidx11_3_promoted63_out | {1 }
	Port: arrayidx11_2_promoted61_out | {1 }
	Port: arrayidx11_1_promoted59_out | {1 }
	Port: arrayidx82_promoted57_out | {1 }
 - Input state : 
	Port: poseidon_top_Pipeline_VITIS_LOOP_42_1 : in_stream | {1 }
  - Chain level:
	State 1
		store_ln42 : 1
		i_2 : 1
		icmp_ln42 : 2
		add_ln42 : 2
		br_ln42 : 3
		switch_ln45 : 2
		store_ln44 : 1
		store_ln44 : 1
		store_ln44 : 1
		store_ln44 : 1
		store_ln44 : 1
		store_ln44 : 1
		store_ln44 : 1
		store_ln44 : 1
		store_ln44 : 1
		store_ln44 : 1
		store_ln44 : 1
		store_ln44 : 1
		store_ln44 : 1
		store_ln44 : 1
		store_ln44 : 1
		store_ln44 : 1
		store_ln44 : 1
		store_ln44 : 1
		store_ln44 : 1
		store_ln44 : 1
		store_ln44 : 1
		store_ln44 : 1
		store_ln44 : 1
		store_ln44 : 1
		store_ln42 : 3


============================================================
+ Verbose Summary: Datapath Resource usage 
============================================================

* Functional unit list:
|----------|----------------------------|---------|---------|
| Operation|       Functional Unit      |    FF   |   LUT   |
|----------|----------------------------|---------|---------|
|   icmp   |      icmp_ln42_fu_288      |    0    |    13   |
|----------|----------------------------|---------|---------|
|    add   |       add_ln42_fu_294      |    0    |    13   |
|----------|----------------------------|---------|---------|
|   read   | in_stream_read_read_fu_130 |    0    |    0    |
|----------|----------------------------|---------|---------|
|   trunc  |        state_fu_300        |    0    |    0    |
|----------|----------------------------|---------|---------|
|   Total  |                            |    0    |    26   |
|----------|----------------------------|---------|---------|

Memories:
N/A

* Register list:
+---------+--------+
|         |   FF   |
+---------+--------+
|i_reg_453|    5   |
+---------+--------+
|  Total  |    5   |
+---------+--------+

* Multiplexer (MUX) list: 
|--------|------|------|------|--------|
|  Comp  |  Pin | Size |  BW  | S x BW |
|--------|------|------|------|--------|
|  Total |      |      |      |    0   |
|--------|------|------|------|--------|



* Summary:
+-----------+--------+--------+
|           |   FF   |   LUT  |
+-----------+--------+--------+
|  Function |    0   |   26   |
|   Memory  |    -   |    -   |
|Multiplexer|    -   |    -   |
|  Register |    5   |    -   |
+-----------+--------+--------+
|   Total   |    5   |   26   |
+-----------+--------+--------+
