

================================================================
== Vitis HLS Report for 'poseidon_top_Pipeline_VITIS_LOOP_92_3'
================================================================
* Date:           Wed May  6 11:50:36 2026

* Version:        2023.2 (Build 4023990 on Oct 11 2023)
* Project:        poseidon_hls
* Solution:       solution1 (Vivado IP Flow Target)
* Product family: zynq
* Target device:  xc7z020-clg484-1


================================================================
== Performance Estimates
================================================================
+ Timing: 
    * Summary: 
    +--------+----------+----------+------------+
    |  Clock |  Target  | Estimated| Uncertainty|
    +--------+----------+----------+------------+
    |ap_clk  |  10.00 ns|  4.956 ns|     2.70 ns|
    +--------+----------+----------+------------+

+ Latency: 
    * Summary: 
    +---------+---------+----------+----------+-----+-----+---------+
    |  Latency (cycles) |  Latency (absolute) |  Interval | Pipeline|
    |   min   |   max   |    min   |    max   | min | max |   Type  |
    +---------+---------+----------+----------+-----+-----+---------+
    |       26|       26|  0.260 us|  0.260 us|   26|   26|       no|
    +---------+---------+----------+----------+-----+-----+---------+

    + Detail: 
        * Instance: 
        N/A

        * Loop: 
        +-------------------+---------+---------+----------+-----------+-----------+------+----------+
        |                   |  Latency (cycles) | Iteration|  Initiation Interval  | Trip |          |
        |     Loop Name     |   min   |   max   |  Latency |  achieved |   target  | Count| Pipelined|
        +-------------------+---------+---------+----------+-----------+-----------+------+----------+
        |- VITIS_LOOP_92_3  |       24|       24|         2|          1|          1|    24|       yes|
        +-------------------+---------+---------+----------+-----------+-----------+------+----------+

============================================================
+ Verbose Summary: Synthesis Manager
============================================================
InlineROM: 1
ExposeGlobal: 0
============================================================
+ Verbose Summary: CDFG Model
============================================================
IsTopModel: 0
ResetActiveHigh: 1
IsCombinational: 0
IsDatapathOnly: 0
HasWiredReturn: 1
HasMFsm: 2
HasVarLatency: 1
IsPipeline: 0
IsRtlPipelined: 0
IsInstanceOverlapped: 0
IsDontTouch: 0
HasImplIP: 0
IsGatedGlobalClock: 0

+ Individual pipeline summary: 
  * Pipeline-0: initiation interval (II) = 1, depth = 2


============================================================
+ Verbose Summary: Schedule
============================================================
* Number of FSM states : 2
* Pipeline : 1
  Pipeline-0 : II = 1, D = 2, States = { 1 2 }
* Dataflow Pipeline: 0

* FSM state transitions: 
1 --> 2 
2 --> 

* FSM state operations: 

State 1 <SV = 0> <Delay = 4.95>
ST_1 : Operation 5 [1/1] (0.00ns)   --->   "%i_1 = alloca i32 1" [poseidon.cpp:92]   --->   Operation 5 'alloca' 'i_1' <Predicate = true> <Delay = 0.00>
ST_1 : Operation 6 [1/1] (0.00ns)   --->   "%specinterface_ln0 = specinterface void @_ssdm_op_SpecInterface, i512 %out_stream, void @empty_6, i32 0, i32 0, void @empty, i32 0, i32 0, void @empty_3, void @empty_3, void @empty_3, i32 0, i32 0, i32 0, i32 0, void @empty_3, void @empty_3, i32 4294967295, i32 0"   --->   Operation 6 'specinterface' 'specinterface_ln0' <Predicate = true> <Delay = 0.00>
ST_1 : Operation 7 [1/1] (0.00ns)   --->   "%p_0_0_011_2388_read = read i256 @_ssdm_op_Read.ap_auto.i256, i256 %p_0_0_011_2388"   --->   Operation 7 'read' 'p_0_0_011_2388_read' <Predicate = true> <Delay = 0.00>
ST_1 : Operation 8 [1/1] (0.00ns)   --->   "%p_0_0_011_2286_read = read i256 @_ssdm_op_Read.ap_auto.i256, i256 %p_0_0_011_2286"   --->   Operation 8 'read' 'p_0_0_011_2286_read' <Predicate = true> <Delay = 0.00>
ST_1 : Operation 9 [1/1] (0.00ns)   --->   "%p_0_0_011_2184_read = read i256 @_ssdm_op_Read.ap_auto.i256, i256 %p_0_0_011_2184"   --->   Operation 9 'read' 'p_0_0_011_2184_read' <Predicate = true> <Delay = 0.00>
ST_1 : Operation 10 [1/1] (0.00ns)   --->   "%p_0_0_011_2082_read = read i256 @_ssdm_op_Read.ap_auto.i256, i256 %p_0_0_011_2082"   --->   Operation 10 'read' 'p_0_0_011_2082_read' <Predicate = true> <Delay = 0.00>
ST_1 : Operation 11 [1/1] (0.00ns)   --->   "%p_0_0_011_1980_read = read i256 @_ssdm_op_Read.ap_auto.i256, i256 %p_0_0_011_1980"   --->   Operation 11 'read' 'p_0_0_011_1980_read' <Predicate = true> <Delay = 0.00>
ST_1 : Operation 12 [1/1] (0.00ns)   --->   "%p_0_0_011_1878_read = read i256 @_ssdm_op_Read.ap_auto.i256, i256 %p_0_0_011_1878"   --->   Operation 12 'read' 'p_0_0_011_1878_read' <Predicate = true> <Delay = 0.00>
ST_1 : Operation 13 [1/1] (0.00ns)   --->   "%p_0_0_011_1776_read = read i256 @_ssdm_op_Read.ap_auto.i256, i256 %p_0_0_011_1776"   --->   Operation 13 'read' 'p_0_0_011_1776_read' <Predicate = true> <Delay = 0.00>
ST_1 : Operation 14 [1/1] (0.00ns)   --->   "%p_0_0_011_1674_read = read i256 @_ssdm_op_Read.ap_auto.i256, i256 %p_0_0_011_1674"   --->   Operation 14 'read' 'p_0_0_011_1674_read' <Predicate = true> <Delay = 0.00>
ST_1 : Operation 15 [1/1] (0.00ns)   --->   "%p_0_0_011_1572_read = read i256 @_ssdm_op_Read.ap_auto.i256, i256 %p_0_0_011_1572"   --->   Operation 15 'read' 'p_0_0_011_1572_read' <Predicate = true> <Delay = 0.00>
ST_1 : Operation 16 [1/1] (0.00ns)   --->   "%p_0_0_011_1470_read = read i256 @_ssdm_op_Read.ap_auto.i256, i256 %p_0_0_011_1470"   --->   Operation 16 'read' 'p_0_0_011_1470_read' <Predicate = true> <Delay = 0.00>
ST_1 : Operation 17 [1/1] (0.00ns)   --->   "%p_0_0_011_1368_read = read i256 @_ssdm_op_Read.ap_auto.i256, i256 %p_0_0_011_1368"   --->   Operation 17 'read' 'p_0_0_011_1368_read' <Predicate = true> <Delay = 0.00>
ST_1 : Operation 18 [1/1] (0.00ns)   --->   "%p_0_0_011_1266_read = read i256 @_ssdm_op_Read.ap_auto.i256, i256 %p_0_0_011_1266"   --->   Operation 18 'read' 'p_0_0_011_1266_read' <Predicate = true> <Delay = 0.00>
ST_1 : Operation 19 [1/1] (0.00ns)   --->   "%p_0_0_011_1164_read = read i256 @_ssdm_op_Read.ap_auto.i256, i256 %p_0_0_011_1164"   --->   Operation 19 'read' 'p_0_0_011_1164_read' <Predicate = true> <Delay = 0.00>
ST_1 : Operation 20 [1/1] (0.00ns)   --->   "%p_0_0_011_1062_read = read i256 @_ssdm_op_Read.ap_auto.i256, i256 %p_0_0_011_1062"   --->   Operation 20 'read' 'p_0_0_011_1062_read' <Predicate = true> <Delay = 0.00>
ST_1 : Operation 21 [1/1] (0.00ns)   --->   "%p_0_0_011_960_read = read i256 @_ssdm_op_Read.ap_auto.i256, i256 %p_0_0_011_960"   --->   Operation 21 'read' 'p_0_0_011_960_read' <Predicate = true> <Delay = 0.00>
ST_1 : Operation 22 [1/1] (0.00ns)   --->   "%p_0_0_011_858_read = read i256 @_ssdm_op_Read.ap_auto.i256, i256 %p_0_0_011_858"   --->   Operation 22 'read' 'p_0_0_011_858_read' <Predicate = true> <Delay = 0.00>
ST_1 : Operation 23 [1/1] (0.00ns)   --->   "%p_0_0_011_756_read = read i256 @_ssdm_op_Read.ap_auto.i256, i256 %p_0_0_011_756"   --->   Operation 23 'read' 'p_0_0_011_756_read' <Predicate = true> <Delay = 0.00>
ST_1 : Operation 24 [1/1] (0.00ns)   --->   "%p_0_0_011_654_read = read i256 @_ssdm_op_Read.ap_auto.i256, i256 %p_0_0_011_654"   --->   Operation 24 'read' 'p_0_0_011_654_read' <Predicate = true> <Delay = 0.00>
ST_1 : Operation 25 [1/1] (0.00ns)   --->   "%p_0_0_011_552_read = read i256 @_ssdm_op_Read.ap_auto.i256, i256 %p_0_0_011_552"   --->   Operation 25 'read' 'p_0_0_011_552_read' <Predicate = true> <Delay = 0.00>
ST_1 : Operation 26 [1/1] (0.00ns)   --->   "%p_0_0_011_450_read = read i256 @_ssdm_op_Read.ap_auto.i256, i256 %p_0_0_011_450"   --->   Operation 26 'read' 'p_0_0_011_450_read' <Predicate = true> <Delay = 0.00>
ST_1 : Operation 27 [1/1] (0.00ns)   --->   "%p_0_0_011_348_read = read i256 @_ssdm_op_Read.ap_auto.i256, i256 %p_0_0_011_348"   --->   Operation 27 'read' 'p_0_0_011_348_read' <Predicate = true> <Delay = 0.00>
ST_1 : Operation 28 [1/1] (0.00ns)   --->   "%p_0_0_011_246_read = read i256 @_ssdm_op_Read.ap_auto.i256, i256 %p_0_0_011_246"   --->   Operation 28 'read' 'p_0_0_011_246_read' <Predicate = true> <Delay = 0.00>
ST_1 : Operation 29 [1/1] (0.00ns)   --->   "%p_0_0_011_144_read = read i256 @_ssdm_op_Read.ap_auto.i256, i256 %p_0_0_011_144"   --->   Operation 29 'read' 'p_0_0_011_144_read' <Predicate = true> <Delay = 0.00>
ST_1 : Operation 30 [1/1] (0.00ns)   --->   "%p_0_0_01942_read = read i256 @_ssdm_op_Read.ap_auto.i256, i256 %p_0_0_01942"   --->   Operation 30 'read' 'p_0_0_01942_read' <Predicate = true> <Delay = 0.00>
ST_1 : Operation 31 [1/1] (1.58ns)   --->   "%store_ln92 = store i5 0, i5 %i_1" [poseidon.cpp:92]   --->   Operation 31 'store' 'store_ln92' <Predicate = true> <Delay = 1.58>
ST_1 : Operation 32 [1/1] (0.00ns)   --->   "%br_ln0 = br void %for.inc100"   --->   Operation 32 'br' 'br_ln0' <Predicate = true> <Delay = 0.00>
ST_1 : Operation 33 [1/1] (0.00ns)   --->   "%i = load i5 %i_1" [poseidon.cpp:92]   --->   Operation 33 'load' 'i' <Predicate = true> <Delay = 0.00>
ST_1 : Operation 34 [1/1] (1.78ns)   --->   "%icmp_ln92 = icmp_eq  i5 %i, i5 24" [poseidon.cpp:92]   --->   Operation 34 'icmp' 'icmp_ln92' <Predicate = true> <Delay = 1.78> <CoreInst = "Cmp">   --->   Core 9 'Cmp' <Latency = 0> <II = 1> <Delay = 1.78> <FuncUnit> <Opcode : 'icmp'> <InPorts = 2> <OutPorts = 1>
ST_1 : Operation 35 [1/1] (1.78ns)   --->   "%add_ln92 = add i5 %i, i5 1" [poseidon.cpp:92]   --->   Operation 35 'add' 'add_ln92' <Predicate = true> <Delay = 1.78> <CoreInst = "Adder">   --->   Core 1 'Adder' <Latency = 0> <II = 1> <Delay = 1.78> <FuncUnit> <Opcode : 'add' 'sub'> <InPorts = 2> <OutPorts = 1>
ST_1 : Operation 36 [1/1] (0.00ns)   --->   "%br_ln92 = br i1 %icmp_ln92, void %for.inc100.split, void %for.end102.exitStub" [poseidon.cpp:92]   --->   Operation 36 'br' 'br_ln92' <Predicate = true> <Delay = 0.00>
ST_1 : Operation 37 [1/1] (3.20ns)   --->   "%out_val_data = sparsemux i256 @_ssdm_op_SparseMux.ap_auto.24i256.i256.i5, i5 0, i256 %p_0_0_01942_read, i5 1, i256 %p_0_0_011_144_read, i5 2, i256 %p_0_0_011_246_read, i5 3, i256 %p_0_0_011_348_read, i5 4, i256 %p_0_0_011_450_read, i5 5, i256 %p_0_0_011_552_read, i5 6, i256 %p_0_0_011_654_read, i5 7, i256 %p_0_0_011_756_read, i5 8, i256 %p_0_0_011_858_read, i5 9, i256 %p_0_0_011_960_read, i5 10, i256 %p_0_0_011_1062_read, i5 11, i256 %p_0_0_011_1164_read, i5 12, i256 %p_0_0_011_1266_read, i5 13, i256 %p_0_0_011_1368_read, i5 14, i256 %p_0_0_011_1470_read, i5 15, i256 %p_0_0_011_1572_read, i5 16, i256 %p_0_0_011_1674_read, i5 17, i256 %p_0_0_011_1776_read, i5 18, i256 %p_0_0_011_1878_read, i5 19, i256 %p_0_0_011_1980_read, i5 20, i256 %p_0_0_011_2082_read, i5 21, i256 %p_0_0_011_2184_read, i5 22, i256 %p_0_0_011_2286_read, i5 23, i256 %p_0_0_011_2388_read, i256 0, i5 %i" [poseidon.cpp:95]   --->   Operation 37 'sparsemux' 'out_val_data' <Predicate = (!icmp_ln92)> <Delay = 3.20> <CoreInst = "SparseMux">   --->   Core 135 'SparseMux' <Latency = 0> <II = 1> <Delay = 3.20> <FuncUnit> <Opcode : 'sparsemux'> <InPorts = 2> <OutPorts = 1>
ST_1 : Operation 38 [1/1] (1.78ns)   --->   "%out_val_last = icmp_eq  i5 %i, i5 23" [poseidon.cpp:96]   --->   Operation 38 'icmp' 'out_val_last' <Predicate = (!icmp_ln92)> <Delay = 1.78> <CoreInst = "Cmp">   --->   Core 9 'Cmp' <Latency = 0> <II = 1> <Delay = 1.78> <FuncUnit> <Opcode : 'icmp'> <InPorts = 2> <OutPorts = 1>
ST_1 : Operation 39 [1/1] (1.58ns)   --->   "%store_ln92 = store i5 %add_ln92, i5 %i_1" [poseidon.cpp:92]   --->   Operation 39 'store' 'store_ln92' <Predicate = (!icmp_ln92)> <Delay = 1.58>
ST_1 : Operation 48 [1/1] (0.00ns)   --->   "%ret_ln0 = ret"   --->   Operation 48 'ret' 'ret_ln0' <Predicate = (icmp_ln92)> <Delay = 0.00>

State 2 <SV = 1> <Delay = 1.00>
ST_2 : Operation 40 [1/1] (0.00ns)   --->   "%specpipeline_ln93 = specpipeline void @_ssdm_op_SpecPipeline, i32 1, i32 0, i32 0, i32 0, void @empty_3" [poseidon.cpp:93]   --->   Operation 40 'specpipeline' 'specpipeline_ln93' <Predicate = true> <Delay = 0.00>
ST_2 : Operation 41 [1/1] (0.00ns)   --->   "%speclooptripcount_ln92 = speclooptripcount void @_ssdm_op_SpecLoopTripCount, i64 24, i64 24, i64 24" [poseidon.cpp:92]   --->   Operation 41 'speclooptripcount' 'speclooptripcount_ln92' <Predicate = true> <Delay = 0.00>
ST_2 : Operation 42 [1/1] (0.00ns)   --->   "%specloopname_ln92 = specloopname void @_ssdm_op_SpecLoopName, void @empty_7" [poseidon.cpp:92]   --->   Operation 42 'specloopname' 'specloopname_ln92' <Predicate = true> <Delay = 0.00>
ST_2 : Operation 43 [1/1] (0.00ns)   --->   "%or_ln = bitconcatenate i289 @_ssdm_op_BitConcatenate.i289.i32.i1.i256, i32 2147483648, i1 %out_val_last, i256 %out_val_data" [poseidon.cpp:98]   --->   Operation 43 'bitconcatenate' 'or_ln' <Predicate = true> <Delay = 0.00>
ST_2 : Operation 44 [1/1] (0.00ns)   --->   "%sext_ln98 = sext i289 %or_ln" [poseidon.cpp:98]   --->   Operation 44 'sext' 'sext_ln98' <Predicate = true> <Delay = 0.00>
ST_2 : Operation 45 [1/1] (0.00ns)   --->   "%zext_ln98 = zext i320 %sext_ln98" [poseidon.cpp:98]   --->   Operation 45 'zext' 'zext_ln98' <Predicate = true> <Delay = 0.00>
ST_2 : Operation 46 [1/1] (1.00ns)   --->   "%write_ln98 = write void @_ssdm_op_Write.axis.volatile.i512P128A, i512 %out_stream, i512 %zext_ln98" [poseidon.cpp:98]   --->   Operation 46 'write' 'write_ln98' <Predicate = true> <Delay = 1.00> <CoreInst = "axis">   --->   Core 115 'axis' <Latency = 0> <II = 1> <Delay = 1.00> <Adapter> <Opcode : >
ST_2 : Operation 47 [1/1] (0.00ns)   --->   "%br_ln92 = br void %for.inc100" [poseidon.cpp:92]   --->   Operation 47 'br' 'br_ln92' <Predicate = true> <Delay = 0.00>


============================================================
+ Verbose Summary: Timing violations
============================================================
Target clock period: 10.000ns, clock uncertainty: 2.700ns.

 <State 1>: 4.956ns
The critical path consists of the following:
	'store' operation 0 bit ('store_ln92', poseidon.cpp:92) of constant 0 on local variable 'i', poseidon.cpp:92 [52]  (1.588 ns)
	'load' operation 5 bit ('i', poseidon.cpp:92) on local variable 'i', poseidon.cpp:92 [55]  (0.000 ns)
	'icmp' operation 1 bit ('icmp_ln92', poseidon.cpp:92) [56]  (1.780 ns)
	'store' operation 0 bit ('store_ln92', poseidon.cpp:92) of variable 'add_ln92', poseidon.cpp:92 on local variable 'i', poseidon.cpp:92 [69]  (1.588 ns)

 <State 2>: 1.000ns
The critical path consists of the following:
	axis write operation ('write_ln98', poseidon.cpp:98) on port 'out_stream' (poseidon.cpp:98) [68]  (1.000 ns)


============================================================
+ Verbose Summary: Binding
============================================================
N/A
* FSMD analyzer results:
  - Output states:
 - Input state : 
  - Chain level:
	State 1
	State 2


============================================================
+ Verbose Summary: Datapath Resource usage 
============================================================
N/A
