================================================================
== Design Size Report
================================================================

* Total Instructions per Compilation Phase
+---------------+-----------------------------+--------------+----------------------------------------------------------------------------------------+
| Phase         | Step                        | Instructions | Description                                                                            |
+---------------+-----------------------------+--------------+----------------------------------------------------------------------------------------+
| Compile/Link  |                             | 2,250        | After all functions are compiled and linked into a single design                       |
|               |                             |              |                                                                                        |
| Unroll/Inline |                             |              | After user unroll and inline pragmas are applied                                       |
|               | (1) unroll                  | 5,417        | user unroll pragmas are applied                                                        |
|               | (2) simplification          | 3,210        | simplification of applied user unroll pragmas                                          |
|               | (3) inline                  | 4,060        | user inline pragmas are applied                                                        |
|               | (4) simplification          | 2,385        | simplification of applied user inline pragmas                                          |
|               |                             |              |                                                                                        |
| Array/Struct  |                             |              | After user array partition and struct aggregate/disaggregate pragmas are applied       |
|               | (1) array partition         | 2,574        | user array partition pragmas are applied                                               |
|               | (2) simplification          | 2,404        | simplification of applied user array partition & struct aggregate/disaggregate pragmas |
|               | (3) aggregate/disaggregate  | 2,428        | user struct aggregate/disaggregate pragmas are applied                                 |
|               | (4) array reshape           | 2,452        | apply array reshape pragmas                                                            |
|               | (5) access patterns         | 2,506        | array access pattern optmizations                                                      |
|               |                             |              |                                                                                        |
| Performance   |                             |              | After transformations are applied to meet performance pragma targets                   |
|               | (1) loop simplification     | 2,039        | loop and instruction simplification                                                    |
|               | (2) parallelization         | 1,841        | loops are unrolled or pipelined to meet performance targets                            |
|               | (3) array partition         | 1,841        | arrays are partitioned to meet performance targets                                     |
|               | (4) simplification          | 1,695        | simplification of design after performance transformations                             |
|               |                             |              |                                                                                        |
| HW Transforms |                             |              | After hardware transfomations                                                          |
|               | (1) lowering                | 1,791        | initial conversion to HW specific instructions                                         |
|               | (2) optimizations           | 1,710        | high level synthesis optimizations                                                     |
+---------------+-----------------------------+--------------+----------------------------------------------------------------------------------------+

* Instructions per Function for each Compilation Phase
+-----------------+-----------------+-----------------+-----------------+-----------------+-----------------+-----------------+
| Function        | Location        | Compile/Link    | Unroll/Inline   | Array/Struct    | Performance     | HW Transforms   |
+-----------------+-----------------+-----------------+-----------------+-----------------+-----------------+-----------------+
| + poseidon_top  | poseidon.cpp:26 | 2,250           | 2,385           | 2,506           | 1,695           | 1,710           |
|    mod_add      | poseidon.cpp:4  |  332 (2 calls)  |  624 (48 calls) |  624 (48 calls) |  264 (24 calls) |  264 (24 calls) |
|  + sbox_quintic | poseidon.cpp:20 | 1,396 (2 calls) |  575 (25 calls) |  575 (25 calls) |  550 (25 calls) |  550 (25 calls) |
|     mod_mul     | poseidon.cpp:13 | 1,332 (6 calls) |                 |                 |                 |                 |
|    mod_mul      | poseidon.cpp:13 |  222            |  264 (24 calls) |  264 (24 calls) |                 |                 |
+-----------------+-----------------+-----------------+-----------------+-----------------+-----------------+-----------------+

* Design Size Message Settings
+---------------------------------------------+--------+------------------------------------------------------------------+
| Message Setting                             | Value  | Description                                                      |
+---------------------------------------------+--------+------------------------------------------------------------------+
| config_compile -design_size_maximum_warning | 100000 | Show a warning when total design instructions exceeds this value |
+---------------------------------------------+--------+------------------------------------------------------------------+


