

================================================================
== Vitis HLS Report for 'poseidon_top'
================================================================
* Date:           Wed May  6 11:50:40 2026

* Version:        2023.2 (Build 4023990 on Oct 11 2023)
* Project:        poseidon_hls
* Solution:       solution1 (Vivado IP Flow Target)
* Product family: zynq
* Target device:  xc7z020-clg484-1


================================================================
== Performance Estimates
================================================================
+ Timing: 
    * Summary: 
    +--------+----------+----------+------------+
    |  Clock |  Target  | Estimated| Uncertainty|
    +--------+----------+----------+------------+
    |ap_clk  |  10.00 ns|  9.242 ns|     2.70 ns|
    +--------+----------+----------+------------+

+ Latency: 
    * Summary: 
    +---------+---------+----------+----------+--------+--------+---------+
    |  Latency (cycles) |  Latency (absolute) |     Interval    | Pipeline|
    |   min   |   max   |    min   |    max   |   min  |   max  |   Type  |
    +---------+---------+----------+----------+--------+--------+---------+
    |   187194|   293274|  1.872 ms|  2.933 ms|  187195|  293275|       no|
    +---------+---------+----------+----------+--------+--------+---------+

    + Detail: 
        * Instance: 
        +--------------------------------------------------+---------------------------------------+---------+---------+-----------+-----------+------+------+---------+
        |                                                  |                                       |  Latency (cycles) |   Latency (absolute)  |   Interval  | Pipeline|
        |                     Instance                     |                 Module                |   min   |   max   |    min    |    max    |  min |  max |   Type  |
        +--------------------------------------------------+---------------------------------------+---------+---------+-----------+-----------+------+------+---------+
        |grp_poseidon_top_Pipeline_VITIS_LOOP_42_1_fu_784  |poseidon_top_Pipeline_VITIS_LOOP_42_1  |       26|       26|   0.260 us|   0.260 us|    26|    26|       no|
        |grp_poseidon_top_Pipeline_VITIS_LOOP_92_3_fu_814  |poseidon_top_Pipeline_VITIS_LOOP_92_3  |       26|       26|   0.260 us|   0.260 us|    26|    26|       no|
        |grp_sbox_quintic_fu_844                           |sbox_quintic                           |     1559|     1559|  15.590 us|  15.590 us|  1559|  1559|       no|
        |grp_sbox_quintic_fu_849                           |sbox_quintic                           |     1559|     1559|  15.590 us|  15.590 us|  1559|  1559|       no|
        |grp_sbox_quintic_fu_854                           |sbox_quintic                           |     1559|     1559|  15.590 us|  15.590 us|  1559|  1559|       no|
        |grp_sbox_quintic_fu_859                           |sbox_quintic                           |     1559|     1559|  15.590 us|  15.590 us|  1559|  1559|       no|
        |grp_sbox_quintic_fu_864                           |sbox_quintic                           |     1559|     1559|  15.590 us|  15.590 us|  1559|  1559|       no|
        |grp_sbox_quintic_fu_869                           |sbox_quintic                           |     1559|     1559|  15.590 us|  15.590 us|  1559|  1559|       no|
        |grp_sbox_quintic_fu_874                           |sbox_quintic                           |     1559|     1559|  15.590 us|  15.590 us|  1559|  1559|       no|
        |grp_sbox_quintic_fu_879                           |sbox_quintic                           |     1559|     1559|  15.590 us|  15.590 us|  1559|  1559|       no|
        |grp_sbox_quintic_fu_884                           |sbox_quintic                           |     1559|     1559|  15.590 us|  15.590 us|  1559|  1559|       no|
        |grp_sbox_quintic_fu_889                           |sbox_quintic                           |     1559|     1559|  15.590 us|  15.590 us|  1559|  1559|       no|
        |grp_sbox_quintic_fu_894                           |sbox_quintic                           |     1559|     1559|  15.590 us|  15.590 us|  1559|  1559|       no|
        |grp_sbox_quintic_fu_899                           |sbox_quintic                           |     1559|     1559|  15.590 us|  15.590 us|  1559|  1559|       no|
        |grp_sbox_quintic_fu_904                           |sbox_quintic                           |     1559|     1559|  15.590 us|  15.590 us|  1559|  1559|       no|
        |grp_sbox_quintic_fu_909                           |sbox_quintic                           |     1559|     1559|  15.590 us|  15.590 us|  1559|  1559|       no|
        |grp_sbox_quintic_fu_914                           |sbox_quintic                           |     1559|     1559|  15.590 us|  15.590 us|  1559|  1559|       no|
        |grp_sbox_quintic_fu_919                           |sbox_quintic                           |     1559|     1559|  15.590 us|  15.590 us|  1559|  1559|       no|
        |grp_sbox_quintic_fu_924                           |sbox_quintic                           |     1559|     1559|  15.590 us|  15.590 us|  1559|  1559|       no|
        |grp_sbox_quintic_fu_929                           |sbox_quintic                           |     1559|     1559|  15.590 us|  15.590 us|  1559|  1559|       no|
        |grp_sbox_quintic_fu_934                           |sbox_quintic                           |     1559|     1559|  15.590 us|  15.590 us|  1559|  1559|       no|
        |grp_sbox_quintic_fu_939                           |sbox_quintic                           |     1559|     1559|  15.590 us|  15.590 us|  1559|  1559|       no|
        |grp_sbox_quintic_fu_944                           |sbox_quintic                           |     1559|     1559|  15.590 us|  15.590 us|  1559|  1559|       no|
        |grp_sbox_quintic_fu_949                           |sbox_quintic                           |     1559|     1559|  15.590 us|  15.590 us|  1559|  1559|       no|
        |grp_sbox_quintic_fu_954                           |sbox_quintic                           |     1559|     1559|  15.590 us|  15.590 us|  1559|  1559|       no|
        |grp_poseidon_top_Pipeline_mds_row_fu_959          |poseidon_top_Pipeline_mds_row          |     1154|     1154|  11.540 us|  11.540 us|  1154|  1154|       no|
        +--------------------------------------------------+---------------------------------------+---------+---------+-----------+-----------+------+------+---------+

        * Loop: 
        +--------------------+---------+---------+-------------+-----------+-----------+------+----------+
        |                    |  Latency (cycles) |  Iteration  |  Initiation Interval  | Trip |          |
        |      Loop Name     |   min   |   max   |   Latency   |  achieved |   target  | Count| Pipelined|
        +--------------------+---------+---------+-------------+-----------+-----------+------+----------+
        |- permutation_loop  |   187136|   293216|  2752 ~ 4312|          -|          -|    68|        no|
        +--------------------+---------+---------+-------------+-----------+-----------+------+----------+



================================================================
== Utilization Estimates
================================================================
* Summary: 
+-----------------+---------+-------+--------+--------+-----+
|       Name      | BRAM_18K|  DSP  |   FF   |   LUT  | URAM|
+-----------------+---------+-------+--------+--------+-----+
|DSP              |        -|      -|       -|       -|    -|
|Expression       |        -|      -|       0|    8960|    -|
|FIFO             |        -|      -|       -|       -|    -|
|Instance         |       30|  21495|  525108|  301920|    -|
|Memory           |        -|      -|       -|       -|    -|
|Multiplexer      |        -|      -|       -|     846|    -|
|Register         |        -|      -|   39550|       -|    -|
+-----------------+---------+-------+--------+--------+-----+
|Total            |       30|  21495|  564658|  311726|    0|
+-----------------+---------+-------+--------+--------+-----+
|Available        |      280|    220|  106400|   53200|    0|
+-----------------+---------+-------+--------+--------+-----+
|Utilization (%)  |       10|   9770|     530|     585|    0|
+-----------------+---------+-------+--------+--------+-----+

+ Detail: 
    * Instance: 
    +--------------------------------------------------+---------------------------------------+---------+-----+--------+--------+-----+
    |                     Instance                     |                 Module                | BRAM_18K| DSP |   FF   |   LUT  | URAM|
    +--------------------------------------------------+---------------------------------------+---------+-----+--------+--------+-----+
    |add_256ns_256ns_256_2_1_U221                      |add_256ns_256ns_256_2_1                |        0|    0|     580|     132|    0|
    |add_256ns_256ns_256_2_1_U224                      |add_256ns_256ns_256_2_1                |        0|    0|     580|     132|    0|
    |add_256ns_256ns_256_2_1_U227                      |add_256ns_256ns_256_2_1                |        0|    0|     580|     132|    0|
    |add_256ns_256ns_256_2_1_U230                      |add_256ns_256ns_256_2_1                |        0|    0|     580|     132|    0|
    |add_256ns_256ns_256_2_1_U233                      |add_256ns_256ns_256_2_1                |        0|    0|     580|     132|    0|
    |add_256ns_256ns_256_2_1_U236                      |add_256ns_256ns_256_2_1                |        0|    0|     580|     132|    0|
    |add_256ns_256ns_256_2_1_U239                      |add_256ns_256ns_256_2_1                |        0|    0|     580|     132|    0|
    |add_256ns_256ns_256_2_1_U240                      |add_256ns_256ns_256_2_1                |        0|    0|     580|     132|    0|
    |add_256ns_256ns_256_2_1_U241                      |add_256ns_256ns_256_2_1                |        0|    0|     580|     132|    0|
    |add_256ns_256ns_256_2_1_U242                      |add_256ns_256ns_256_2_1                |        0|    0|     580|     132|    0|
    |add_256ns_256ns_256_2_1_U243                      |add_256ns_256ns_256_2_1                |        0|    0|     580|     132|    0|
    |add_256ns_256ns_256_2_1_U244                      |add_256ns_256ns_256_2_1                |        0|    0|     580|     132|    0|
    |add_256ns_256ns_256_2_1_U245                      |add_256ns_256ns_256_2_1                |        0|    0|     580|     132|    0|
    |add_256ns_256ns_256_2_1_U246                      |add_256ns_256ns_256_2_1                |        0|    0|     580|     132|    0|
    |add_256ns_256ns_256_2_1_U247                      |add_256ns_256ns_256_2_1                |        0|    0|     580|     132|    0|
    |add_256ns_256ns_256_2_1_U248                      |add_256ns_256ns_256_2_1                |        0|    0|     580|     132|    0|
    |add_256ns_256ns_256_2_1_U249                      |add_256ns_256ns_256_2_1                |        0|    0|     580|     132|    0|
    |add_256ns_256ns_256_2_1_U250                      |add_256ns_256ns_256_2_1                |        0|    0|     580|     132|    0|
    |add_256ns_256ns_256_2_1_U251                      |add_256ns_256ns_256_2_1                |        0|    0|     580|     132|    0|
    |add_256ns_256ns_256_2_1_U252                      |add_256ns_256ns_256_2_1                |        0|    0|     580|     132|    0|
    |add_256ns_256ns_256_2_1_U253                      |add_256ns_256ns_256_2_1                |        0|    0|     580|     132|    0|
    |add_256ns_256ns_256_2_1_U254                      |add_256ns_256ns_256_2_1                |        0|    0|     580|     132|    0|
    |add_256ns_256ns_256_2_1_U255                      |add_256ns_256ns_256_2_1                |        0|    0|     580|     132|    0|
    |add_256ns_256ns_256_2_1_U258                      |add_256ns_256ns_256_2_1                |        0|    0|     580|     132|    0|
    |add_256ns_256s_256_2_1_U223                       |add_256ns_256s_256_2_1                 |        0|    0|     580|     132|    0|
    |add_256ns_256s_256_2_1_U226                       |add_256ns_256s_256_2_1                 |        0|    0|     580|     132|    0|
    |add_256ns_256s_256_2_1_U229                       |add_256ns_256s_256_2_1                 |        0|    0|     580|     132|    0|
    |add_256ns_256s_256_2_1_U232                       |add_256ns_256s_256_2_1                 |        0|    0|     580|     132|    0|
    |add_256ns_256s_256_2_1_U235                       |add_256ns_256s_256_2_1                 |        0|    0|     580|     132|    0|
    |add_256ns_256s_256_2_1_U238                       |add_256ns_256s_256_2_1                 |        0|    0|     580|     132|    0|
    |add_256ns_256s_256_2_1_U257                       |add_256ns_256s_256_2_1                 |        0|    0|     580|     132|    0|
    |add_256ns_256s_256_2_1_U260                       |add_256ns_256s_256_2_1                 |        0|    0|     580|     132|    0|
    |add_256ns_256s_256_2_1_U262                       |add_256ns_256s_256_2_1                 |        0|    0|     580|     132|    0|
    |add_256ns_256s_256_2_1_U264                       |add_256ns_256s_256_2_1                 |        0|    0|     580|     132|    0|
    |add_256ns_256s_256_2_1_U266                       |add_256ns_256s_256_2_1                 |        0|    0|     580|     132|    0|
    |add_256ns_256s_256_2_1_U268                       |add_256ns_256s_256_2_1                 |        0|    0|     580|     132|    0|
    |add_256ns_256s_256_2_1_U270                       |add_256ns_256s_256_2_1                 |        0|    0|     580|     132|    0|
    |add_256ns_256s_256_2_1_U272                       |add_256ns_256s_256_2_1                 |        0|    0|     580|     132|    0|
    |add_256ns_256s_256_2_1_U274                       |add_256ns_256s_256_2_1                 |        0|    0|     580|     132|    0|
    |add_256ns_256s_256_2_1_U276                       |add_256ns_256s_256_2_1                 |        0|    0|     580|     132|    0|
    |add_256ns_256s_256_2_1_U278                       |add_256ns_256s_256_2_1                 |        0|    0|     580|     132|    0|
    |add_256ns_256s_256_2_1_U280                       |add_256ns_256s_256_2_1                 |        0|    0|     580|     132|    0|
    |add_256ns_256s_256_2_1_U282                       |add_256ns_256s_256_2_1                 |        0|    0|     580|     132|    0|
    |add_256ns_256s_256_2_1_U284                       |add_256ns_256s_256_2_1                 |        0|    0|     580|     132|    0|
    |add_256ns_256s_256_2_1_U286                       |add_256ns_256s_256_2_1                 |        0|    0|     580|     132|    0|
    |add_256ns_256s_256_2_1_U288                       |add_256ns_256s_256_2_1                 |        0|    0|     580|     132|    0|
    |add_256ns_256s_256_2_1_U290                       |add_256ns_256s_256_2_1                 |        0|    0|     580|     132|    0|
    |add_256ns_256s_256_2_1_U292                       |add_256ns_256s_256_2_1                 |        0|    0|     580|     132|    0|
    |control_s_axi_U                                   |control_s_axi                          |        0|    0|     176|     296|    0|
    |gmem_m_axi_U                                      |gmem_m_axi                             |       30|    0|    1199|    1206|    0|
    |icmp_256ns_256ns_1_2_1_U222                       |icmp_256ns_256ns_1_2_1                 |        0|    0|     580|     132|    0|
    |icmp_256ns_256ns_1_2_1_U225                       |icmp_256ns_256ns_1_2_1                 |        0|    0|     580|     132|    0|
    |icmp_256ns_256ns_1_2_1_U228                       |icmp_256ns_256ns_1_2_1                 |        0|    0|     580|     132|    0|
    |icmp_256ns_256ns_1_2_1_U231                       |icmp_256ns_256ns_1_2_1                 |        0|    0|     580|     132|    0|
    |icmp_256ns_256ns_1_2_1_U234                       |icmp_256ns_256ns_1_2_1                 |        0|    0|     580|     132|    0|
    |icmp_256ns_256ns_1_2_1_U237                       |icmp_256ns_256ns_1_2_1                 |        0|    0|     580|     132|    0|
    |icmp_256ns_256ns_1_2_1_U256                       |icmp_256ns_256ns_1_2_1                 |        0|    0|     580|     132|    0|
    |icmp_256ns_256ns_1_2_1_U259                       |icmp_256ns_256ns_1_2_1                 |        0|    0|     580|     132|    0|
    |icmp_256ns_256ns_1_2_1_U261                       |icmp_256ns_256ns_1_2_1                 |        0|    0|     580|     132|    0|
    |icmp_256ns_256ns_1_2_1_U263                       |icmp_256ns_256ns_1_2_1                 |        0|    0|     580|     132|    0|
    |icmp_256ns_256ns_1_2_1_U265                       |icmp_256ns_256ns_1_2_1                 |        0|    0|     580|     132|    0|
    |icmp_256ns_256ns_1_2_1_U267                       |icmp_256ns_256ns_1_2_1                 |        0|    0|     580|     132|    0|
    |icmp_256ns_256ns_1_2_1_U269                       |icmp_256ns_256ns_1_2_1                 |        0|    0|     580|     132|    0|
    |icmp_256ns_256ns_1_2_1_U271                       |icmp_256ns_256ns_1_2_1                 |        0|    0|     580|     132|    0|
    |icmp_256ns_256ns_1_2_1_U273                       |icmp_256ns_256ns_1_2_1                 |        0|    0|     580|     132|    0|
    |icmp_256ns_256ns_1_2_1_U275                       |icmp_256ns_256ns_1_2_1                 |        0|    0|     580|     132|    0|
    |icmp_256ns_256ns_1_2_1_U277                       |icmp_256ns_256ns_1_2_1                 |        0|    0|     580|     132|    0|
    |icmp_256ns_256ns_1_2_1_U279                       |icmp_256ns_256ns_1_2_1                 |        0|    0|     580|     132|    0|
    |icmp_256ns_256ns_1_2_1_U281                       |icmp_256ns_256ns_1_2_1                 |        0|    0|     580|     132|    0|
    |icmp_256ns_256ns_1_2_1_U283                       |icmp_256ns_256ns_1_2_1                 |        0|    0|     580|     132|    0|
    |icmp_256ns_256ns_1_2_1_U285                       |icmp_256ns_256ns_1_2_1                 |        0|    0|     580|     132|    0|
    |icmp_256ns_256ns_1_2_1_U287                       |icmp_256ns_256ns_1_2_1                 |        0|    0|     580|     132|    0|
    |icmp_256ns_256ns_1_2_1_U289                       |icmp_256ns_256ns_1_2_1                 |        0|    0|     580|     132|    0|
    |icmp_256ns_256ns_1_2_1_U291                       |icmp_256ns_256ns_1_2_1                 |        0|    0|     580|     132|    0|
    |grp_poseidon_top_Pipeline_VITIS_LOOP_42_1_fu_784  |poseidon_top_Pipeline_VITIS_LOOP_42_1  |        0|    0|       7|     282|    0|
    |grp_poseidon_top_Pipeline_VITIS_LOOP_92_3_fu_814  |poseidon_top_Pipeline_VITIS_LOOP_92_3  |        0|    0|     265|     203|    0|
    |grp_poseidon_top_Pipeline_mds_row_fu_959          |poseidon_top_Pipeline_mds_row          |        0|  450|  297057|  178258|    0|
    |grp_sbox_quintic_fu_844                           |sbox_quintic                           |        0|  915|    8028|    4877|    0|
    |grp_sbox_quintic_fu_849                           |sbox_quintic                           |        0|  915|    8028|    4877|    0|
    |grp_sbox_quintic_fu_854                           |sbox_quintic                           |        0|  915|    8028|    4877|    0|
    |grp_sbox_quintic_fu_859                           |sbox_quintic                           |        0|  915|    8028|    4877|    0|
    |grp_sbox_quintic_fu_864                           |sbox_quintic                           |        0|  915|    8028|    4877|    0|
    |grp_sbox_quintic_fu_869                           |sbox_quintic                           |        0|  915|    8028|    4877|    0|
    |grp_sbox_quintic_fu_874                           |sbox_quintic                           |        0|  915|    8028|    4877|    0|
    |grp_sbox_quintic_fu_879                           |sbox_quintic                           |        0|  915|    8028|    4877|    0|
    |grp_sbox_quintic_fu_884                           |sbox_quintic                           |        0|  915|    8028|    4877|    0|
    |grp_sbox_quintic_fu_889                           |sbox_quintic                           |        0|  915|    8028|    4877|    0|
    |grp_sbox_quintic_fu_894                           |sbox_quintic                           |        0|  915|    8028|    4877|    0|
    |grp_sbox_quintic_fu_899                           |sbox_quintic                           |        0|  915|    8028|    4877|    0|
    |grp_sbox_quintic_fu_904                           |sbox_quintic                           |        0|  915|    8028|    4877|    0|
    |grp_sbox_quintic_fu_909                           |sbox_quintic                           |        0|  915|    8028|    4877|    0|
    |grp_sbox_quintic_fu_914                           |sbox_quintic                           |        0|  915|    8028|    4877|    0|
    |grp_sbox_quintic_fu_919                           |sbox_quintic                           |        0|  915|    8028|    4877|    0|
    |grp_sbox_quintic_fu_924                           |sbox_quintic                           |        0|  915|    8028|    4877|    0|
    |grp_sbox_quintic_fu_929                           |sbox_quintic                           |        0|  915|    8028|    4877|    0|
    |grp_sbox_quintic_fu_934                           |sbox_quintic                           |        0|  915|    8028|    4877|    0|
    |grp_sbox_quintic_fu_939                           |sbox_quintic                           |        0|  915|    8028|    4877|    0|
    |grp_sbox_quintic_fu_944                           |sbox_quintic                           |        0|  915|    8028|    4877|    0|
    |grp_sbox_quintic_fu_949                           |sbox_quintic                           |        0|  915|    8028|    4877|    0|
    |grp_sbox_quintic_fu_954                           |sbox_quintic                           |        0|  915|    8028|    4877|    0|
    +--------------------------------------------------+---------------------------------------+---------+-----+--------+--------+-----+
    |Total                                             |                                       |       30|21495|  525108|  301920|    0|
    +--------------------------------------------------+---------------------------------------+---------+-----+--------+--------+-----+

    * DSP: 
    N/A

    * Memory: 
    N/A

    * FIFO: 
    N/A

    * Expression: 
    +--------------------------------------------------------------------+----------+----+---+-----+------------+------------+
    |                            Variable Name                           | Operation| DSP| FF| LUT | Bitwidth P0| Bitwidth P1|
    +--------------------------------------------------------------------+----------+----+---+-----+------------+------------+
    |add_ln55_10_fu_1292_p2                                              |         +|   0|  0|   67|          60|           4|
    |add_ln55_11_fu_1414_p2                                              |         +|   0|  0|   67|          60|          60|
    |add_ln55_12_fu_1298_p2                                              |         +|   0|  0|   67|          60|           4|
    |add_ln55_13_fu_1419_p2                                              |         +|   0|  0|   67|          60|          60|
    |add_ln55_14_fu_1304_p2                                              |         +|   0|  0|   67|          60|           4|
    |add_ln55_15_fu_1424_p2                                              |         +|   0|  0|   67|          60|          60|
    |add_ln55_16_fu_1310_p2                                              |         +|   0|  0|   67|          60|           4|
    |add_ln55_17_fu_1429_p2                                              |         +|   0|  0|   67|          60|          60|
    |add_ln55_18_fu_1316_p2                                              |         +|   0|  0|   67|          60|           4|
    |add_ln55_19_fu_1434_p2                                              |         +|   0|  0|   67|          60|          60|
    |add_ln55_1_fu_1538_p2                                               |         +|   0|  0|   67|          60|          60|
    |add_ln55_20_fu_1322_p2                                              |         +|   0|  0|   67|          60|           4|
    |add_ln55_21_fu_1439_p2                                              |         +|   0|  0|   67|          60|          60|
    |add_ln55_22_fu_1328_p2                                              |         +|   0|  0|   67|          60|           4|
    |add_ln55_23_fu_1444_p2                                              |         +|   0|  0|   67|          60|          60|
    |add_ln55_24_fu_1334_p2                                              |         +|   0|  0|   67|          60|           5|
    |add_ln55_25_fu_1449_p2                                              |         +|   0|  0|   67|          60|          60|
    |add_ln55_26_fu_1340_p2                                              |         +|   0|  0|   67|          60|           5|
    |add_ln55_27_fu_1454_p2                                              |         +|   0|  0|   67|          60|          60|
    |add_ln55_28_fu_1346_p2                                              |         +|   0|  0|   67|          60|           5|
    |add_ln55_29_fu_1459_p2                                              |         +|   0|  0|   67|          60|          60|
    |add_ln55_2_fu_1562_p2                                               |         +|   0|  0|   67|          60|          60|
    |add_ln55_30_fu_1352_p2                                              |         +|   0|  0|   67|          60|           5|
    |add_ln55_31_fu_1464_p2                                              |         +|   0|  0|   67|          60|          60|
    |add_ln55_32_fu_1358_p2                                              |         +|   0|  0|   67|          60|           5|
    |add_ln55_33_fu_1469_p2                                              |         +|   0|  0|   67|          60|          60|
    |add_ln55_34_fu_1364_p2                                              |         +|   0|  0|   67|          60|           5|
    |add_ln55_35_fu_1474_p2                                              |         +|   0|  0|   67|          60|          60|
    |add_ln55_36_fu_1370_p2                                              |         +|   0|  0|   67|          60|           5|
    |add_ln55_37_fu_1479_p2                                              |         +|   0|  0|   67|          60|          60|
    |add_ln55_38_fu_1376_p2                                              |         +|   0|  0|   67|          60|           5|
    |add_ln55_39_fu_1484_p2                                              |         +|   0|  0|   67|          60|          60|
    |add_ln55_3_fu_1586_p2                                               |         +|   0|  0|   67|          60|          60|
    |add_ln55_40_fu_2426_p2                                              |         +|   0|  0|   12|          11|           5|
    |add_ln55_4_fu_1610_p2                                               |         +|   0|  0|   67|          60|          60|
    |add_ln55_5_fu_1634_p2                                               |         +|   0|  0|   67|          60|          60|
    |add_ln55_6_fu_1658_p2                                               |         +|   0|  0|   67|          60|          60|
    |add_ln55_7_fu_1682_p2                                               |         +|   0|  0|   67|          60|          60|
    |add_ln55_8_fu_1286_p2                                               |         +|   0|  0|   67|          60|           4|
    |add_ln55_9_fu_1409_p2                                               |         +|   0|  0|   67|          60|          60|
    |add_ln55_fu_1404_p2                                                 |         +|   0|  0|   67|          60|          60|
    |r_2_fu_1391_p2                                                      |         +|   0|  0|   14|           7|           1|
    |grp_poseidon_top_Pipeline_VITIS_LOOP_92_3_fu_814_out_stream_TREADY  |       and|   0|  0|    2|           1|           1|
    |icmp_fu_1499_p2                                                     |      icmp|   0|  0|   13|           5|           1|
    |icmp_ln50_fu_1385_p2                                                |      icmp|   0|  0|   14|           7|           7|
    |ap_block_state42_on_subcall_done                                    |        or|   0|  0|    2|           1|           1|
    |or_ln55_1_fu_1543_p2                                                |        or|   0|  0|   11|          11|           2|
    |or_ln55_2_fu_1567_p2                                                |        or|   0|  0|   11|          11|           2|
    |or_ln55_3_fu_1591_p2                                                |        or|   0|  0|   11|          11|           3|
    |or_ln55_4_fu_1615_p2                                                |        or|   0|  0|   11|          11|           3|
    |or_ln55_5_fu_1639_p2                                                |        or|   0|  0|   11|          11|           3|
    |or_ln55_6_fu_1663_p2                                                |        or|   0|  0|   11|          11|           3|
    |or_ln55_fu_1519_p2                                                  |        or|   0|  0|   11|          11|           1|
    |or_ln62_fu_1513_p2                                                  |        or|   0|  0|    2|           1|           1|
    |select_ln7_10_fu_2377_p3                                            |    select|   0|  0|  256|           1|         256|
    |select_ln7_11_fu_2384_p3                                            |    select|   0|  0|  256|           1|         256|
    |select_ln7_12_fu_2391_p3                                            |    select|   0|  0|  256|           1|         256|
    |select_ln7_13_fu_2398_p3                                            |    select|   0|  0|  256|           1|         256|
    |select_ln7_14_fu_2405_p3                                            |    select|   0|  0|  256|           1|         256|
    |select_ln7_15_fu_1903_p3                                            |    select|   0|  0|  256|           1|         256|
    |select_ln7_16_fu_1922_p3                                            |    select|   0|  0|  256|           1|         256|
    |select_ln7_17_fu_2412_p3                                            |    select|   0|  0|  256|           1|         256|
    |select_ln7_18_fu_2419_p3                                            |    select|   0|  0|  256|           1|         256|
    |select_ln7_19_fu_1951_p3                                            |    select|   0|  0|  256|           1|         256|
    |select_ln7_1_fu_2314_p3                                             |    select|   0|  0|  256|           1|         256|
    |select_ln7_20_fu_1975_p3                                            |    select|   0|  0|  256|           1|         256|
    |select_ln7_21_fu_2079_p3                                            |    select|   0|  0|  256|           1|         256|
    |select_ln7_22_fu_2295_p3                                            |    select|   0|  0|  256|           1|         256|
    |select_ln7_23_fu_2431_p3                                            |    select|   0|  0|  256|           1|         256|
    |select_ln7_2_fu_2321_p3                                             |    select|   0|  0|  256|           1|         256|
    |select_ln7_3_fu_2328_p3                                             |    select|   0|  0|  256|           1|         256|
    |select_ln7_4_fu_2335_p3                                             |    select|   0|  0|  256|           1|         256|
    |select_ln7_5_fu_2342_p3                                             |    select|   0|  0|  256|           1|         256|
    |select_ln7_6_fu_2349_p3                                             |    select|   0|  0|  256|           1|         256|
    |select_ln7_7_fu_2356_p3                                             |    select|   0|  0|  256|           1|         256|
    |select_ln7_8_fu_2363_p3                                             |    select|   0|  0|  256|           1|         256|
    |select_ln7_9_fu_2370_p3                                             |    select|   0|  0|  256|           1|         256|
    |select_ln7_fu_1754_p3                                               |    select|   0|  0|  256|           1|         256|
    +--------------------------------------------------------------------+----------+----+---+-----+------------+------------+
    |Total                                                               |          |   0|  0| 8960|        2534|        7690|
    +--------------------------------------------------------------------+----------+----+---+-----+------------+------------+

    * Multiplexer: 
    +-------------------------------+-----+-----------+-----+-----------+
    |              Name             | LUT | Input Size| Bits| Total Bits|
    +-------------------------------+-----+-----------+-----+-----------+
    |ap_NS_fsm                      |  205|         47|    1|         47|
    |gmem_ARADDR                    |  117|         26|   64|       1664|
    |gmem_ARLEN                     |   14|          3|   32|         96|
    |gmem_ARVALID                   |   14|          3|    1|          3|
    |gmem_RREADY                    |   14|          3|    1|          3|
    |gmem_blk_n_AR                  |    9|          2|    1|          2|
    |gmem_blk_n_R                   |    9|          2|    1|          2|
    |grp_sbox_quintic_fu_844_x_val  |   14|          3|  256|        768|
    |in_stream_TREADY_int_regslice  |    9|          2|    1|          2|
    |p_0_0_011_1061_reg_684         |    9|          2|  256|        512|
    |p_0_0_011_1062_fu_194          |    9|          2|  256|        512|
    |p_0_0_011_1163_reg_674         |    9|          2|  256|        512|
    |p_0_0_011_1164_fu_198          |    9|          2|  256|        512|
    |p_0_0_011_1265_reg_664         |    9|          2|  256|        512|
    |p_0_0_011_1266_fu_202          |    9|          2|  256|        512|
    |p_0_0_011_1367_reg_654         |    9|          2|  256|        512|
    |p_0_0_011_1368_fu_206          |    9|          2|  256|        512|
    |p_0_0_011_143_reg_774          |    9|          2|  256|        512|
    |p_0_0_011_144_fu_158           |    9|          2|  256|        512|
    |p_0_0_011_1469_reg_644         |    9|          2|  256|        512|
    |p_0_0_011_1470_fu_210          |    9|          2|  256|        512|
    |p_0_0_011_1571_reg_634         |    9|          2|  256|        512|
    |p_0_0_011_1572_fu_214          |    9|          2|  256|        512|
    |p_0_0_011_1673_reg_624         |    9|          2|  256|        512|
    |p_0_0_011_1674_fu_218          |    9|          2|  256|        512|
    |p_0_0_011_1775_reg_614         |    9|          2|  256|        512|
    |p_0_0_011_1776_fu_222          |    9|          2|  256|        512|
    |p_0_0_011_1877_reg_604         |    9|          2|  256|        512|
    |p_0_0_011_1878_fu_226          |    9|          2|  256|        512|
    |p_0_0_011_1979_reg_594         |    9|          2|  256|        512|
    |p_0_0_011_1980_fu_230          |    9|          2|  256|        512|
    |p_0_0_011_2081_reg_584         |    9|          2|  256|        512|
    |p_0_0_011_2082_fu_234          |    9|          2|  256|        512|
    |p_0_0_011_2183_reg_574         |    9|          2|  256|        512|
    |p_0_0_011_2184_fu_238          |    9|          2|  256|        512|
    |p_0_0_011_2285_reg_564         |    9|          2|  256|        512|
    |p_0_0_011_2286_fu_242          |    9|          2|  256|        512|
    |p_0_0_011_2387_reg_554         |    9|          2|  256|        512|
    |p_0_0_011_2388_fu_246          |    9|          2|  256|        512|
    |p_0_0_011_245_reg_764          |    9|          2|  256|        512|
    |p_0_0_011_246_fu_162           |    9|          2|  256|        512|
    |p_0_0_011_347_reg_754          |    9|          2|  256|        512|
    |p_0_0_011_348_fu_166           |    9|          2|  256|        512|
    |p_0_0_011_449_reg_744          |    9|          2|  256|        512|
    |p_0_0_011_450_fu_170           |    9|          2|  256|        512|
    |p_0_0_011_551_reg_734          |    9|          2|  256|        512|
    |p_0_0_011_552_fu_174           |    9|          2|  256|        512|
    |p_0_0_011_653_reg_724          |    9|          2|  256|        512|
    |p_0_0_011_654_fu_178           |    9|          2|  256|        512|
    |p_0_0_011_755_reg_714          |    9|          2|  256|        512|
    |p_0_0_011_756_fu_182           |    9|          2|  256|        512|
    |p_0_0_011_857_reg_704          |    9|          2|  256|        512|
    |p_0_0_011_858_fu_186           |    9|          2|  256|        512|
    |p_0_0_011_959_reg_694          |    9|          2|  256|        512|
    |p_0_0_011_960_fu_190           |    9|          2|  256|        512|
    |p_0_0_01942_fu_154             |    9|          2|  256|        512|
    |r_fu_150                       |    9|          2|    7|         14|
    |rc_idx_fu_250                  |    9|          2|   11|         22|
    +-------------------------------+-----+-----------+-----+-----------+
    |Total                          |  846|        189|12408|      26687|
    +-------------------------------+-----+-----------+-----+-----------+

    * Register: 
    +---------------------------------------------------------------+-----+----+-----+-----------+
    |                              Name                             |  FF | LUT| Bits| Const Bits|
    +---------------------------------------------------------------+-----+----+-----+-----------+
    |add_ln55_10_reg_2747                                           |   60|   0|   60|          0|
    |add_ln55_11_reg_2843                                           |   60|   0|   60|          0|
    |add_ln55_12_reg_2752                                           |   60|   0|   60|          0|
    |add_ln55_13_reg_2848                                           |   60|   0|   60|          0|
    |add_ln55_14_reg_2757                                           |   60|   0|   60|          0|
    |add_ln55_15_reg_2853                                           |   60|   0|   60|          0|
    |add_ln55_16_reg_2762                                           |   60|   0|   60|          0|
    |add_ln55_17_reg_2858                                           |   60|   0|   60|          0|
    |add_ln55_18_reg_2767                                           |   60|   0|   60|          0|
    |add_ln55_19_reg_2863                                           |   60|   0|   60|          0|
    |add_ln55_1_reg_2928                                            |   60|   0|   60|          0|
    |add_ln55_20_reg_2772                                           |   60|   0|   60|          0|
    |add_ln55_21_reg_2868                                           |   60|   0|   60|          0|
    |add_ln55_22_reg_2777                                           |   60|   0|   60|          0|
    |add_ln55_23_reg_2873                                           |   60|   0|   60|          0|
    |add_ln55_24_reg_2782                                           |   60|   0|   60|          0|
    |add_ln55_25_reg_2878                                           |   60|   0|   60|          0|
    |add_ln55_26_reg_2787                                           |   60|   0|   60|          0|
    |add_ln55_27_reg_2883                                           |   60|   0|   60|          0|
    |add_ln55_28_reg_2792                                           |   60|   0|   60|          0|
    |add_ln55_29_reg_2888                                           |   60|   0|   60|          0|
    |add_ln55_2_reg_2939                                            |   60|   0|   60|          0|
    |add_ln55_30_reg_2797                                           |   60|   0|   60|          0|
    |add_ln55_31_reg_2893                                           |   60|   0|   60|          0|
    |add_ln55_32_reg_2802                                           |   60|   0|   60|          0|
    |add_ln55_33_reg_2898                                           |   60|   0|   60|          0|
    |add_ln55_34_reg_2807                                           |   60|   0|   60|          0|
    |add_ln55_35_reg_2903                                           |   60|   0|   60|          0|
    |add_ln55_36_reg_2812                                           |   60|   0|   60|          0|
    |add_ln55_37_reg_2908                                           |   60|   0|   60|          0|
    |add_ln55_38_reg_2817                                           |   60|   0|   60|          0|
    |add_ln55_39_reg_2913                                           |   60|   0|   60|          0|
    |add_ln55_3_reg_2950                                            |   60|   0|   60|          0|
    |add_ln55_40_reg_3531                                           |   11|   0|   11|          0|
    |add_ln55_4_reg_2961                                            |   60|   0|   60|          0|
    |add_ln55_5_reg_2972                                            |   60|   0|   60|          0|
    |add_ln55_6_reg_2983                                            |   60|   0|   60|          0|
    |add_ln55_7_reg_2994                                            |   60|   0|   60|          0|
    |add_ln55_8_reg_2742                                            |   60|   0|   60|          0|
    |add_ln55_9_reg_2838                                            |   60|   0|   60|          0|
    |add_ln55_reg_2833                                              |   60|   0|   60|          0|
    |add_ln6_23_reg_3310                                            |  256|   0|  256|          0|
    |add_ln6_24_reg_3317                                            |  256|   0|  256|          0|
    |add_ln6_25_reg_3324                                            |  256|   0|  256|          0|
    |add_ln6_26_reg_3331                                            |  256|   0|  256|          0|
    |add_ln6_27_reg_3338                                            |  256|   0|  256|          0|
    |add_ln6_28_reg_3345                                            |  256|   0|  256|          0|
    |add_ln6_29_reg_3352                                            |  256|   0|  256|          0|
    |add_ln6_30_reg_3359                                            |  256|   0|  256|          0|
    |add_ln6_31_reg_3366                                            |  256|   0|  256|          0|
    |add_ln6_32_reg_3373                                            |  256|   0|  256|          0|
    |add_ln6_33_reg_3380                                            |  256|   0|  256|          0|
    |add_ln6_34_reg_3387                                            |  256|   0|  256|          0|
    |add_ln6_35_reg_3394                                            |  256|   0|  256|          0|
    |add_ln6_36_reg_3401                                            |  256|   0|  256|          0|
    |add_ln6_37_reg_3208                                            |  256|   0|  256|          0|
    |add_ln6_38_reg_3226                                            |  256|   0|  256|          0|
    |add_ln6_39_reg_3408                                            |  256|   0|  256|          0|
    |add_ln6_40_reg_3415                                            |  256|   0|  256|          0|
    |add_ln6_41_reg_3254                                            |  256|   0|  256|          0|
    |add_ln6_42_reg_3272                                            |  256|   0|  256|          0|
    |add_ln6_43_reg_3290                                            |  256|   0|  256|          0|
    |add_ln6_44_reg_3303                                            |  256|   0|  256|          0|
    |add_ln6_45_reg_3428                                            |  256|   0|  256|          0|
    |add_ln6_reg_3038                                               |  256|   0|  256|          0|
    |ap_CS_fsm                                                      |   46|   0|   46|          0|
    |gmem_addr_10_read_reg_3132                                     |  256|   0|  256|          0|
    |gmem_addr_11_read_reg_3143                                     |  256|   0|  256|          0|
    |gmem_addr_12_read_reg_3154                                     |  256|   0|  256|          0|
    |gmem_addr_13_read_reg_3165                                     |  256|   0|  256|          0|
    |gmem_addr_14_read_reg_3176                                     |  256|   0|  256|          0|
    |gmem_addr_15_read_reg_3187                                     |  256|   0|  256|          0|
    |gmem_addr_16_read_reg_3198                                     |  256|   0|  256|          0|
    |gmem_addr_17_read_reg_3203                                     |  256|   0|  256|          0|
    |gmem_addr_18_read_reg_3215                                     |  256|   0|  256|          0|
    |gmem_addr_19_read_reg_3233                                     |  256|   0|  256|          0|
    |gmem_addr_1_read_reg_3016                                      |  256|   0|  256|          0|
    |gmem_addr_20_read_reg_3244                                     |  256|   0|  256|          0|
    |gmem_addr_21_read_reg_3249                                     |  256|   0|  256|          0|
    |gmem_addr_22_read_reg_3261                                     |  256|   0|  256|          0|
    |gmem_addr_23_read_reg_3279                                     |  256|   0|  256|          0|
    |gmem_addr_2_read_reg_3027                                      |  256|   0|  256|          0|
    |gmem_addr_3_read_reg_3045                                      |  256|   0|  256|          0|
    |gmem_addr_4_read_reg_3061                                      |  256|   0|  256|          0|
    |gmem_addr_5_read_reg_3072                                      |  256|   0|  256|          0|
    |gmem_addr_6_read_reg_3088                                      |  256|   0|  256|          0|
    |gmem_addr_7_read_reg_3099                                      |  256|   0|  256|          0|
    |gmem_addr_8_read_reg_3110                                      |  256|   0|  256|          0|
    |gmem_addr_9_read_reg_3121                                      |  256|   0|  256|          0|
    |gmem_addr_read_reg_3005                                        |  256|   0|  256|          0|
    |grp_poseidon_top_Pipeline_VITIS_LOOP_42_1_fu_784_ap_start_reg  |    1|   0|    1|          0|
    |grp_poseidon_top_Pipeline_VITIS_LOOP_92_3_fu_814_ap_start_reg  |    1|   0|    1|          0|
    |grp_poseidon_top_Pipeline_mds_row_fu_959_ap_start_reg          |    1|   0|    1|          0|
    |grp_sbox_quintic_fu_844_ap_start_reg                           |    1|   0|    1|          0|
    |grp_sbox_quintic_fu_849_ap_start_reg                           |    1|   0|    1|          0|
    |grp_sbox_quintic_fu_854_ap_start_reg                           |    1|   0|    1|          0|
    |grp_sbox_quintic_fu_859_ap_start_reg                           |    1|   0|    1|          0|
    |grp_sbox_quintic_fu_864_ap_start_reg                           |    1|   0|    1|          0|
    |grp_sbox_quintic_fu_869_ap_start_reg                           |    1|   0|    1|          0|
    |grp_sbox_quintic_fu_874_ap_start_reg                           |    1|   0|    1|          0|
    |grp_sbox_quintic_fu_879_ap_start_reg                           |    1|   0|    1|          0|
    |grp_sbox_quintic_fu_884_ap_start_reg                           |    1|   0|    1|          0|
    |grp_sbox_quintic_fu_889_ap_start_reg                           |    1|   0|    1|          0|
    |grp_sbox_quintic_fu_894_ap_start_reg                           |    1|   0|    1|          0|
    |grp_sbox_quintic_fu_899_ap_start_reg                           |    1|   0|    1|          0|
    |grp_sbox_quintic_fu_904_ap_start_reg                           |    1|   0|    1|          0|
    |grp_sbox_quintic_fu_909_ap_start_reg                           |    1|   0|    1|          0|
    |grp_sbox_quintic_fu_914_ap_start_reg                           |    1|   0|    1|          0|
    |grp_sbox_quintic_fu_919_ap_start_reg                           |    1|   0|    1|          0|
    |grp_sbox_quintic_fu_924_ap_start_reg                           |    1|   0|    1|          0|
    |grp_sbox_quintic_fu_929_ap_start_reg                           |    1|   0|    1|          0|
    |grp_sbox_quintic_fu_934_ap_start_reg                           |    1|   0|    1|          0|
    |grp_sbox_quintic_fu_939_ap_start_reg                           |    1|   0|    1|          0|
    |grp_sbox_quintic_fu_944_ap_start_reg                           |    1|   0|    1|          0|
    |grp_sbox_quintic_fu_949_ap_start_reg                           |    1|   0|    1|          0|
    |grp_sbox_quintic_fu_954_ap_start_reg                           |    1|   0|    1|          0|
    |or_ln62_reg_2918                                               |    1|   0|    1|          0|
    |p_0_0_011_1061_reg_684                                         |  256|   0|  256|          0|
    |p_0_0_011_1062_fu_194                                          |  256|   0|  256|          0|
    |p_0_0_011_1163_reg_674                                         |  256|   0|  256|          0|
    |p_0_0_011_1164_fu_198                                          |  256|   0|  256|          0|
    |p_0_0_011_1265_reg_664                                         |  256|   0|  256|          0|
    |p_0_0_011_1266_fu_202                                          |  256|   0|  256|          0|
    |p_0_0_011_1367_reg_654                                         |  256|   0|  256|          0|
    |p_0_0_011_1368_fu_206                                          |  256|   0|  256|          0|
    |p_0_0_011_143_reg_774                                          |  256|   0|  256|          0|
    |p_0_0_011_144_fu_158                                           |  256|   0|  256|          0|
    |p_0_0_011_1469_reg_644                                         |  256|   0|  256|          0|
    |p_0_0_011_1470_fu_210                                          |  256|   0|  256|          0|
    |p_0_0_011_1571_reg_634                                         |  256|   0|  256|          0|
    |p_0_0_011_1572_fu_214                                          |  256|   0|  256|          0|
    |p_0_0_011_1673_reg_624                                         |  256|   0|  256|          0|
    |p_0_0_011_1674_fu_218                                          |  256|   0|  256|          0|
    |p_0_0_011_1775_reg_614                                         |  256|   0|  256|          0|
    |p_0_0_011_1776_fu_222                                          |  256|   0|  256|          0|
    |p_0_0_011_1877_reg_604                                         |  256|   0|  256|          0|
    |p_0_0_011_1878_fu_226                                          |  256|   0|  256|          0|
    |p_0_0_011_1979_reg_594                                         |  256|   0|  256|          0|
    |p_0_0_011_1980_fu_230                                          |  256|   0|  256|          0|
    |p_0_0_011_2081_reg_584                                         |  256|   0|  256|          0|
    |p_0_0_011_2082_fu_234                                          |  256|   0|  256|          0|
    |p_0_0_011_2183_reg_574                                         |  256|   0|  256|          0|
    |p_0_0_011_2184_fu_238                                          |  256|   0|  256|          0|
    |p_0_0_011_2285_reg_564                                         |  256|   0|  256|          0|
    |p_0_0_011_2286_fu_242                                          |  256|   0|  256|          0|
    |p_0_0_011_2387_reg_554                                         |  256|   0|  256|          0|
    |p_0_0_011_2388_fu_246                                          |  256|   0|  256|          0|
    |p_0_0_011_245_reg_764                                          |  256|   0|  256|          0|
    |p_0_0_011_246_fu_162                                           |  256|   0|  256|          0|
    |p_0_0_011_347_reg_754                                          |  256|   0|  256|          0|
    |p_0_0_011_348_fu_166                                           |  256|   0|  256|          0|
    |p_0_0_011_449_reg_744                                          |  256|   0|  256|          0|
    |p_0_0_011_450_fu_170                                           |  256|   0|  256|          0|
    |p_0_0_011_551_reg_734                                          |  256|   0|  256|          0|
    |p_0_0_011_552_fu_174                                           |  256|   0|  256|          0|
    |p_0_0_011_653_reg_724                                          |  256|   0|  256|          0|
    |p_0_0_011_654_fu_178                                           |  256|   0|  256|          0|
    |p_0_0_011_755_reg_714                                          |  256|   0|  256|          0|
    |p_0_0_011_756_fu_182                                           |  256|   0|  256|          0|
    |p_0_0_011_857_reg_704                                          |  256|   0|  256|          0|
    |p_0_0_011_858_fu_186                                           |  256|   0|  256|          0|
    |p_0_0_011_959_reg_694                                          |  256|   0|  256|          0|
    |p_0_0_011_960_fu_190                                           |  256|   0|  256|          0|
    |p_0_0_01942_fu_154                                             |  256|   0|  256|          0|
    |r_2_reg_2825                                                   |    7|   0|    7|          0|
    |r_fu_150                                                       |    7|   0|    7|          0|
    |rc_idx_fu_250                                                  |   11|   0|   11|          0|
    |ref_tmp28_assign_s_reg_3083                                    |  255|   0|  255|          0|
    |reg_1133                                                       |  256|   0|  256|          0|
    |reg_1138                                                       |  256|   0|  256|          0|
    |reg_1143                                                       |  256|   0|  256|          0|
    |reg_1148                                                       |  256|   0|  256|          0|
    |reg_1153                                                       |  256|   0|  256|          0|
    |reg_1158                                                       |  256|   0|  256|          0|
    |reg_1163                                                       |  256|   0|  256|          0|
    |reg_1168                                                       |  256|   0|  256|          0|
    |reg_1173                                                       |  256|   0|  256|          0|
    |reg_1178                                                       |  256|   0|  256|          0|
    |reg_1183                                                       |  256|   0|  256|          0|
    |reg_1188                                                       |  256|   0|  256|          0|
    |reg_1193                                                       |  256|   0|  256|          0|
    |reg_1198                                                       |  256|   0|  256|          0|
    |reg_1203                                                       |  256|   0|  256|          0|
    |reg_1208                                                       |  256|   0|  256|          0|
    |reg_1213                                                       |  256|   0|  256|          0|
    |reg_1218                                                       |  256|   0|  256|          0|
    |reg_1223                                                       |  256|   0|  256|          0|
    |reg_1228                                                       |  256|   0|  256|          0|
    |reg_1233                                                       |  256|   0|  256|          0|
    |reg_1238                                                       |  256|   0|  256|          0|
    |reg_1243                                                       |  256|   0|  256|          0|
    |reg_1248                                                       |  256|   0|  256|          0|
    |select_ln7_10_reg_3489                                         |  256|   0|  256|          0|
    |select_ln7_11_reg_3495                                         |  256|   0|  256|          0|
    |select_ln7_12_reg_3501                                         |  256|   0|  256|          0|
    |select_ln7_13_reg_3507                                         |  256|   0|  256|          0|
    |select_ln7_14_reg_3513                                         |  256|   0|  256|          0|
    |select_ln7_15_reg_3220                                         |  256|   0|  256|          0|
    |select_ln7_16_reg_3238                                         |  256|   0|  256|          0|
    |select_ln7_17_reg_3519                                         |  256|   0|  256|          0|
    |select_ln7_18_reg_3525                                         |  256|   0|  256|          0|
    |select_ln7_19_reg_3266                                         |  256|   0|  256|          0|
    |select_ln7_1_reg_3435                                          |  256|   0|  256|          0|
    |select_ln7_20_reg_3284                                         |  256|   0|  256|          0|
    |select_ln7_21_reg_3297                                         |  256|   0|  256|          0|
    |select_ln7_22_reg_3422                                         |  256|   0|  256|          0|
    |select_ln7_23_reg_3536                                         |  256|   0|  256|          0|
    |select_ln7_2_reg_3441                                          |  256|   0|  256|          0|
    |select_ln7_3_reg_3447                                          |  256|   0|  256|          0|
    |select_ln7_4_reg_3453                                          |  256|   0|  256|          0|
    |select_ln7_5_reg_3459                                          |  256|   0|  256|          0|
    |select_ln7_6_reg_3465                                          |  256|   0|  256|          0|
    |select_ln7_7_reg_3471                                          |  256|   0|  256|          0|
    |select_ln7_8_reg_3477                                          |  256|   0|  256|          0|
    |select_ln7_9_reg_3483                                          |  256|   0|  256|          0|
    |select_ln7_reg_3056                                            |  256|   0|  256|          0|
    |sext_ln73_reg_2730                                             |   60|   0|   60|          0|
    |trunc_ln73_1_reg_2725                                          |   59|   0|   59|          0|
    |trunc_ln_reg_2720                                              |   59|   0|   59|          0|
    +---------------------------------------------------------------+-----+----+-----+-----------+
    |Total                                                          |39550|   0|39550|          0|
    +---------------------------------------------------------------+-----+----+-----+-----------+



================================================================
== Interface
================================================================
* Summary: 
+-----------------------+-----+-----+------------+--------------+--------------+
|       RTL Ports       | Dir | Bits|  Protocol  | Source Object|    C Type    |
+-----------------------+-----+-----+------------+--------------+--------------+
|s_axi_control_AWVALID  |   in|    1|       s_axi|       control|        scalar|
|s_axi_control_AWREADY  |  out|    1|       s_axi|       control|        scalar|
|s_axi_control_AWADDR   |   in|    6|       s_axi|       control|        scalar|
|s_axi_control_WVALID   |   in|    1|       s_axi|       control|        scalar|
|s_axi_control_WREADY   |  out|    1|       s_axi|       control|        scalar|
|s_axi_control_WDATA    |   in|   32|       s_axi|       control|        scalar|
|s_axi_control_WSTRB    |   in|    4|       s_axi|       control|        scalar|
|s_axi_control_ARVALID  |   in|    1|       s_axi|       control|        scalar|
|s_axi_control_ARREADY  |  out|    1|       s_axi|       control|        scalar|
|s_axi_control_ARADDR   |   in|    6|       s_axi|       control|        scalar|
|s_axi_control_RVALID   |  out|    1|       s_axi|       control|        scalar|
|s_axi_control_RREADY   |   in|    1|       s_axi|       control|        scalar|
|s_axi_control_RDATA    |  out|   32|       s_axi|       control|        scalar|
|s_axi_control_RRESP    |  out|    2|       s_axi|       control|        scalar|
|s_axi_control_BVALID   |  out|    1|       s_axi|       control|        scalar|
|s_axi_control_BREADY   |   in|    1|       s_axi|       control|        scalar|
|s_axi_control_BRESP    |  out|    2|       s_axi|       control|        scalar|
|ap_clk                 |   in|    1|  ap_ctrl_hs|  poseidon_top|  return value|
|ap_rst_n               |   in|    1|  ap_ctrl_hs|  poseidon_top|  return value|
|interrupt              |  out|    1|  ap_ctrl_hs|  poseidon_top|  return value|
|m_axi_gmem_AWVALID     |  out|    1|       m_axi|          gmem|       pointer|
|m_axi_gmem_AWREADY     |   in|    1|       m_axi|          gmem|       pointer|
|m_axi_gmem_AWADDR      |  out|   64|       m_axi|          gmem|       pointer|
|m_axi_gmem_AWID        |  out|    1|       m_axi|          gmem|       pointer|
|m_axi_gmem_AWLEN       |  out|    8|       m_axi|          gmem|       pointer|
|m_axi_gmem_AWSIZE      |  out|    3|       m_axi|          gmem|       pointer|
|m_axi_gmem_AWBURST     |  out|    2|       m_axi|          gmem|       pointer|
|m_axi_gmem_AWLOCK      |  out|    2|       m_axi|          gmem|       pointer|
|m_axi_gmem_AWCACHE     |  out|    4|       m_axi|          gmem|       pointer|
|m_axi_gmem_AWPROT      |  out|    3|       m_axi|          gmem|       pointer|
|m_axi_gmem_AWQOS       |  out|    4|       m_axi|          gmem|       pointer|
|m_axi_gmem_AWREGION    |  out|    4|       m_axi|          gmem|       pointer|
|m_axi_gmem_AWUSER      |  out|    1|       m_axi|          gmem|       pointer|
|m_axi_gmem_WVALID      |  out|    1|       m_axi|          gmem|       pointer|
|m_axi_gmem_WREADY      |   in|    1|       m_axi|          gmem|       pointer|
|m_axi_gmem_WDATA       |  out|  256|       m_axi|          gmem|       pointer|
|m_axi_gmem_WSTRB       |  out|   32|       m_axi|          gmem|       pointer|
|m_axi_gmem_WLAST       |  out|    1|       m_axi|          gmem|       pointer|
|m_axi_gmem_WID         |  out|    1|       m_axi|          gmem|       pointer|
|m_axi_gmem_WUSER       |  out|    1|       m_axi|          gmem|       pointer|
|m_axi_gmem_ARVALID     |  out|    1|       m_axi|          gmem|       pointer|
|m_axi_gmem_ARREADY     |   in|    1|       m_axi|          gmem|       pointer|
|m_axi_gmem_ARADDR      |  out|   64|       m_axi|          gmem|       pointer|
|m_axi_gmem_ARID        |  out|    1|       m_axi|          gmem|       pointer|
|m_axi_gmem_ARLEN       |  out|    8|       m_axi|          gmem|       pointer|
|m_axi_gmem_ARSIZE      |  out|    3|       m_axi|          gmem|       pointer|
|m_axi_gmem_ARBURST     |  out|    2|       m_axi|          gmem|       pointer|
|m_axi_gmem_ARLOCK      |  out|    2|       m_axi|          gmem|       pointer|
|m_axi_gmem_ARCACHE     |  out|    4|       m_axi|          gmem|       pointer|
|m_axi_gmem_ARPROT      |  out|    3|       m_axi|          gmem|       pointer|
|m_axi_gmem_ARQOS       |  out|    4|       m_axi|          gmem|       pointer|
|m_axi_gmem_ARREGION    |  out|    4|       m_axi|          gmem|       pointer|
|m_axi_gmem_ARUSER      |  out|    1|       m_axi|          gmem|       pointer|
|m_axi_gmem_RVALID      |   in|    1|       m_axi|          gmem|       pointer|
|m_axi_gmem_RREADY      |  out|    1|       m_axi|          gmem|       pointer|
|m_axi_gmem_RDATA       |   in|  256|       m_axi|          gmem|       pointer|
|m_axi_gmem_RLAST       |   in|    1|       m_axi|          gmem|       pointer|
|m_axi_gmem_RID         |   in|    1|       m_axi|          gmem|       pointer|
|m_axi_gmem_RUSER       |   in|    1|       m_axi|          gmem|       pointer|
|m_axi_gmem_RRESP       |   in|    2|       m_axi|          gmem|       pointer|
|m_axi_gmem_BVALID      |   in|    1|       m_axi|          gmem|       pointer|
|m_axi_gmem_BREADY      |  out|    1|       m_axi|          gmem|       pointer|
|m_axi_gmem_BRESP       |   in|    2|       m_axi|          gmem|       pointer|
|m_axi_gmem_BID         |   in|    1|       m_axi|          gmem|       pointer|
|m_axi_gmem_BUSER       |   in|    1|       m_axi|          gmem|       pointer|
|in_stream_TDATA        |   in|  512|        axis|     in_stream|       pointer|
|in_stream_TVALID       |   in|    1|        axis|     in_stream|       pointer|
|in_stream_TREADY       |  out|    1|        axis|     in_stream|       pointer|
|out_stream_TDATA       |  out|  512|        axis|    out_stream|       pointer|
|out_stream_TVALID      |  out|    1|        axis|    out_stream|       pointer|
|out_stream_TREADY      |   in|    1|        axis|    out_stream|       pointer|
+-----------------------+-----+-----+------------+--------------+--------------+

