

================================================================
== Vitis HLS Report for 'poseidon_top_Pipeline_mds_row'
================================================================
* Date:           Wed May  6 11:50:38 2026

* Version:        2023.2 (Build 4023990 on Oct 11 2023)
* Project:        poseidon_hls
* Solution:       solution1 (Vivado IP Flow Target)
* Product family: zynq
* Target device:  xc7z020-clg484-1


================================================================
== Performance Estimates
================================================================
+ Timing: 
    * Summary: 
    +--------+----------+----------+------------+
    |  Clock |  Target  | Estimated| Uncertainty|
    +--------+----------+----------+------------+
    |ap_clk  |  10.00 ns|  9.242 ns|     2.70 ns|
    +--------+----------+----------+------------+

+ Latency: 
    * Summary: 
    +---------+---------+-----------+-----------+------+------+---------+
    |  Latency (cycles) |   Latency (absolute)  |   Interval  | Pipeline|
    |   min   |   max   |    min    |    max    |  min |  max |   Type  |
    +---------+---------+-----------+-----------+------+------+---------+
    |     1154|     1154|  11.540 us|  11.540 us|  1154|  1154|       no|
    +---------+---------+-----------+-----------+------+------+---------+

    + Detail: 
        * Instance: 
        N/A

        * Loop: 
        +-----------+---------+---------+----------+-----------+-----------+------+----------+
        |           |  Latency (cycles) | Iteration|  Initiation Interval  | Trip |          |
        | Loop Name |   min   |   max   |  Latency |  achieved |   target  | Count| Pipelined|
        +-----------+---------+---------+----------+-----------+-----------+------+----------+
        |- mds_row  |     1152|     1152|       601|         24|          1|    24|       yes|
        +-----------+---------+---------+----------+-----------+-----------+------+----------+



================================================================
== Utilization Estimates
================================================================
* Summary: 
+-----------------+---------+-----+--------+--------+-----+
|       Name      | BRAM_18K| DSP |   FF   |   LUT  | URAM|
+-----------------+---------+-----+--------+--------+-----+
|DSP              |        -|    -|       -|       -|    -|
|Expression       |        -|    -|       0|    8786|    -|
|FIFO             |        -|    -|       -|       -|    -|
|Instance         |        -|  450|  249686|  168452|    -|
|Memory           |        -|    -|       -|       -|    -|
|Multiplexer      |        -|    -|       -|     956|    -|
|Register         |        -|    -|   47371|      64|    -|
+-----------------+---------+-----+--------+--------+-----+
|Total            |        0|  450|  297057|  178258|    0|
+-----------------+---------+-----+--------+--------+-----+
|Available        |      280|  220|  106400|   53200|    0|
+-----------------+---------+-----+--------+--------+-----+
|Utilization (%)  |        0|  204|     279|     335|    0|
+-----------------+---------+-----+--------+--------+-----+

+ Detail: 
    * Instance: 
    +--------------------------------+----------------------------+---------+-----+------+------+-----+
    |            Instance            |           Module           | BRAM_18K| DSP |  FF  |  LUT | URAM|
    +--------------------------------+----------------------------+---------+-----+------+------+-----+
    |add_255ns_255ns_255_2_1_U66     |add_255ns_255ns_255_2_1     |        0|    0|   580|   132|    0|
    |add_256ns_256ns_256_2_1_U67     |add_256ns_256ns_256_2_1     |        0|    0|   580|   132|    0|
    |add_256ns_256ns_256_2_1_U70     |add_256ns_256ns_256_2_1     |        0|    0|   580|   132|    0|
    |add_256ns_256ns_256_2_1_U73     |add_256ns_256ns_256_2_1     |        0|    0|   580|   132|    0|
    |add_256ns_256ns_256_2_1_U76     |add_256ns_256ns_256_2_1     |        0|    0|   580|   132|    0|
    |add_256ns_256ns_256_2_1_U79     |add_256ns_256ns_256_2_1     |        0|    0|   580|   132|    0|
    |add_256ns_256ns_256_2_1_U82     |add_256ns_256ns_256_2_1     |        0|    0|   580|   132|    0|
    |add_256ns_256ns_256_2_1_U85     |add_256ns_256ns_256_2_1     |        0|    0|   580|   132|    0|
    |add_256ns_256ns_256_2_1_U88     |add_256ns_256ns_256_2_1     |        0|    0|   580|   132|    0|
    |add_256ns_256ns_256_2_1_U91     |add_256ns_256ns_256_2_1     |        0|    0|   580|   132|    0|
    |add_256ns_256ns_256_2_1_U94     |add_256ns_256ns_256_2_1     |        0|    0|   580|   132|    0|
    |add_256ns_256ns_256_2_1_U97     |add_256ns_256ns_256_2_1     |        0|    0|   580|   132|    0|
    |add_256ns_256ns_256_2_1_U100    |add_256ns_256ns_256_2_1     |        0|    0|   580|   132|    0|
    |add_256ns_256ns_256_2_1_U103    |add_256ns_256ns_256_2_1     |        0|    0|   580|   132|    0|
    |add_256ns_256ns_256_2_1_U106    |add_256ns_256ns_256_2_1     |        0|    0|   580|   132|    0|
    |add_256ns_256ns_256_2_1_U109    |add_256ns_256ns_256_2_1     |        0|    0|   580|   132|    0|
    |add_256ns_256ns_256_2_1_U112    |add_256ns_256ns_256_2_1     |        0|    0|   580|   132|    0|
    |add_256ns_256ns_256_2_1_U115    |add_256ns_256ns_256_2_1     |        0|    0|   580|   132|    0|
    |add_256ns_256ns_256_2_1_U118    |add_256ns_256ns_256_2_1     |        0|    0|   580|   132|    0|
    |add_256ns_256ns_256_2_1_U121    |add_256ns_256ns_256_2_1     |        0|    0|   580|   132|    0|
    |add_256ns_256ns_256_2_1_U124    |add_256ns_256ns_256_2_1     |        0|    0|   580|   132|    0|
    |add_256ns_256ns_256_2_1_U127    |add_256ns_256ns_256_2_1     |        0|    0|   580|   132|    0|
    |add_256ns_256ns_256_2_1_U130    |add_256ns_256ns_256_2_1     |        0|    0|   580|   132|    0|
    |add_256ns_256ns_256_2_1_U133    |add_256ns_256ns_256_2_1     |        0|    0|   580|   132|    0|
    |add_256ns_256s_256_2_1_U69      |add_256ns_256s_256_2_1      |        0|    0|   580|   132|    0|
    |add_256ns_256s_256_2_1_U72      |add_256ns_256s_256_2_1      |        0|    0|   580|   132|    0|
    |add_256ns_256s_256_2_1_U75      |add_256ns_256s_256_2_1      |        0|    0|   580|   132|    0|
    |add_256ns_256s_256_2_1_U78      |add_256ns_256s_256_2_1      |        0|    0|   580|   132|    0|
    |add_256ns_256s_256_2_1_U81      |add_256ns_256s_256_2_1      |        0|    0|   580|   132|    0|
    |add_256ns_256s_256_2_1_U84      |add_256ns_256s_256_2_1      |        0|    0|   580|   132|    0|
    |add_256ns_256s_256_2_1_U87      |add_256ns_256s_256_2_1      |        0|    0|   580|   132|    0|
    |add_256ns_256s_256_2_1_U90      |add_256ns_256s_256_2_1      |        0|    0|   580|   132|    0|
    |add_256ns_256s_256_2_1_U93      |add_256ns_256s_256_2_1      |        0|    0|   580|   132|    0|
    |add_256ns_256s_256_2_1_U96      |add_256ns_256s_256_2_1      |        0|    0|   580|   132|    0|
    |add_256ns_256s_256_2_1_U99      |add_256ns_256s_256_2_1      |        0|    0|   580|   132|    0|
    |add_256ns_256s_256_2_1_U102     |add_256ns_256s_256_2_1      |        0|    0|   580|   132|    0|
    |add_256ns_256s_256_2_1_U105     |add_256ns_256s_256_2_1      |        0|    0|   580|   132|    0|
    |add_256ns_256s_256_2_1_U108     |add_256ns_256s_256_2_1      |        0|    0|   580|   132|    0|
    |add_256ns_256s_256_2_1_U111     |add_256ns_256s_256_2_1      |        0|    0|   580|   132|    0|
    |add_256ns_256s_256_2_1_U114     |add_256ns_256s_256_2_1      |        0|    0|   580|   132|    0|
    |add_256ns_256s_256_2_1_U117     |add_256ns_256s_256_2_1      |        0|    0|   580|   132|    0|
    |add_256ns_256s_256_2_1_U120     |add_256ns_256s_256_2_1      |        0|    0|   580|   132|    0|
    |add_256ns_256s_256_2_1_U123     |add_256ns_256s_256_2_1      |        0|    0|   580|   132|    0|
    |add_256ns_256s_256_2_1_U126     |add_256ns_256s_256_2_1      |        0|    0|   580|   132|    0|
    |add_256ns_256s_256_2_1_U129     |add_256ns_256s_256_2_1      |        0|    0|   580|   132|    0|
    |add_256ns_256s_256_2_1_U132     |add_256ns_256s_256_2_1      |        0|    0|   580|   132|    0|
    |add_256ns_256s_256_2_1_U135     |add_256ns_256s_256_2_1      |        0|    0|   580|   132|    0|
    |icmp_255ns_255ns_1_2_1_U65      |icmp_255ns_255ns_1_2_1      |        0|    0|   580|   132|    0|
    |icmp_256ns_256ns_1_2_1_U68      |icmp_256ns_256ns_1_2_1      |        0|    0|   580|   132|    0|
    |icmp_256ns_256ns_1_2_1_U71      |icmp_256ns_256ns_1_2_1      |        0|    0|   580|   132|    0|
    |icmp_256ns_256ns_1_2_1_U74      |icmp_256ns_256ns_1_2_1      |        0|    0|   580|   132|    0|
    |icmp_256ns_256ns_1_2_1_U77      |icmp_256ns_256ns_1_2_1      |        0|    0|   580|   132|    0|
    |icmp_256ns_256ns_1_2_1_U80      |icmp_256ns_256ns_1_2_1      |        0|    0|   580|   132|    0|
    |icmp_256ns_256ns_1_2_1_U83      |icmp_256ns_256ns_1_2_1      |        0|    0|   580|   132|    0|
    |icmp_256ns_256ns_1_2_1_U86      |icmp_256ns_256ns_1_2_1      |        0|    0|   580|   132|    0|
    |icmp_256ns_256ns_1_2_1_U89      |icmp_256ns_256ns_1_2_1      |        0|    0|   580|   132|    0|
    |icmp_256ns_256ns_1_2_1_U92      |icmp_256ns_256ns_1_2_1      |        0|    0|   580|   132|    0|
    |icmp_256ns_256ns_1_2_1_U95      |icmp_256ns_256ns_1_2_1      |        0|    0|   580|   132|    0|
    |icmp_256ns_256ns_1_2_1_U98      |icmp_256ns_256ns_1_2_1      |        0|    0|   580|   132|    0|
    |icmp_256ns_256ns_1_2_1_U101     |icmp_256ns_256ns_1_2_1      |        0|    0|   580|   132|    0|
    |icmp_256ns_256ns_1_2_1_U104     |icmp_256ns_256ns_1_2_1      |        0|    0|   580|   132|    0|
    |icmp_256ns_256ns_1_2_1_U107     |icmp_256ns_256ns_1_2_1      |        0|    0|   580|   132|    0|
    |icmp_256ns_256ns_1_2_1_U110     |icmp_256ns_256ns_1_2_1      |        0|    0|   580|   132|    0|
    |icmp_256ns_256ns_1_2_1_U113     |icmp_256ns_256ns_1_2_1      |        0|    0|   580|   132|    0|
    |icmp_256ns_256ns_1_2_1_U116     |icmp_256ns_256ns_1_2_1      |        0|    0|   580|   132|    0|
    |icmp_256ns_256ns_1_2_1_U119     |icmp_256ns_256ns_1_2_1      |        0|    0|   580|   132|    0|
    |icmp_256ns_256ns_1_2_1_U122     |icmp_256ns_256ns_1_2_1      |        0|    0|   580|   132|    0|
    |icmp_256ns_256ns_1_2_1_U125     |icmp_256ns_256ns_1_2_1      |        0|    0|   580|   132|    0|
    |icmp_256ns_256ns_1_2_1_U128     |icmp_256ns_256ns_1_2_1      |        0|    0|   580|   132|    0|
    |icmp_256ns_256ns_1_2_1_U131     |icmp_256ns_256ns_1_2_1      |        0|    0|   580|   132|    0|
    |icmp_256ns_256ns_1_2_1_U134     |icmp_256ns_256ns_1_2_1      |        0|    0|   580|   132|    0|
    |mul_256ns_255ns_511_5_1_U39     |mul_256ns_255ns_511_5_1     |        0|  225|   441|   256|    0|
    |mul_256ns_256ns_512_5_1_U40     |mul_256ns_256ns_512_5_1     |        0|  225|   441|   256|    0|
    |urem_511ns_256ns_255_515_1_U41  |urem_511ns_256ns_255_515_1  |        0|    0|  8651|  6607|    0|
    |urem_512ns_256ns_256_516_1_U42  |urem_512ns_256ns_256_516_1  |        0|    0|  8651|  6607|    0|
    |urem_512ns_256ns_256_516_1_U43  |urem_512ns_256ns_256_516_1  |        0|    0|  8651|  6607|    0|
    |urem_512ns_256ns_256_516_1_U44  |urem_512ns_256ns_256_516_1  |        0|    0|  8651|  6607|    0|
    |urem_512ns_256ns_256_516_1_U45  |urem_512ns_256ns_256_516_1  |        0|    0|  8651|  6607|    0|
    |urem_512ns_256ns_256_516_1_U46  |urem_512ns_256ns_256_516_1  |        0|    0|  8651|  6607|    0|
    |urem_512ns_256ns_256_516_1_U47  |urem_512ns_256ns_256_516_1  |        0|    0|  8651|  6607|    0|
    |urem_512ns_256ns_256_516_1_U48  |urem_512ns_256ns_256_516_1  |        0|    0|  8651|  6607|    0|
    |urem_512ns_256ns_256_516_1_U49  |urem_512ns_256ns_256_516_1  |        0|    0|  8651|  6607|    0|
    |urem_512ns_256ns_256_516_1_U50  |urem_512ns_256ns_256_516_1  |        0|    0|  8651|  6607|    0|
    |urem_512ns_256ns_256_516_1_U51  |urem_512ns_256ns_256_516_1  |        0|    0|  8651|  6607|    0|
    |urem_512ns_256ns_256_516_1_U52  |urem_512ns_256ns_256_516_1  |        0|    0|  8651|  6607|    0|
    |urem_512ns_256ns_256_516_1_U53  |urem_512ns_256ns_256_516_1  |        0|    0|  8651|  6607|    0|
    |urem_512ns_256ns_256_516_1_U54  |urem_512ns_256ns_256_516_1  |        0|    0|  8651|  6607|    0|
    |urem_512ns_256ns_256_516_1_U55  |urem_512ns_256ns_256_516_1  |        0|    0|  8651|  6607|    0|
    |urem_512ns_256ns_256_516_1_U56  |urem_512ns_256ns_256_516_1  |        0|    0|  8651|  6607|    0|
    |urem_512ns_256ns_256_516_1_U57  |urem_512ns_256ns_256_516_1  |        0|    0|  8651|  6607|    0|
    |urem_512ns_256ns_256_516_1_U58  |urem_512ns_256ns_256_516_1  |        0|    0|  8651|  6607|    0|
    |urem_512ns_256ns_256_516_1_U59  |urem_512ns_256ns_256_516_1  |        0|    0|  8651|  6607|    0|
    |urem_512ns_256ns_256_516_1_U60  |urem_512ns_256ns_256_516_1  |        0|    0|  8651|  6607|    0|
    |urem_512ns_256ns_256_516_1_U61  |urem_512ns_256ns_256_516_1  |        0|    0|  8651|  6607|    0|
    |urem_512ns_256ns_256_516_1_U62  |urem_512ns_256ns_256_516_1  |        0|    0|  8651|  6607|    0|
    |urem_512ns_256ns_256_516_1_U63  |urem_512ns_256ns_256_516_1  |        0|    0|  8651|  6607|    0|
    |urem_512ns_256ns_256_516_1_U64  |urem_512ns_256ns_256_516_1  |        0|    0|  8651|  6607|    0|
    +--------------------------------+----------------------------+---------+-----+------+------+-----+
    |Total                           |                            |        0|  450|249686|168452|    0|
    +--------------------------------+----------------------------+---------+-----+------+------+-----+

    * DSP: 
    N/A

    * Memory: 
    N/A

    * FIFO: 
    N/A

    * Expression: 
    +-----------------------------------+----------+----+---+-----+------------+------------+
    |           Variable Name           | Operation| DSP| FF| LUT | Bitwidth P0| Bitwidth P1|
    +-----------------------------------+----------+----+---+-----+------------+------------+
    |add_ln73_fu_962_p2                 |         +|   0|  0|   13|           5|           1|
    |add_ln78_10_fu_1235_p2             |         +|   0|  0|   60|          60|          60|
    |add_ln78_11_fu_1259_p2             |         +|   0|  0|   60|          60|          60|
    |add_ln78_12_fu_1283_p2             |         +|   0|  0|   60|          60|          60|
    |add_ln78_13_fu_1307_p2             |         +|   0|  0|   60|          60|          60|
    |add_ln78_14_fu_1331_p2             |         +|   0|  0|   60|          60|          60|
    |add_ln78_15_fu_1355_p2             |         +|   0|  0|   60|          60|          60|
    |add_ln78_16_fu_1384_p2             |         +|   0|  0|   60|          60|          60|
    |add_ln78_17_fu_1413_p2             |         +|   0|  0|   60|          60|          60|
    |add_ln78_18_fu_1442_p2             |         +|   0|  0|   60|          60|          60|
    |add_ln78_19_fu_1471_p2             |         +|   0|  0|   60|          60|          60|
    |add_ln78_1_fu_1027_p2              |         +|   0|  0|   67|          60|          60|
    |add_ln78_20_fu_1500_p2             |         +|   0|  0|   60|          60|          60|
    |add_ln78_21_fu_1529_p2             |         +|   0|  0|   60|          60|          60|
    |add_ln78_22_fu_1558_p2             |         +|   0|  0|   60|          60|          60|
    |add_ln78_23_fu_1568_p2             |         +|   0|  0|   60|          60|          60|
    |add_ln78_24_fu_1190_p2             |         +|   0|  0|   60|          60|           4|
    |add_ln78_25_fu_1210_p2             |         +|   0|  0|   60|          60|           4|
    |add_ln78_26_fu_1230_p2             |         +|   0|  0|   60|          60|           4|
    |add_ln78_27_fu_1254_p2             |         +|   0|  0|   60|          60|           4|
    |add_ln78_28_fu_1278_p2             |         +|   0|  0|   60|          60|           4|
    |add_ln78_29_fu_1302_p2             |         +|   0|  0|   60|          60|           4|
    |add_ln78_2_fu_1055_p2              |         +|   0|  0|   67|          60|          60|
    |add_ln78_30_fu_1326_p2             |         +|   0|  0|   60|          60|           4|
    |add_ln78_31_fu_1350_p2             |         +|   0|  0|   60|          60|           4|
    |add_ln78_32_fu_1379_p2             |         +|   0|  0|   60|          60|           5|
    |add_ln78_33_fu_1408_p2             |         +|   0|  0|   60|          60|           5|
    |add_ln78_34_fu_1437_p2             |         +|   0|  0|   60|          60|           5|
    |add_ln78_35_fu_1466_p2             |         +|   0|  0|   60|          60|           5|
    |add_ln78_36_fu_1495_p2             |         +|   0|  0|   60|          60|           5|
    |add_ln78_37_fu_1524_p2             |         +|   0|  0|   60|          60|           5|
    |add_ln78_38_fu_1553_p2             |         +|   0|  0|   60|          60|           5|
    |add_ln78_39_fu_1563_p2             |         +|   0|  0|   60|          60|           5|
    |add_ln78_3_fu_1079_p2              |         +|   0|  0|   67|          60|          60|
    |add_ln78_4_fu_1103_p2              |         +|   0|  0|   67|          60|          60|
    |add_ln78_5_fu_1127_p2              |         +|   0|  0|   67|          60|          60|
    |add_ln78_6_fu_1151_p2              |         +|   0|  0|   67|          60|          60|
    |add_ln78_7_fu_1175_p2              |         +|   0|  0|   67|          60|          60|
    |add_ln78_8_fu_1195_p2              |         +|   0|  0|   60|          60|          60|
    |add_ln78_9_fu_1215_p2              |         +|   0|  0|   60|          60|          60|
    |add_ln78_fu_1002_p2                |         +|   0|  0|   67|          60|          60|
    |sub_ln73_fu_992_p2                 |         -|   0|  0|   12|          11|          11|
    |ap_block_pp0_stage0_11001          |       and|   0|  0|    2|           1|           1|
    |ap_block_pp0_stage10_11001         |       and|   0|  0|    2|           1|           1|
    |ap_block_pp0_stage11_00001         |       and|   0|  0|    2|           1|           1|
    |ap_block_pp0_stage11_11001         |       and|   0|  0|    2|           1|           1|
    |ap_block_pp0_stage12_11001         |       and|   0|  0|    2|           1|           1|
    |ap_block_pp0_stage13_11001         |       and|   0|  0|    2|           1|           1|
    |ap_block_pp0_stage14_00001         |       and|   0|  0|    2|           1|           1|
    |ap_block_pp0_stage14_11001         |       and|   0|  0|    2|           1|           1|
    |ap_block_pp0_stage15_11001         |       and|   0|  0|    2|           1|           1|
    |ap_block_pp0_stage16_11001         |       and|   0|  0|    2|           1|           1|
    |ap_block_pp0_stage17_00001         |       and|   0|  0|    2|           1|           1|
    |ap_block_pp0_stage17_11001         |       and|   0|  0|    2|           1|           1|
    |ap_block_pp0_stage18_11001         |       and|   0|  0|    2|           1|           1|
    |ap_block_pp0_stage19_11001         |       and|   0|  0|    2|           1|           1|
    |ap_block_pp0_stage20_00001         |       and|   0|  0|    2|           1|           1|
    |ap_block_pp0_stage20_11001         |       and|   0|  0|    2|           1|           1|
    |ap_block_pp0_stage21_11001         |       and|   0|  0|    2|           1|           1|
    |ap_block_pp0_stage22_11001         |       and|   0|  0|    2|           1|           1|
    |ap_block_pp0_stage23_00001         |       and|   0|  0|    2|           1|           1|
    |ap_block_pp0_stage23_11001         |       and|   0|  0|    2|           1|           1|
    |ap_block_pp0_stage2_00001          |       and|   0|  0|    2|           1|           1|
    |ap_block_pp0_stage5_00001          |       and|   0|  0|    2|           1|           1|
    |ap_block_pp0_stage8_00001          |       and|   0|  0|    2|           1|           1|
    |ap_block_pp0_stage9_11001          |       and|   0|  0|    2|           1|           1|
    |ap_block_state10_io                |       and|   0|  0|    2|           1|           1|
    |ap_block_state10_pp0_stage9_iter0  |       and|   0|  0|    2|           1|           1|
    |ap_predicate_pred2173_state601     |       and|   0|  0|    2|           1|           1|
    |icmp_ln73_fu_956_p2                |      icmp|   0|  0|   13|           5|           5|
    |ap_block_pp0_stage1_11001          |        or|   0|  0|    2|           1|           1|
    |ap_block_pp0_stage2_11001          |        or|   0|  0|    2|           1|           1|
    |ap_block_pp0_stage3_11001          |        or|   0|  0|    2|           1|           1|
    |ap_block_pp0_stage4_11001          |        or|   0|  0|    2|           1|           1|
    |ap_block_pp0_stage5_11001          |        or|   0|  0|    2|           1|           1|
    |ap_block_pp0_stage6_11001          |        or|   0|  0|    2|           1|           1|
    |ap_block_pp0_stage7_11001          |        or|   0|  0|    2|           1|           1|
    |ap_block_pp0_stage8_11001          |        or|   0|  0|    2|           1|           1|
    |or_ln73_1_fu_1036_p2               |        or|   0|  0|   11|          11|           2|
    |or_ln73_2_fu_1060_p2               |        or|   0|  0|   11|          11|           2|
    |or_ln73_3_fu_1084_p2               |        or|   0|  0|   11|          11|           3|
    |or_ln73_4_fu_1108_p2               |        or|   0|  0|   11|          11|           3|
    |or_ln73_5_fu_1132_p2               |        or|   0|  0|   11|          11|           3|
    |or_ln73_6_fu_1156_p2               |        or|   0|  0|   11|          11|           3|
    |or_ln73_fu_1008_p2                 |        or|   0|  0|   11|          11|           1|
    |acc_10_fu_2015_p3                  |    select|   0|  0|  256|           1|         256|
    |acc_11_fu_2042_p3                  |    select|   0|  0|  256|           1|         256|
    |acc_12_fu_2069_p3                  |    select|   0|  0|  256|           1|         256|
    |acc_13_fu_2096_p3                  |    select|   0|  0|  256|           1|         256|
    |acc_14_fu_2123_p3                  |    select|   0|  0|  256|           1|         256|
    |acc_15_fu_2150_p3                  |    select|   0|  0|  256|           1|         256|
    |acc_16_fu_2177_p3                  |    select|   0|  0|  256|           1|         256|
    |acc_17_fu_2204_p3                  |    select|   0|  0|  256|           1|         256|
    |acc_18_fu_2231_p3                  |    select|   0|  0|  256|           1|         256|
    |acc_19_fu_2258_p3                  |    select|   0|  0|  256|           1|         256|
    |acc_1_fu_1772_p3                   |    select|   0|  0|  256|           1|         256|
    |acc_20_fu_2285_p3                  |    select|   0|  0|  256|           1|         256|
    |acc_21_fu_2312_p3                  |    select|   0|  0|  256|           1|         256|
    |acc_22_fu_2339_p3                  |    select|   0|  0|  256|           1|         256|
    |acc_2_fu_1799_p3                   |    select|   0|  0|  256|           1|         256|
    |acc_3_fu_1826_p3                   |    select|   0|  0|  256|           1|         256|
    |acc_4_fu_1853_p3                   |    select|   0|  0|  256|           1|         256|
    |acc_5_fu_1880_p3                   |    select|   0|  0|  256|           1|         256|
    |acc_6_fu_1907_p3                   |    select|   0|  0|  256|           1|         256|
    |acc_7_fu_1934_p3                   |    select|   0|  0|  256|           1|         256|
    |acc_8_fu_1961_p3                   |    select|   0|  0|  256|           1|         256|
    |acc_9_fu_1988_p3                   |    select|   0|  0|  256|           1|         256|
    |acc_fu_1741_p3                     |    select|   0|  0|  255|           1|         255|
    |next_state_fu_2366_p3              |    select|   0|  0|  256|           1|         256|
    |ap_enable_pp0                      |       xor|   0|  0|    2|           1|           2|
    +-----------------------------------+----------+----+---+-----+------------+------------+
    |Total                              |          |   0|  0| 8786|        2558|        7726|
    +-----------------------------------+----------+----+---+-----+------------+------------+

    * Multiplexer: 
    +-----------------------------------+-----+-----------+-----+-----------+
    |                Name               | LUT | Input Size| Bits| Total Bits|
    +-----------------------------------+-----+-----------+-----+-----------+
    |ap_NS_fsm                          |  113|         25|    1|         25|
    |ap_done_int                        |    9|          2|    1|          2|
    |ap_enable_reg_pp0_iter0            |    9|          2|    1|          2|
    |ap_enable_reg_pp0_iter1            |    9|          2|    1|          2|
    |ap_enable_reg_pp0_iter25           |    9|          2|    1|          2|
    |ap_loop_exit_ready_pp0_iter10_reg  |    9|          2|    1|          2|
    |ap_loop_exit_ready_pp0_iter11_reg  |    9|          2|    1|          2|
    |ap_loop_exit_ready_pp0_iter12_reg  |    9|          2|    1|          2|
    |ap_loop_exit_ready_pp0_iter13_reg  |    9|          2|    1|          2|
    |ap_loop_exit_ready_pp0_iter14_reg  |    9|          2|    1|          2|
    |ap_loop_exit_ready_pp0_iter15_reg  |    9|          2|    1|          2|
    |ap_loop_exit_ready_pp0_iter16_reg  |    9|          2|    1|          2|
    |ap_loop_exit_ready_pp0_iter17_reg  |    9|          2|    1|          2|
    |ap_loop_exit_ready_pp0_iter18_reg  |    9|          2|    1|          2|
    |ap_loop_exit_ready_pp0_iter19_reg  |    9|          2|    1|          2|
    |ap_loop_exit_ready_pp0_iter1_reg   |    9|          2|    1|          2|
    |ap_loop_exit_ready_pp0_iter20_reg  |    9|          2|    1|          2|
    |ap_loop_exit_ready_pp0_iter21_reg  |    9|          2|    1|          2|
    |ap_loop_exit_ready_pp0_iter22_reg  |    9|          2|    1|          2|
    |ap_loop_exit_ready_pp0_iter23_reg  |    9|          2|    1|          2|
    |ap_loop_exit_ready_pp0_iter24_reg  |    9|          2|    1|          2|
    |ap_loop_exit_ready_pp0_iter2_reg   |    9|          2|    1|          2|
    |ap_loop_exit_ready_pp0_iter3_reg   |    9|          2|    1|          2|
    |ap_loop_exit_ready_pp0_iter4_reg   |    9|          2|    1|          2|
    |ap_loop_exit_ready_pp0_iter5_reg   |    9|          2|    1|          2|
    |ap_loop_exit_ready_pp0_iter6_reg   |    9|          2|    1|          2|
    |ap_loop_exit_ready_pp0_iter7_reg   |    9|          2|    1|          2|
    |ap_loop_exit_ready_pp0_iter8_reg   |    9|          2|    1|          2|
    |ap_loop_exit_ready_pp0_iter9_reg   |    9|          2|    1|          2|
    |ap_sig_allocacmp_i_1               |    9|          2|    5|         10|
    |gmem_blk_n_AR                      |    9|          2|    1|          2|
    |gmem_blk_n_R                       |    9|          2|    1|          2|
    |grp_fu_700_p0                      |  113|         24|  256|       6144|
    |grp_fu_700_p1                      |  113|         24|  256|       6144|
    |i_fu_254                           |    9|          2|    5|         10|
    |m_axi_gmem_ARADDR                  |  113|         25|   64|       1600|
    |next_state_10_out                  |    9|          2|  256|        512|
    |next_state_11_out                  |    9|          2|  256|        512|
    |next_state_12_out                  |    9|          2|  256|        512|
    |next_state_13_out                  |    9|          2|  256|        512|
    |next_state_14_out                  |    9|          2|  256|        512|
    |next_state_15_out                  |    9|          2|  256|        512|
    |next_state_16_out                  |    9|          2|  256|        512|
    |next_state_17_out                  |    9|          2|  256|        512|
    |next_state_18_out                  |    9|          2|  256|        512|
    |next_state_19_out                  |    9|          2|  256|        512|
    |next_state_1_out                   |    9|          2|  256|        512|
    |next_state_20_out                  |    9|          2|  256|        512|
    |next_state_21_out                  |    9|          2|  256|        512|
    |next_state_22_out                  |    9|          2|  256|        512|
    |next_state_23_out                  |    9|          2|  256|        512|
    |next_state_2_out                   |    9|          2|  256|        512|
    |next_state_3_out                   |    9|          2|  256|        512|
    |next_state_4_out                   |    9|          2|  256|        512|
    |next_state_5_out                   |    9|          2|  256|        512|
    |next_state_6_out                   |    9|          2|  256|        512|
    |next_state_7_out                   |    9|          2|  256|        512|
    |next_state_8_out                   |    9|          2|  256|        512|
    |next_state_9_out                   |    9|          2|  256|        512|
    |next_state_out                     |    9|          2|  256|        512|
    +-----------------------------------+-----+-----------+-----+-----------+
    |Total                              |  956|        210| 6761|      26281|
    +-----------------------------------+-----+-----------+-----+-----------+

    * Register: 
    +-----------------------------------+-----+----+-----+-----------+
    |                Name               |  FF | LUT| Bits| Const Bits|
    +-----------------------------------+-----+----+-----+-----------+
    |acc_10_reg_3641                    |  256|   0|  256|          0|
    |acc_11_reg_3658                    |  256|   0|  256|          0|
    |acc_12_reg_3675                    |  256|   0|  256|          0|
    |acc_13_reg_3692                    |  256|   0|  256|          0|
    |acc_14_reg_3709                    |  256|   0|  256|          0|
    |acc_15_reg_3726                    |  256|   0|  256|          0|
    |acc_16_reg_3743                    |  256|   0|  256|          0|
    |acc_17_reg_3760                    |  256|   0|  256|          0|
    |acc_18_reg_3777                    |  256|   0|  256|          0|
    |acc_19_reg_3794                    |  256|   0|  256|          0|
    |acc_1_reg_3388                     |  256|   0|  256|          0|
    |acc_20_reg_3811                    |  256|   0|  256|          0|
    |acc_21_reg_3828                    |  256|   0|  256|          0|
    |acc_22_reg_3845                    |  256|   0|  256|          0|
    |acc_2_reg_3420                     |  256|   0|  256|          0|
    |acc_3_reg_3452                     |  256|   0|  256|          0|
    |acc_4_reg_3484                     |  256|   0|  256|          0|
    |acc_5_reg_3516                     |  256|   0|  256|          0|
    |acc_6_reg_3548                     |  256|   0|  256|          0|
    |acc_7_reg_3580                     |  256|   0|  256|          0|
    |acc_8_reg_3607                     |  256|   0|  256|          0|
    |acc_9_reg_3624                     |  256|   0|  256|          0|
    |acc_reg_3351                       |  255|   0|  255|          0|
    |add_ln6_10_reg_3651                |  256|   0|  256|          0|
    |add_ln6_11_reg_3668                |  256|   0|  256|          0|
    |add_ln6_12_reg_3685                |  256|   0|  256|          0|
    |add_ln6_13_reg_3702                |  256|   0|  256|          0|
    |add_ln6_14_reg_3719                |  256|   0|  256|          0|
    |add_ln6_15_reg_3736                |  256|   0|  256|          0|
    |add_ln6_16_reg_3753                |  256|   0|  256|          0|
    |add_ln6_17_reg_3770                |  256|   0|  256|          0|
    |add_ln6_18_reg_3787                |  256|   0|  256|          0|
    |add_ln6_19_reg_3804                |  256|   0|  256|          0|
    |add_ln6_1_reg_3408                 |  256|   0|  256|          0|
    |add_ln6_20_reg_3821                |  256|   0|  256|          0|
    |add_ln6_21_reg_3838                |  256|   0|  256|          0|
    |add_ln6_22_reg_3855                |  256|   0|  256|          0|
    |add_ln6_2_reg_3440                 |  256|   0|  256|          0|
    |add_ln6_3_reg_3472                 |  256|   0|  256|          0|
    |add_ln6_4_reg_3504                 |  256|   0|  256|          0|
    |add_ln6_5_reg_3536                 |  256|   0|  256|          0|
    |add_ln6_6_reg_3568                 |  256|   0|  256|          0|
    |add_ln6_7_reg_3600                 |  256|   0|  256|          0|
    |add_ln6_8_reg_3617                 |  256|   0|  256|          0|
    |add_ln6_9_reg_3634                 |  256|   0|  256|          0|
    |add_ln6_reg_3376                   |  256|   0|  256|          0|
    |add_ln73_reg_2679                  |    5|   0|    5|          0|
    |add_ln78_10_reg_2835               |   60|   0|   60|          0|
    |add_ln78_11_reg_2856               |   60|   0|   60|          0|
    |add_ln78_12_reg_2877               |   60|   0|   60|          0|
    |add_ln78_13_reg_2898               |   60|   0|   60|          0|
    |add_ln78_14_reg_2919               |   60|   0|   60|          0|
    |add_ln78_15_reg_2945               |   60|   0|   60|          0|
    |add_ln78_16_reg_2971               |   60|   0|   60|          0|
    |add_ln78_17_reg_2997               |   60|   0|   60|          0|
    |add_ln78_18_reg_3023               |   60|   0|   60|          0|
    |add_ln78_19_reg_3049               |   60|   0|   60|          0|
    |add_ln78_1_reg_2726                |   60|   0|   60|          0|
    |add_ln78_20_reg_3075               |   60|   0|   60|          0|
    |add_ln78_21_reg_3101               |   60|   0|   60|          0|
    |add_ln78_22_reg_3127               |   60|   0|   60|          0|
    |add_ln78_23_reg_3132               |   60|   0|   60|          0|
    |add_ln78_2_reg_2737                |   60|   0|   60|          0|
    |add_ln78_3_reg_2748                |   60|   0|   60|          0|
    |add_ln78_4_reg_2759                |   60|   0|   60|          0|
    |add_ln78_5_reg_2770                |   60|   0|   60|          0|
    |add_ln78_6_reg_2781                |   60|   0|   60|          0|
    |add_ln78_7_reg_2792                |   60|   0|   60|          0|
    |add_ln78_8_reg_2803                |   60|   0|   60|          0|
    |add_ln78_9_reg_2819                |   60|   0|   60|          0|
    |add_ln78_reg_2715                  |   60|   0|   60|          0|
    |ap_CS_fsm                          |   24|   0|   24|          0|
    |ap_done_reg                        |    1|   0|    1|          0|
    |ap_enable_reg_pp0_iter0_reg        |    1|   0|    1|          0|
    |ap_enable_reg_pp0_iter1            |    1|   0|    1|          0|
    |ap_enable_reg_pp0_iter10           |    1|   0|    1|          0|
    |ap_enable_reg_pp0_iter11           |    1|   0|    1|          0|
    |ap_enable_reg_pp0_iter12           |    1|   0|    1|          0|
    |ap_enable_reg_pp0_iter13           |    1|   0|    1|          0|
    |ap_enable_reg_pp0_iter14           |    1|   0|    1|          0|
    |ap_enable_reg_pp0_iter15           |    1|   0|    1|          0|
    |ap_enable_reg_pp0_iter16           |    1|   0|    1|          0|
    |ap_enable_reg_pp0_iter17           |    1|   0|    1|          0|
    |ap_enable_reg_pp0_iter18           |    1|   0|    1|          0|
    |ap_enable_reg_pp0_iter19           |    1|   0|    1|          0|
    |ap_enable_reg_pp0_iter2            |    1|   0|    1|          0|
    |ap_enable_reg_pp0_iter20           |    1|   0|    1|          0|
    |ap_enable_reg_pp0_iter21           |    1|   0|    1|          0|
    |ap_enable_reg_pp0_iter22           |    1|   0|    1|          0|
    |ap_enable_reg_pp0_iter23           |    1|   0|    1|          0|
    |ap_enable_reg_pp0_iter24           |    1|   0|    1|          0|
    |ap_enable_reg_pp0_iter25           |    1|   0|    1|          0|
    |ap_enable_reg_pp0_iter3            |    1|   0|    1|          0|
    |ap_enable_reg_pp0_iter4            |    1|   0|    1|          0|
    |ap_enable_reg_pp0_iter5            |    1|   0|    1|          0|
    |ap_enable_reg_pp0_iter6            |    1|   0|    1|          0|
    |ap_enable_reg_pp0_iter7            |    1|   0|    1|          0|
    |ap_enable_reg_pp0_iter8            |    1|   0|    1|          0|
    |ap_enable_reg_pp0_iter9            |    1|   0|    1|          0|
    |ap_loop_exit_ready_pp0_iter10_reg  |    1|   0|    1|          0|
    |ap_loop_exit_ready_pp0_iter11_reg  |    1|   0|    1|          0|
    |ap_loop_exit_ready_pp0_iter12_reg  |    1|   0|    1|          0|
    |ap_loop_exit_ready_pp0_iter13_reg  |    1|   0|    1|          0|
    |ap_loop_exit_ready_pp0_iter14_reg  |    1|   0|    1|          0|
    |ap_loop_exit_ready_pp0_iter15_reg  |    1|   0|    1|          0|
    |ap_loop_exit_ready_pp0_iter16_reg  |    1|   0|    1|          0|
    |ap_loop_exit_ready_pp0_iter17_reg  |    1|   0|    1|          0|
    |ap_loop_exit_ready_pp0_iter18_reg  |    1|   0|    1|          0|
    |ap_loop_exit_ready_pp0_iter19_reg  |    1|   0|    1|          0|
    |ap_loop_exit_ready_pp0_iter1_reg   |    1|   0|    1|          0|
    |ap_loop_exit_ready_pp0_iter20_reg  |    1|   0|    1|          0|
    |ap_loop_exit_ready_pp0_iter21_reg  |    1|   0|    1|          0|
    |ap_loop_exit_ready_pp0_iter22_reg  |    1|   0|    1|          0|
    |ap_loop_exit_ready_pp0_iter23_reg  |    1|   0|    1|          0|
    |ap_loop_exit_ready_pp0_iter24_reg  |    1|   0|    1|          0|
    |ap_loop_exit_ready_pp0_iter2_reg   |    1|   0|    1|          0|
    |ap_loop_exit_ready_pp0_iter3_reg   |    1|   0|    1|          0|
    |ap_loop_exit_ready_pp0_iter4_reg   |    1|   0|    1|          0|
    |ap_loop_exit_ready_pp0_iter5_reg   |    1|   0|    1|          0|
    |ap_loop_exit_ready_pp0_iter6_reg   |    1|   0|    1|          0|
    |ap_loop_exit_ready_pp0_iter7_reg   |    1|   0|    1|          0|
    |ap_loop_exit_ready_pp0_iter8_reg   |    1|   0|    1|          0|
    |ap_loop_exit_ready_pp0_iter9_reg   |    1|   0|    1|          0|
    |ap_predicate_pred2084_state601     |    1|   0|    1|          0|
    |ap_predicate_pred2087_state601     |    1|   0|    1|          0|
    |ap_predicate_pred2091_state601     |    1|   0|    1|          0|
    |ap_predicate_pred2095_state601     |    1|   0|    1|          0|
    |ap_predicate_pred2099_state601     |    1|   0|    1|          0|
    |ap_predicate_pred2103_state601     |    1|   0|    1|          0|
    |ap_predicate_pred2107_state601     |    1|   0|    1|          0|
    |ap_predicate_pred2111_state601     |    1|   0|    1|          0|
    |ap_predicate_pred2115_state601     |    1|   0|    1|          0|
    |ap_predicate_pred2119_state601     |    1|   0|    1|          0|
    |ap_predicate_pred2123_state601     |    1|   0|    1|          0|
    |ap_predicate_pred2127_state601     |    1|   0|    1|          0|
    |ap_predicate_pred2131_state601     |    1|   0|    1|          0|
    |ap_predicate_pred2135_state601     |    1|   0|    1|          0|
    |ap_predicate_pred2139_state601     |    1|   0|    1|          0|
    |ap_predicate_pred2143_state601     |    1|   0|    1|          0|
    |ap_predicate_pred2147_state601     |    1|   0|    1|          0|
    |ap_predicate_pred2151_state601     |    1|   0|    1|          0|
    |ap_predicate_pred2155_state601     |    1|   0|    1|          0|
    |ap_predicate_pred2159_state601     |    1|   0|    1|          0|
    |ap_predicate_pred2163_state601     |    1|   0|    1|          0|
    |ap_predicate_pred2167_state601     |    1|   0|    1|          0|
    |ap_predicate_pred2171_state601     |    1|   0|    1|          0|
    |ap_predicate_pred2173_state601     |    1|   0|    1|          0|
    |gmem_addr_10_read_reg_3038         |  256|   0|  256|          0|
    |gmem_addr_11_read_reg_3064         |  256|   0|  256|          0|
    |gmem_addr_12_read_reg_3090         |  256|   0|  256|          0|
    |gmem_addr_13_read_reg_3116         |  256|   0|  256|          0|
    |gmem_addr_14_read_reg_3147         |  256|   0|  256|          0|
    |gmem_addr_15_read_reg_3168         |  256|   0|  256|          0|
    |gmem_addr_16_read_reg_3189         |  256|   0|  256|          0|
    |gmem_addr_17_read_reg_3204         |  256|   0|  256|          0|
    |gmem_addr_18_read_reg_3219         |  256|   0|  256|          0|
    |gmem_addr_19_read_reg_3234         |  256|   0|  256|          0|
    |gmem_addr_1_read_reg_2824          |  256|   0|  256|          0|
    |gmem_addr_20_read_reg_3249         |  256|   0|  256|          0|
    |gmem_addr_21_read_reg_3264         |  256|   0|  256|          0|
    |gmem_addr_22_read_reg_3279         |  256|   0|  256|          0|
    |gmem_addr_23_read_reg_3294         |  256|   0|  256|          0|
    |gmem_addr_2_read_reg_2845          |  256|   0|  256|          0|
    |gmem_addr_3_read_reg_2866          |  256|   0|  256|          0|
    |gmem_addr_4_read_reg_2887          |  256|   0|  256|          0|
    |gmem_addr_5_read_reg_2908          |  256|   0|  256|          0|
    |gmem_addr_6_read_reg_2934          |  256|   0|  256|          0|
    |gmem_addr_7_read_reg_2960          |  256|   0|  256|          0|
    |gmem_addr_8_read_reg_2986          |  256|   0|  256|          0|
    |gmem_addr_9_read_reg_3012          |  256|   0|  256|          0|
    |gmem_addr_read_reg_2808            |  256|   0|  256|          0|
    |i_1_reg_2671                       |    5|   0|    5|          0|
    |i_fu_254                           |    5|   0|    5|          0|
    |icmp_ln73_reg_2675                 |    1|   0|    1|          0|
    |mul_10_reg_3137                    |  512|   0|  512|          0|
    |mul_11_reg_3158                    |  512|   0|  512|          0|
    |mul_12_reg_3179                    |  512|   0|  512|          0|
    |mul_13_reg_3194                    |  512|   0|  512|          0|
    |mul_14_reg_3209                    |  512|   0|  512|          0|
    |mul_15_reg_3224                    |  512|   0|  512|          0|
    |mul_16_reg_3239                    |  512|   0|  512|          0|
    |mul_17_reg_3254                    |  512|   0|  512|          0|
    |mul_18_reg_3269                    |  512|   0|  512|          0|
    |mul_19_reg_3284                    |  512|   0|  512|          0|
    |mul_20_reg_3299                    |  512|   0|  512|          0|
    |mul_21_reg_3309                    |  512|   0|  512|          0|
    |mul_22_reg_3319                    |  512|   0|  512|          0|
    |mul_23_reg_3324                    |  512|   0|  512|          0|
    |mul_24_reg_3329                    |  512|   0|  512|          0|
    |mul_25_reg_3334                    |  512|   0|  512|          0|
    |mul_3_reg_2950                     |  512|   0|  512|          0|
    |mul_4_reg_2976                     |  512|   0|  512|          0|
    |mul_5_reg_3002                     |  512|   0|  512|          0|
    |mul_6_reg_3028                     |  512|   0|  512|          0|
    |mul_7_reg_3054                     |  512|   0|  512|          0|
    |mul_8_reg_3080                     |  512|   0|  512|          0|
    |mul_9_reg_3106                     |  512|   0|  512|          0|
    |mul_reg_2924                       |  511|   0|  511|          0|
    |prod_10_reg_3457                   |  256|   0|  256|          0|
    |prod_11_reg_3467                   |  256|   0|  256|          0|
    |prod_12_reg_3479                   |  256|   0|  256|          0|
    |prod_13_reg_3489                   |  256|   0|  256|          0|
    |prod_13_reg_3489_pp0_iter23_reg    |  256|   0|  256|          0|
    |prod_14_reg_3499                   |  256|   0|  256|          0|
    |prod_14_reg_3499_pp0_iter23_reg    |  256|   0|  256|          0|
    |prod_15_reg_3511                   |  256|   0|  256|          0|
    |prod_15_reg_3511_pp0_iter23_reg    |  256|   0|  256|          0|
    |prod_16_reg_3521                   |  256|   0|  256|          0|
    |prod_16_reg_3521_pp0_iter23_reg    |  256|   0|  256|          0|
    |prod_17_reg_3531                   |  256|   0|  256|          0|
    |prod_17_reg_3531_pp0_iter23_reg    |  256|   0|  256|          0|
    |prod_18_reg_3543                   |  256|   0|  256|          0|
    |prod_18_reg_3543_pp0_iter23_reg    |  256|   0|  256|          0|
    |prod_19_reg_3553                   |  256|   0|  256|          0|
    |prod_19_reg_3553_pp0_iter23_reg    |  256|   0|  256|          0|
    |prod_1_reg_3356                    |  256|   0|  256|          0|
    |prod_20_reg_3563                   |  256|   0|  256|          0|
    |prod_20_reg_3563_pp0_iter23_reg    |  256|   0|  256|          0|
    |prod_21_reg_3575                   |  256|   0|  256|          0|
    |prod_21_reg_3575_pp0_iter23_reg    |  256|   0|  256|          0|
    |prod_22_reg_3585                   |  256|   0|  256|          0|
    |prod_22_reg_3585_pp0_iter24_reg    |  256|   0|  256|          0|
    |prod_23_reg_3595                   |  256|   0|  256|          0|
    |prod_23_reg_3595_pp0_iter24_reg    |  256|   0|  256|          0|
    |prod_2_reg_3371                    |  256|   0|  256|          0|
    |prod_3_reg_3383                    |  256|   0|  256|          0|
    |prod_4_reg_3393                    |  256|   0|  256|          0|
    |prod_5_reg_3403                    |  256|   0|  256|          0|
    |prod_6_reg_3415                    |  256|   0|  256|          0|
    |prod_7_reg_3425                    |  256|   0|  256|          0|
    |prod_8_reg_3435                    |  256|   0|  256|          0|
    |prod_9_reg_3447                    |  256|   0|  256|          0|
    |prod_reg_3339                      |  255|   0|  255|          0|
    |sext_ln50_cast_reg_2644            |   60|   0|   60|          0|
    |sext_ln73_reg_2695                 |   57|   0|   60|          3|
    |sub_ln73_reg_2684                  |    8|   0|   11|          3|
    |trunc_ln78_reg_3344                |  255|   0|  255|          0|
    |zext_ln15_10_cast_reg_2599         |  256|   0|  512|        256|
    |zext_ln15_11_cast_reg_2594         |  256|   0|  512|        256|
    |zext_ln15_12_cast_reg_2589         |  256|   0|  512|        256|
    |zext_ln15_13_cast_reg_2584         |  256|   0|  512|        256|
    |zext_ln15_14_cast_reg_2579         |  256|   0|  512|        256|
    |zext_ln15_15_cast_reg_2574         |  256|   0|  512|        256|
    |zext_ln15_16_cast_reg_2569         |  256|   0|  512|        256|
    |zext_ln15_17_cast_reg_2564         |  256|   0|  512|        256|
    |zext_ln15_18_cast_reg_2559         |  256|   0|  512|        256|
    |zext_ln15_19_cast_reg_2554         |  256|   0|  512|        256|
    |zext_ln15_20_cast_reg_2549         |  256|   0|  512|        256|
    |zext_ln15_21_cast_reg_2544         |  256|   0|  512|        256|
    |zext_ln15_22_cast_reg_2539         |  256|   0|  512|        256|
    |zext_ln15_23_cast_reg_2534         |  256|   0|  512|        256|
    |zext_ln15_24_cast_reg_2529         |  256|   0|  512|        256|
    |zext_ln15_25_cast_reg_2524         |  256|   0|  512|        256|
    |zext_ln15_3_cast_reg_2634          |  256|   0|  512|        256|
    |zext_ln15_4_cast_reg_2629          |  256|   0|  512|        256|
    |zext_ln15_5_cast_reg_2624          |  256|   0|  512|        256|
    |zext_ln15_6_cast_reg_2619          |  256|   0|  512|        256|
    |zext_ln15_7_cast_reg_2614          |  256|   0|  512|        256|
    |zext_ln15_8_cast_reg_2609          |  256|   0|  512|        256|
    |zext_ln15_9_cast_reg_2604          |  256|   0|  512|        256|
    |zext_ln15_cast_reg_2639            |  255|   0|  511|        256|
    |i_1_reg_2671                       |   64|  32|    5|          0|
    |icmp_ln73_reg_2675                 |   64|  32|    1|          0|
    +-----------------------------------+-----+----+-----+-----------+
    |Total                              |47371|  64|53399|       6150|
    +-----------------------------------+-----+----+-----+-----------+



================================================================
== Interface
================================================================
* Summary: 
+--------------------------+-----+-----+------------+-------------------------------+--------------+
|         RTL Ports        | Dir | Bits|  Protocol  |         Source Object         |    C Type    |
+--------------------------+-----+-----+------------+-------------------------------+--------------+
|ap_clk                    |   in|    1|  ap_ctrl_hs|  poseidon_top_Pipeline_mds_row|  return value|
|ap_rst                    |   in|    1|  ap_ctrl_hs|  poseidon_top_Pipeline_mds_row|  return value|
|ap_start                  |   in|    1|  ap_ctrl_hs|  poseidon_top_Pipeline_mds_row|  return value|
|ap_done                   |  out|    1|  ap_ctrl_hs|  poseidon_top_Pipeline_mds_row|  return value|
|ap_idle                   |  out|    1|  ap_ctrl_hs|  poseidon_top_Pipeline_mds_row|  return value|
|ap_ready                  |  out|    1|  ap_ctrl_hs|  poseidon_top_Pipeline_mds_row|  return value|
|m_axi_gmem_AWVALID        |  out|    1|       m_axi|                           gmem|       pointer|
|m_axi_gmem_AWREADY        |   in|    1|       m_axi|                           gmem|       pointer|
|m_axi_gmem_AWADDR         |  out|   64|       m_axi|                           gmem|       pointer|
|m_axi_gmem_AWID           |  out|    1|       m_axi|                           gmem|       pointer|
|m_axi_gmem_AWLEN          |  out|   32|       m_axi|                           gmem|       pointer|
|m_axi_gmem_AWSIZE         |  out|    3|       m_axi|                           gmem|       pointer|
|m_axi_gmem_AWBURST        |  out|    2|       m_axi|                           gmem|       pointer|
|m_axi_gmem_AWLOCK         |  out|    2|       m_axi|                           gmem|       pointer|
|m_axi_gmem_AWCACHE        |  out|    4|       m_axi|                           gmem|       pointer|
|m_axi_gmem_AWPROT         |  out|    3|       m_axi|                           gmem|       pointer|
|m_axi_gmem_AWQOS          |  out|    4|       m_axi|                           gmem|       pointer|
|m_axi_gmem_AWREGION       |  out|    4|       m_axi|                           gmem|       pointer|
|m_axi_gmem_AWUSER         |  out|    1|       m_axi|                           gmem|       pointer|
|m_axi_gmem_WVALID         |  out|    1|       m_axi|                           gmem|       pointer|
|m_axi_gmem_WREADY         |   in|    1|       m_axi|                           gmem|       pointer|
|m_axi_gmem_WDATA          |  out|  256|       m_axi|                           gmem|       pointer|
|m_axi_gmem_WSTRB          |  out|   32|       m_axi|                           gmem|       pointer|
|m_axi_gmem_WLAST          |  out|    1|       m_axi|                           gmem|       pointer|
|m_axi_gmem_WID            |  out|    1|       m_axi|                           gmem|       pointer|
|m_axi_gmem_WUSER          |  out|    1|       m_axi|                           gmem|       pointer|
|m_axi_gmem_ARVALID        |  out|    1|       m_axi|                           gmem|       pointer|
|m_axi_gmem_ARREADY        |   in|    1|       m_axi|                           gmem|       pointer|
|m_axi_gmem_ARADDR         |  out|   64|       m_axi|                           gmem|       pointer|
|m_axi_gmem_ARID           |  out|    1|       m_axi|                           gmem|       pointer|
|m_axi_gmem_ARLEN          |  out|   32|       m_axi|                           gmem|       pointer|
|m_axi_gmem_ARSIZE         |  out|    3|       m_axi|                           gmem|       pointer|
|m_axi_gmem_ARBURST        |  out|    2|       m_axi|                           gmem|       pointer|
|m_axi_gmem_ARLOCK         |  out|    2|       m_axi|                           gmem|       pointer|
|m_axi_gmem_ARCACHE        |  out|    4|       m_axi|                           gmem|       pointer|
|m_axi_gmem_ARPROT         |  out|    3|       m_axi|                           gmem|       pointer|
|m_axi_gmem_ARQOS          |  out|    4|       m_axi|                           gmem|       pointer|
|m_axi_gmem_ARREGION       |  out|    4|       m_axi|                           gmem|       pointer|
|m_axi_gmem_ARUSER         |  out|    1|       m_axi|                           gmem|       pointer|
|m_axi_gmem_RVALID         |   in|    1|       m_axi|                           gmem|       pointer|
|m_axi_gmem_RREADY         |  out|    1|       m_axi|                           gmem|       pointer|
|m_axi_gmem_RDATA          |   in|  256|       m_axi|                           gmem|       pointer|
|m_axi_gmem_RLAST          |   in|    1|       m_axi|                           gmem|       pointer|
|m_axi_gmem_RID            |   in|    1|       m_axi|                           gmem|       pointer|
|m_axi_gmem_RFIFONUM       |   in|    9|       m_axi|                           gmem|       pointer|
|m_axi_gmem_RUSER          |   in|    1|       m_axi|                           gmem|       pointer|
|m_axi_gmem_RRESP          |   in|    2|       m_axi|                           gmem|       pointer|
|m_axi_gmem_BVALID         |   in|    1|       m_axi|                           gmem|       pointer|
|m_axi_gmem_BREADY         |  out|    1|       m_axi|                           gmem|       pointer|
|m_axi_gmem_BRESP          |   in|    2|       m_axi|                           gmem|       pointer|
|m_axi_gmem_BID            |   in|    1|       m_axi|                           gmem|       pointer|
|m_axi_gmem_BUSER          |   in|    1|       m_axi|                           gmem|       pointer|
|sext_ln50                 |   in|   59|     ap_none|                      sext_ln50|        scalar|
|zext_ln15                 |   in|  255|     ap_none|                      zext_ln15|        scalar|
|zext_ln15_3               |   in|  256|     ap_none|                    zext_ln15_3|        scalar|
|zext_ln15_4               |   in|  256|     ap_none|                    zext_ln15_4|        scalar|
|zext_ln15_5               |   in|  256|     ap_none|                    zext_ln15_5|        scalar|
|zext_ln15_6               |   in|  256|     ap_none|                    zext_ln15_6|        scalar|
|zext_ln15_7               |   in|  256|     ap_none|                    zext_ln15_7|        scalar|
|zext_ln15_8               |   in|  256|     ap_none|                    zext_ln15_8|        scalar|
|zext_ln15_9               |   in|  256|     ap_none|                    zext_ln15_9|        scalar|
|zext_ln15_10              |   in|  256|     ap_none|                   zext_ln15_10|        scalar|
|zext_ln15_11              |   in|  256|     ap_none|                   zext_ln15_11|        scalar|
|zext_ln15_12              |   in|  256|     ap_none|                   zext_ln15_12|        scalar|
|zext_ln15_13              |   in|  256|     ap_none|                   zext_ln15_13|        scalar|
|zext_ln15_14              |   in|  256|     ap_none|                   zext_ln15_14|        scalar|
|zext_ln15_15              |   in|  256|     ap_none|                   zext_ln15_15|        scalar|
|zext_ln15_16              |   in|  256|     ap_none|                   zext_ln15_16|        scalar|
|zext_ln15_17              |   in|  256|     ap_none|                   zext_ln15_17|        scalar|
|zext_ln15_18              |   in|  256|     ap_none|                   zext_ln15_18|        scalar|
|zext_ln15_19              |   in|  256|     ap_none|                   zext_ln15_19|        scalar|
|zext_ln15_20              |   in|  256|     ap_none|                   zext_ln15_20|        scalar|
|zext_ln15_21              |   in|  256|     ap_none|                   zext_ln15_21|        scalar|
|zext_ln15_22              |   in|  256|     ap_none|                   zext_ln15_22|        scalar|
|zext_ln15_23              |   in|  256|     ap_none|                   zext_ln15_23|        scalar|
|zext_ln15_24              |   in|  256|     ap_none|                   zext_ln15_24|        scalar|
|zext_ln15_25              |   in|  256|     ap_none|                   zext_ln15_25|        scalar|
|next_state_23_out         |  out|  256|      ap_vld|              next_state_23_out|       pointer|
|next_state_23_out_ap_vld  |  out|    1|      ap_vld|              next_state_23_out|       pointer|
|next_state_22_out         |  out|  256|      ap_vld|              next_state_22_out|       pointer|
|next_state_22_out_ap_vld  |  out|    1|      ap_vld|              next_state_22_out|       pointer|
|next_state_21_out         |  out|  256|      ap_vld|              next_state_21_out|       pointer|
|next_state_21_out_ap_vld  |  out|    1|      ap_vld|              next_state_21_out|       pointer|
|next_state_20_out         |  out|  256|      ap_vld|              next_state_20_out|       pointer|
|next_state_20_out_ap_vld  |  out|    1|      ap_vld|              next_state_20_out|       pointer|
|next_state_19_out         |  out|  256|      ap_vld|              next_state_19_out|       pointer|
|next_state_19_out_ap_vld  |  out|    1|      ap_vld|              next_state_19_out|       pointer|
|next_state_18_out         |  out|  256|      ap_vld|              next_state_18_out|       pointer|
|next_state_18_out_ap_vld  |  out|    1|      ap_vld|              next_state_18_out|       pointer|
|next_state_17_out         |  out|  256|      ap_vld|              next_state_17_out|       pointer|
|next_state_17_out_ap_vld  |  out|    1|      ap_vld|              next_state_17_out|       pointer|
|next_state_16_out         |  out|  256|      ap_vld|              next_state_16_out|       pointer|
|next_state_16_out_ap_vld  |  out|    1|      ap_vld|              next_state_16_out|       pointer|
|next_state_15_out         |  out|  256|      ap_vld|              next_state_15_out|       pointer|
|next_state_15_out_ap_vld  |  out|    1|      ap_vld|              next_state_15_out|       pointer|
|next_state_14_out         |  out|  256|      ap_vld|              next_state_14_out|       pointer|
|next_state_14_out_ap_vld  |  out|    1|      ap_vld|              next_state_14_out|       pointer|
|next_state_13_out         |  out|  256|      ap_vld|              next_state_13_out|       pointer|
|next_state_13_out_ap_vld  |  out|    1|      ap_vld|              next_state_13_out|       pointer|
|next_state_12_out         |  out|  256|      ap_vld|              next_state_12_out|       pointer|
|next_state_12_out_ap_vld  |  out|    1|      ap_vld|              next_state_12_out|       pointer|
|next_state_11_out         |  out|  256|      ap_vld|              next_state_11_out|       pointer|
|next_state_11_out_ap_vld  |  out|    1|      ap_vld|              next_state_11_out|       pointer|
|next_state_10_out         |  out|  256|      ap_vld|              next_state_10_out|       pointer|
|next_state_10_out_ap_vld  |  out|    1|      ap_vld|              next_state_10_out|       pointer|
|next_state_9_out          |  out|  256|      ap_vld|               next_state_9_out|       pointer|
|next_state_9_out_ap_vld   |  out|    1|      ap_vld|               next_state_9_out|       pointer|
|next_state_8_out          |  out|  256|      ap_vld|               next_state_8_out|       pointer|
|next_state_8_out_ap_vld   |  out|    1|      ap_vld|               next_state_8_out|       pointer|
|next_state_7_out          |  out|  256|      ap_vld|               next_state_7_out|       pointer|
|next_state_7_out_ap_vld   |  out|    1|      ap_vld|               next_state_7_out|       pointer|
|next_state_6_out          |  out|  256|      ap_vld|               next_state_6_out|       pointer|
|next_state_6_out_ap_vld   |  out|    1|      ap_vld|               next_state_6_out|       pointer|
|next_state_5_out          |  out|  256|      ap_vld|               next_state_5_out|       pointer|
|next_state_5_out_ap_vld   |  out|    1|      ap_vld|               next_state_5_out|       pointer|
|next_state_4_out          |  out|  256|      ap_vld|               next_state_4_out|       pointer|
|next_state_4_out_ap_vld   |  out|    1|      ap_vld|               next_state_4_out|       pointer|
|next_state_3_out          |  out|  256|      ap_vld|               next_state_3_out|       pointer|
|next_state_3_out_ap_vld   |  out|    1|      ap_vld|               next_state_3_out|       pointer|
|next_state_2_out          |  out|  256|      ap_vld|               next_state_2_out|       pointer|
|next_state_2_out_ap_vld   |  out|    1|      ap_vld|               next_state_2_out|       pointer|
|next_state_1_out          |  out|  256|      ap_vld|               next_state_1_out|       pointer|
|next_state_1_out_ap_vld   |  out|    1|      ap_vld|               next_state_1_out|       pointer|
|next_state_out            |  out|  256|      ap_vld|                 next_state_out|       pointer|
|next_state_out_ap_vld     |  out|    1|      ap_vld|                 next_state_out|       pointer|
+--------------------------+-----+-----+------------+-------------------------------+--------------+

