

================================================================
== Vitis HLS Report for 'poseidon_top_Pipeline_VITIS_LOOP_92_3'
================================================================
* Date:           Wed May  6 11:50:39 2026

* Version:        2023.2 (Build 4023990 on Oct 11 2023)
* Project:        poseidon_hls
* Solution:       solution1 (Vivado IP Flow Target)
* Product family: zynq
* Target device:  xc7z020-clg484-1


================================================================
== Performance Estimates
================================================================
+ Timing: 
    * Summary: 
    +--------+----------+----------+------------+
    |  Clock |  Target  | Estimated| Uncertainty|
    +--------+----------+----------+------------+
    |ap_clk  |  10.00 ns|  4.956 ns|     2.70 ns|
    +--------+----------+----------+------------+

+ Latency: 
    * Summary: 
    +---------+---------+----------+----------+-----+-----+---------+
    |  Latency (cycles) |  Latency (absolute) |  Interval | Pipeline|
    |   min   |   max   |    min   |    max   | min | max |   Type  |
    +---------+---------+----------+----------+-----+-----+---------+
    |       26|       26|  0.260 us|  0.260 us|   26|   26|       no|
    +---------+---------+----------+----------+-----+-----+---------+

    + Detail: 
        * Instance: 
        N/A

        * Loop: 
        +-------------------+---------+---------+----------+-----------+-----------+------+----------+
        |                   |  Latency (cycles) | Iteration|  Initiation Interval  | Trip |          |
        |     Loop Name     |   min   |   max   |  Latency |  achieved |   target  | Count| Pipelined|
        +-------------------+---------+---------+----------+-----------+-----------+------+----------+
        |- VITIS_LOOP_92_3  |       24|       24|         2|          1|          1|    24|       yes|
        +-------------------+---------+---------+----------+-----------+-----------+------+----------+



================================================================
== Utilization Estimates
================================================================
* Summary: 
+-----------------+---------+-----+--------+-------+-----+
|       Name      | BRAM_18K| DSP |   FF   |  LUT  | URAM|
+-----------------+---------+-----+--------+-------+-----+
|DSP              |        -|    -|       -|      -|    -|
|Expression       |        -|    -|       0|     45|    -|
|FIFO             |        -|    -|       -|      -|    -|
|Instance         |        -|    -|       0|    113|    -|
|Memory           |        -|    -|       -|      -|    -|
|Multiplexer      |        -|    -|       -|     45|    -|
|Register         |        -|    -|     265|      -|    -|
+-----------------+---------+-----+--------+-------+-----+
|Total            |        0|    0|     265|    203|    0|
+-----------------+---------+-----+--------+-------+-----+
|Available        |      280|  220|  106400|  53200|    0|
+-----------------+---------+-----+--------+-------+-----+
|Utilization (%)  |        0|    0|      ~0|     ~0|    0|
+-----------------+---------+-----+--------+-------+-----+

+ Detail: 
    * Instance: 
    +-----------------------------+------------------------+---------+----+---+-----+-----+
    |           Instance          |         Module         | BRAM_18K| DSP| FF| LUT | URAM|
    +-----------------------------+------------------------+---------+----+---+-----+-----+
    |sparsemux_49_5_256_1_1_U194  |sparsemux_49_5_256_1_1  |        0|   0|  0|  113|    0|
    +-----------------------------+------------------------+---------+----+---+-----+-----+
    |Total                        |                        |        0|   0|  0|  113|    0|
    +-----------------------------+------------------------+---------+----+---+-----+-----+

    * DSP: 
    N/A

    * Memory: 
    N/A

    * FIFO: 
    N/A

    * Expression: 
    +---------------------------+----------+----+---+----+------------+------------+
    |       Variable Name       | Operation| DSP| FF| LUT| Bitwidth P0| Bitwidth P1|
    +---------------------------+----------+----+---+----+------------+------------+
    |add_ln92_fu_305_p2         |         +|   0|  0|  13|           5|           1|
    |ap_block_pp0_stage0_01001  |       and|   0|  0|   2|           1|           1|
    |ap_block_pp0_stage0_11001  |       and|   0|  0|   2|           1|           1|
    |icmp_ln92_fu_299_p2        |      icmp|   0|  0|  13|           5|           5|
    |out_val_last_fu_415_p2     |      icmp|   0|  0|  13|           5|           5|
    |ap_enable_pp0              |       xor|   0|  0|   2|           1|           2|
    +---------------------------+----------+----+---+----+------------+------------+
    |Total                      |          |   0|  0|  45|          18|          15|
    +---------------------------+----------+----+---+----+------------+------------+

    * Multiplexer: 
    +-------------------------+----+-----------+-----+-----------+
    |           Name          | LUT| Input Size| Bits| Total Bits|
    +-------------------------+----+-----------+-----+-----------+
    |ap_done_int              |   9|          2|    1|          2|
    |ap_enable_reg_pp0_iter1  |   9|          2|    1|          2|
    |ap_sig_allocacmp_i       |   9|          2|    5|         10|
    |i_1_fu_136               |   9|          2|    5|         10|
    |out_stream_TDATA_blk_n   |   9|          2|    1|          2|
    +-------------------------+----+-----------+-----+-----------+
    |Total                    |  45|         10|   13|         26|
    +-------------------------+----+-----------+-----+-----------+

    * Register: 
    +-------------------------+-----+----+-----+-----------+
    |           Name          |  FF | LUT| Bits| Const Bits|
    +-------------------------+-----+----+-----+-----------+
    |ap_CS_fsm                |    1|   0|    1|          0|
    |ap_done_reg              |    1|   0|    1|          0|
    |ap_enable_reg_pp0_iter1  |    1|   0|    1|          0|
    |i_1_fu_136               |    5|   0|    5|          0|
    |out_val_data_reg_453     |  256|   0|  256|          0|
    |out_val_last_reg_458     |    1|   0|    1|          0|
    +-------------------------+-----+----+-----+-----------+
    |Total                    |  265|   0|  265|          0|
    +-------------------------+-----+----+-----+-----------+



================================================================
== Interface
================================================================
* Summary: 
+-------------------+-----+-----+------------+---------------------------------------+--------------+
|     RTL Ports     | Dir | Bits|  Protocol  |             Source Object             |    C Type    |
+-------------------+-----+-----+------------+---------------------------------------+--------------+
|ap_clk             |   in|    1|  ap_ctrl_hs|  poseidon_top_Pipeline_VITIS_LOOP_92_3|  return value|
|ap_rst             |   in|    1|  ap_ctrl_hs|  poseidon_top_Pipeline_VITIS_LOOP_92_3|  return value|
|ap_start           |   in|    1|  ap_ctrl_hs|  poseidon_top_Pipeline_VITIS_LOOP_92_3|  return value|
|ap_done            |  out|    1|  ap_ctrl_hs|  poseidon_top_Pipeline_VITIS_LOOP_92_3|  return value|
|ap_idle            |  out|    1|  ap_ctrl_hs|  poseidon_top_Pipeline_VITIS_LOOP_92_3|  return value|
|ap_ready           |  out|    1|  ap_ctrl_hs|  poseidon_top_Pipeline_VITIS_LOOP_92_3|  return value|
|out_stream_TREADY  |   in|    1|        axis|                             out_stream|       pointer|
|out_stream_TDATA   |  out|  512|        axis|                             out_stream|       pointer|
|out_stream_TVALID  |  out|    1|        axis|                             out_stream|       pointer|
|p_0_0_01942        |   in|  256|     ap_none|                            p_0_0_01942|        scalar|
|p_0_0_011_144      |   in|  256|     ap_none|                          p_0_0_011_144|        scalar|
|p_0_0_011_246      |   in|  256|     ap_none|                          p_0_0_011_246|        scalar|
|p_0_0_011_348      |   in|  256|     ap_none|                          p_0_0_011_348|        scalar|
|p_0_0_011_450      |   in|  256|     ap_none|                          p_0_0_011_450|        scalar|
|p_0_0_011_552      |   in|  256|     ap_none|                          p_0_0_011_552|        scalar|
|p_0_0_011_654      |   in|  256|     ap_none|                          p_0_0_011_654|        scalar|
|p_0_0_011_756      |   in|  256|     ap_none|                          p_0_0_011_756|        scalar|
|p_0_0_011_858      |   in|  256|     ap_none|                          p_0_0_011_858|        scalar|
|p_0_0_011_960      |   in|  256|     ap_none|                          p_0_0_011_960|        scalar|
|p_0_0_011_1062     |   in|  256|     ap_none|                         p_0_0_011_1062|        scalar|
|p_0_0_011_1164     |   in|  256|     ap_none|                         p_0_0_011_1164|        scalar|
|p_0_0_011_1266     |   in|  256|     ap_none|                         p_0_0_011_1266|        scalar|
|p_0_0_011_1368     |   in|  256|     ap_none|                         p_0_0_011_1368|        scalar|
|p_0_0_011_1470     |   in|  256|     ap_none|                         p_0_0_011_1470|        scalar|
|p_0_0_011_1572     |   in|  256|     ap_none|                         p_0_0_011_1572|        scalar|
|p_0_0_011_1674     |   in|  256|     ap_none|                         p_0_0_011_1674|        scalar|
|p_0_0_011_1776     |   in|  256|     ap_none|                         p_0_0_011_1776|        scalar|
|p_0_0_011_1878     |   in|  256|     ap_none|                         p_0_0_011_1878|        scalar|
|p_0_0_011_1980     |   in|  256|     ap_none|                         p_0_0_011_1980|        scalar|
|p_0_0_011_2082     |   in|  256|     ap_none|                         p_0_0_011_2082|        scalar|
|p_0_0_011_2184     |   in|  256|     ap_none|                         p_0_0_011_2184|        scalar|
|p_0_0_011_2286     |   in|  256|     ap_none|                         p_0_0_011_2286|        scalar|
|p_0_0_011_2388     |   in|  256|     ap_none|                         p_0_0_011_2388|        scalar|
+-------------------+-----+-----+------------+---------------------------------------+--------------+

