

================================================================
== Vitis HLS Report for 'sbox_quintic'
================================================================
* Date:           Wed May  6 11:50:37 2026

* Version:        2023.2 (Build 4023990 on Oct 11 2023)
* Project:        poseidon_hls
* Solution:       solution1 (Vivado IP Flow Target)
* Product family: zynq
* Target device:  xc7z020-clg484-1


================================================================
== Performance Estimates
================================================================
+ Timing: 
    * Summary: 
    +--------+----------+----------+------------+
    |  Clock |  Target  | Estimated| Uncertainty|
    +--------+----------+----------+------------+
    |ap_clk  |  10.00 ns|  6.978 ns|     2.70 ns|
    +--------+----------+----------+------------+

+ Latency: 
    * Summary: 
    +---------+---------+-----------+-----------+------+------+---------+
    |  Latency (cycles) |   Latency (absolute)  |   Interval  | Pipeline|
    |   min   |   max   |    min    |    max    |  min |  max |   Type  |
    +---------+---------+-----------+-----------+------+------+---------+
    |     1559|     1559|  15.590 us|  15.590 us|  1559|  1559|       no|
    +---------+---------+-----------+-----------+------+------+---------+

    + Detail: 
        * Instance: 
        N/A

        * Loop: 
        N/A



================================================================
== Utilization Estimates
================================================================
* Summary: 
+-----------------+---------+-----+--------+-------+-----+
|       Name      | BRAM_18K| DSP |   FF   |  LUT  | URAM|
+-----------------+---------+-----+--------+-------+-----+
|DSP              |        -|    -|       -|      -|    -|
|Expression       |        -|    -|       -|      -|    -|
|FIFO             |        -|    -|       -|      -|    -|
|Instance         |        -|  915|    3660|   2175|    -|
|Memory           |        -|    -|       -|      -|    -|
|Multiplexer      |        -|    -|       -|   2702|    -|
|Register         |        -|    -|    4368|      -|    -|
+-----------------+---------+-----+--------+-------+-----+
|Total            |        0|  915|    8028|   4877|    0|
+-----------------+---------+-----+--------+-------+-----+
|Available        |      280|  220|  106400|  53200|    0|
+-----------------+---------+-----+--------+-------+-----+
|Utilization (%)  |        0|  415|       7|      9|    0|
+-----------------+---------+-----+--------+-------+-----+

+ Detail: 
    * Instance: 
    +------------------------------------+--------------------------------+---------+-----+-----+-----+-----+
    |              Instance              |             Module             | BRAM_18K| DSP |  FF | LUT | URAM|
    +------------------------------------+--------------------------------+---------+-----+-----+-----+-----+
    |mul_256ns_256ns_511_5_1_U26         |mul_256ns_256ns_511_5_1         |        0|  225|  441|  256|    0|
    |mul_256ns_256ns_512_5_1_U27         |mul_256ns_256ns_512_5_1         |        0|  225|  441|  256|    0|
    |mul_510s_510s_510_5_1_U28           |mul_510s_510s_510_5_1           |        0|  465|  441|  256|    0|
    |urem_510ns_256ns_510_514_seq_1_U30  |urem_510ns_256ns_510_514_seq_1  |        0|    0|  779|  469|    0|
    |urem_511ns_256ns_255_515_seq_1_U31  |urem_511ns_256ns_255_515_seq_1  |        0|    0|  779|  469|    0|
    |urem_512ns_256ns_510_516_seq_1_U29  |urem_512ns_256ns_510_516_seq_1  |        0|    0|  779|  469|    0|
    +------------------------------------+--------------------------------+---------+-----+-----+-----+-----+
    |Total                               |                                |        0|  915| 3660| 2175|    0|
    +------------------------------------+--------------------------------+---------+-----+-----+-----+-----+

    * DSP: 
    N/A

    * Memory: 
    N/A

    * FIFO: 
    N/A

    * Expression: 
    N/A

    * Multiplexer: 
    +-----------+------+-----------+-----+-----------+
    |    Name   |  LUT | Input Size| Bits| Total Bits|
    +-----------+------+-----------+-----+-----------+
    |ap_NS_fsm  |  2693|       1561|    1|       1561|
    |ap_return  |     9|          2|  255|        510|
    +-----------+------+-----------+-----+-----------+
    |Total      |  2702|       1563|  256|       2071|
    +-----------+------+-----------+-----+-----------+

    * Register: 
    +----------------+------+----+------+-----------+
    |      Name      |  FF  | LUT| Bits | Const Bits|
    +----------------+------+----+------+-----------+
    |ap_CS_fsm       |  1560|   0|  1560|          0|
    |ap_return_preg  |   255|   0|   255|          0|
    |mul_1_reg_93    |   510|   0|   510|          0|
    |mul_2_reg_113   |   511|   0|   511|          0|
    |mul_reg_77      |   512|   0|   512|          0|
    |x2_reg_82       |   510|   0|   510|          0|
    |x4_reg_98       |   510|   0|   510|          0|
    +----------------+------+----+------+-----------+
    |Total           |  4368|   0|  4368|          0|
    +----------------+------+----+------+-----------+



================================================================
== Interface
================================================================
* Summary: 
+-----------+-----+-----+------------+--------------+--------------+
| RTL Ports | Dir | Bits|  Protocol  | Source Object|    C Type    |
+-----------+-----+-----+------------+--------------+--------------+
|ap_clk     |   in|    1|  ap_ctrl_hs|  sbox_quintic|  return value|
|ap_rst     |   in|    1|  ap_ctrl_hs|  sbox_quintic|  return value|
|ap_start   |   in|    1|  ap_ctrl_hs|  sbox_quintic|  return value|
|ap_done    |  out|    1|  ap_ctrl_hs|  sbox_quintic|  return value|
|ap_idle    |  out|    1|  ap_ctrl_hs|  sbox_quintic|  return value|
|ap_ready   |  out|    1|  ap_ctrl_hs|  sbox_quintic|  return value|
|ap_return  |  out|  255|  ap_ctrl_hs|  sbox_quintic|  return value|
|x_val      |   in|  256|     ap_none|         x_val|        scalar|
+-----------+-----+-----+------------+--------------+--------------+

